[1/2] Building CXX object CMakeFiles/Mereni_hladiny.dir/App/Packet.cpp.obj
FAILED: [code=1] CMakeFiles/Mereni_hladiny.dir/App/Packet.cpp.obj 
C:\PROGRA~2\GNUARM~1\102021~1.10\bin\AR10B2~1.EXE -DCORE_CM4 -DDEBUG -DSTM32WL55xx -DUSE_HAL_DRIVER -DUSE_NUCLEO_64 -ID:/Mereni_hladiy/cmake/stm32cubemx/../../Core/Inc -ID:/Mereni_hladiy/cmake/stm32cubemx/../../Core/Src -ID:/Mereni_hladiy/cmake/stm32cubemx/../../App -ID:/Mereni_hladiy/cmake/stm32cubemx/../../SubGHz_Phy/App -ID:/Mereni_hladiy/cmake/stm32cubemx/../../SubGHz_Phy/Target -ID:/Mereni_hladiy/cmake/stm32cubemx/../../Utilities/trace/adv_trace -ID:/Mereni_hladiy/cmake/stm32cubemx/../../Drivers/STM32WLxx_HAL_Driver/Inc -ID:/Mereni_hladiy/cmake/stm32cubemx/../../Drivers/STM32WLxx_HAL_Driver/Inc/Legacy -ID:/Mereni_hladiy/cmake/stm32cubemx/../../Utilities/misc -ID:/Mereni_hladiy/cmake/stm32cubemx/../../Utilities/sequencer -ID:/Mereni_hladiy/cmake/stm32cubemx/../../Utilities/timer -ID:/Mereni_hladiy/cmake/stm32cubemx/../../Utilities/lpm/tiny_lpm -ID:/Mereni_hladiy/cmake/stm32cubemx/../../Drivers/BSP/STM32WLxx_Nucleo -ID:/Mereni_hladiy/cmake/stm32cubemx/../../Drivers/CMSIS/Device/ST/STM32WLxx/Include -ID:/Mereni_hladiy/cmake/stm32cubemx/../../Middlewares/Third_Party/SubGHz_Phy/radio_driver -ID:/Mereni_hladiy/cmake/stm32cubemx/../../Drivers/CMSIS/Include -mcpu=cortex-m4 -mthumb -mfloat-abi=soft  -Wall -fdata-sections -ffunction-sections -fstack-usage -fno-rtti -fno-exceptions -fno-threadsafe-statics -O0 -g3 -std=c++2a -MD -MT CMakeFiles/Mereni_hladiny.dir/App/Packet.cpp.obj -MF CMakeFiles\Mereni_hladiny.dir\App\Packet.cpp.obj.d -o CMakeFiles/Mereni_hladiny.dir/App/Packet.cpp.obj -c D:/Mereni_hladiy/App/Packet.cpp
In file included from d:\mereni_hladiy\drivers\cmsis\include\core_cm4.h:1960,
                 from d:\mereni_hladiy\drivers\cmsis\device\st\stm32wlxx\include\stm32wl55xx.h:210,
                 from d:\mereni_hladiy\drivers\cmsis\device\st\stm32wlxx\include\stm32wlxx.h:100,
                 from d:\mereni_hladiy\drivers\stm32wlxx_hal_driver\inc\stm32wlxx_hal_def.h:29,
                 from d:\mereni_hladiy\drivers\stm32wlxx_hal_driver\inc\stm32wlxx_hal_dma.h:28,
                 from d:\mereni_hladiy\core\inc\stm32wlxx_hal_conf.h:193,
                 from d:\mereni_hladiy\drivers\stm32wlxx_hal_driver\inc\stm32wlxx_hal.h:29,
                 from d:\mereni_hladiy\core\inc\main.h:30,
                 from d:\mereni_hladiy\core\inc\crc.h:29,
                 from D:/Mereni_hladiy/App/Packet.cpp:9:
d:\mereni_hladiy\drivers\cmsis\include\mpu_armv7.h: In function 'void ARM_MPU_Enable(uint32_t)':
d:\mereni_hladiy\drivers\cmsis\include\mpu_armv7.h:196:14: warning: compound assignment with 'volatile'-qualified left operand is deprecated [-Wvolatile]
  196 |   SCB->SHCSR |= SCB_SHCSR_MEMFAULTENA_Msk;
d:\mereni_hladiy\drivers\cmsis\include\mpu_armv7.h: In function 'void ARM_MPU_Disable()':
d:\mereni_hladiy\drivers\cmsis\include\mpu_armv7.h:208:14: warning: compound assignment with 'volatile'-qualified left operand is deprecated [-Wvolatile]
  208 |   SCB->SHCSR &= ~SCB_SHCSR_MEMFAULTENA_Msk;
d:\mereni_hladiy\drivers\cmsis\include\mpu_armv7.h:210:14: warning: compound assignment with 'volatile'-qualified left operand is deprecated [-Wvolatile]
  210 |   MPU->CTRL  &= ~MPU_CTRL_ENABLE_Msk;
In file included from d:\mereni_hladiy\drivers\stm32wlxx_hal_driver\inc\stm32wlxx_hal_def.h:29,
                 from d:\mereni_hladiy\drivers\stm32wlxx_hal_driver\inc\stm32wlxx_hal_dma.h:28,
                 from d:\mereni_hladiy\core\inc\stm32wlxx_hal_conf.h:193,
                 from d:\mereni_hladiy\drivers\stm32wlxx_hal_driver\inc\stm32wlxx_hal.h:29,
                 from d:\mereni_hladiy\core\inc\main.h:30,
                 from d:\mereni_hladiy\core\inc\crc.h:29,
                 from D:/Mereni_hladiy/App/Packet.cpp:9:
d:\mereni_hladiy\drivers\stm32wlxx_hal_driver\inc\stm32wlxx_ll_dmamux.h: In function 'void LL_DMAMUX_EnableEventGeneration(const DMAMUX_Channel_TypeDef*, uint32_t)':
d:\mereni_hladiy\drivers\cmsis\device\st\stm32wlxx\include\stm32wlxx.h:147:38: warning: compound assignment with 'volatile'-qualified left operand is deprecated [-Wvolatile]
  147 | #define SET_BIT(REG, BIT)     ((REG) |= (BIT))
      |                                ~~~~~~^~~~~~~~
d:\mereni_hladiy\drivers\stm32wlxx_hal_driver\inc\stm32wlxx_ll_dmamux.h:626:3: note: in expansion of macro 'SET_BIT'
  626 |   SET_BIT((DMAMUX1_Channel0 + Channel)->CCR, DMAMUX_CxCR_EGE);
      |   ^~~~~~~
d:\mereni_hladiy\drivers\stm32wlxx_hal_driver\inc\stm32wlxx_ll_dmamux.h: In function 'void LL_DMAMUX_DisableEventGeneration(const DMAMUX_Channel_TypeDef*, uint32_t)':
d:\mereni_hladiy\drivers\cmsis\device\st\stm32wlxx\include\stm32wlxx.h:149:38: warning: compound assignment with 'volatile'-qualified left operand is deprecated [-Wvolatile]
  149 | #define CLEAR_BIT(REG, BIT)   ((REG) &= ~(BIT))
      |                                ~~~~~~^~~~~~~~~
d:\mereni_hladiy\drivers\stm32wlxx_hal_driver\inc\stm32wlxx_ll_dmamux.h:655:3: note: in expansion of macro 'CLEAR_BIT'
  655 |   CLEAR_BIT((DMAMUX1_Channel0 + Channel)->CCR, DMAMUX_CxCR_EGE);
      |   ^~~~~~~~~
d:\mereni_hladiy\drivers\stm32wlxx_hal_driver\inc\stm32wlxx_ll_dmamux.h: In function 'void LL_DMAMUX_EnableSync(const DMAMUX_Channel_TypeDef*, uint32_t)':
d:\mereni_hladiy\drivers\cmsis\device\st\stm32wlxx\include\stm32wlxx.h:147:38: warning: compound assignment with 'volatile'-qualified left operand is deprecated [-Wvolatile]
  147 | #define SET_BIT(REG, BIT)     ((REG) |= (BIT))
      |                                ~~~~~~^~~~~~~~
d:\mereni_hladiy\drivers\stm32wlxx_hal_driver\inc\stm32wlxx_ll_dmamux.h:713:3: note: in expansion of macro 'SET_BIT'
  713 |   SET_BIT((DMAMUX1_Channel0 + Channel)->CCR, DMAMUX_CxCR_SE);
      |   ^~~~~~~
d:\mereni_hladiy\drivers\stm32wlxx_hal_driver\inc\stm32wlxx_ll_dmamux.h: In function 'void LL_DMAMUX_DisableSync(const DMAMUX_Channel_TypeDef*, uint32_t)':
d:\mereni_hladiy\drivers\cmsis\device\st\stm32wlxx\include\stm32wlxx.h:149:38: warning: compound assignment with 'volatile'-qualified left operand is deprecated [-Wvolatile]
  149 | #define CLEAR_BIT(REG, BIT)   ((REG) &= ~(BIT))
      |                                ~~~~~~^~~~~~~~~
d:\mereni_hladiy\drivers\stm32wlxx_hal_driver\inc\stm32wlxx_ll_dmamux.h:742:3: note: in expansion of macro 'CLEAR_BIT'
  742 |   CLEAR_BIT((DMAMUX1_Channel0 + Channel)->CCR, DMAMUX_CxCR_SE);
      |   ^~~~~~~~~
d:\mereni_hladiy\drivers\stm32wlxx_hal_driver\inc\stm32wlxx_ll_dmamux.h: In function 'void LL_DMAMUX_EnableRequestGen(const DMAMUX_Channel_TypeDef*, uint32_t)':
d:\mereni_hladiy\drivers\cmsis\device\st\stm32wlxx\include\stm32wlxx.h:147:38: warning: compound assignment with 'volatile'-qualified left operand is deprecated [-Wvolatile]
  147 | #define SET_BIT(REG, BIT)     ((REG) |= (BIT))
      |                                ~~~~~~^~~~~~~~
d:\mereni_hladiy\drivers\stm32wlxx_hal_driver\inc\stm32wlxx_ll_dmamux.h:889:3: note: in expansion of macro 'SET_BIT'
  889 |   SET_BIT(((DMAMUX_RequestGen_TypeDef *)((uint32_t)((uint32_t)DMAMUX1_RequestGenerator0 + (DMAMUX_RGCR_SIZE *
      |   ^~~~~~~
d:\mereni_hladiy\drivers\stm32wlxx_hal_driver\inc\stm32wlxx_ll_dmamux.h: In function 'void LL_DMAMUX_DisableRequestGen(const DMAMUX_Channel_TypeDef*, uint32_t)':
d:\mereni_hladiy\drivers\cmsis\device\st\stm32wlxx\include\stm32wlxx.h:149:38: warning: compound assignment with 'volatile'-qualified left operand is deprecated [-Wvolatile]
  149 | #define CLEAR_BIT(REG, BIT)   ((REG) &= ~(BIT))
      |                                ~~~~~~^~~~~~~~~
d:\mereni_hladiy\drivers\stm32wlxx_hal_driver\inc\stm32wlxx_ll_dmamux.h:907:3: note: in expansion of macro 'CLEAR_BIT'
  907 |   CLEAR_BIT(((DMAMUX_RequestGen_TypeDef *)((uint32_t)((uint32_t)DMAMUX1_RequestGenerator0 + (DMAMUX_RGCR_SIZE *
      |   ^~~~~~~~~
d:\mereni_hladiy\drivers\stm32wlxx_hal_driver\inc\stm32wlxx_ll_dmamux.h: In function 'void LL_DMAMUX_ClearFlag_SO0(const DMAMUX_Channel_TypeDef*)':
d:\mereni_hladiy\drivers\cmsis\device\st\stm32wlxx\include\stm32wlxx.h:147:38: warning: compound assignment with 'volatile'-qualified left operand is deprecated [-Wvolatile]
  147 | #define SET_BIT(REG, BIT)     ((REG) |= (BIT))
      |                                ~~~~~~^~~~~~~~
d:\mereni_hladiy\drivers\stm32wlxx_hal_driver\inc\stm32wlxx_ll_dmamux.h:1327:3: note: in expansion of macro 'SET_BIT'
 1327 |   SET_BIT(DMAMUX1_ChannelStatus->CFR, DMAMUX_CFR_CSOF0);
      |   ^~~~~~~
d:\mereni_hladiy\drivers\stm32wlxx_hal_driver\inc\stm32wlxx_ll_dmamux.h: In function 'void LL_DMAMUX_ClearFlag_SO1(const DMAMUX_Channel_TypeDef*)':
d:\mereni_hladiy\drivers\cmsis\device\st\stm32wlxx\include\stm32wlxx.h:147:38: warning: compound assignment with 'volatile'-qualified left operand is deprecated [-Wvolatile]
  147 | #define SET_BIT(REG, BIT)     ((REG) |= (BIT))
      |                                ~~~~~~^~~~~~~~
d:\mereni_hladiy\drivers\stm32wlxx_hal_driver\inc\stm32wlxx_ll_dmamux.h:1339:3: note: in expansion of macro 'SET_BIT'
 1339 |   SET_BIT(DMAMUX1_ChannelStatus->CFR, DMAMUX_CFR_CSOF1);
      |   ^~~~~~~
d:\mereni_hladiy\drivers\stm32wlxx_hal_driver\inc\stm32wlxx_ll_dmamux.h: In function 'void LL_DMAMUX_ClearFlag_SO2(const DMAMUX_Channel_TypeDef*)':
d:\mereni_hladiy\drivers\cmsis\device\st\stm32wlxx\include\stm32wlxx.h:147:38: warning: compound assignment with 'volatile'-qualified left operand is deprecated [-Wvolatile]
  147 | #define SET_BIT(REG, BIT)     ((REG) |= (BIT))
      |                                ~~~~~~^~~~~~~~
d:\mereni_hladiy\drivers\stm32wlxx_hal_driver\inc\stm32wlxx_ll_dmamux.h:1351:3: note: in expansion of macro 'SET_BIT'
 1351 |   SET_BIT(DMAMUX1_ChannelStatus->CFR, DMAMUX_CFR_CSOF2);
      |   ^~~~~~~
d:\mereni_hladiy\drivers\stm32wlxx_hal_driver\inc\stm32wlxx_ll_dmamux.h: In function 'void LL_DMAMUX_ClearFlag_SO3(const DMAMUX_Channel_TypeDef*)':
d:\mereni_hladiy\drivers\cmsis\device\st\stm32wlxx\include\stm32wlxx.h:147:38: warning: compound assignment with 'volatile'-qualified left operand is deprecated [-Wvolatile]
  147 | #define SET_BIT(REG, BIT)     ((REG) |= (BIT))
      |                                ~~~~~~^~~~~~~~
d:\mereni_hladiy\drivers\stm32wlxx_hal_driver\inc\stm32wlxx_ll_dmamux.h:1363:3: note: in expansion of macro 'SET_BIT'
 1363 |   SET_BIT(DMAMUX1_ChannelStatus->CFR, DMAMUX_CFR_CSOF3);
      |   ^~~~~~~
d:\mereni_hladiy\drivers\stm32wlxx_hal_driver\inc\stm32wlxx_ll_dmamux.h: In function 'void LL_DMAMUX_ClearFlag_SO4(const DMAMUX_Channel_TypeDef*)':
d:\mereni_hladiy\drivers\cmsis\device\st\stm32wlxx\include\stm32wlxx.h:147:38: warning: compound assignment with 'volatile'-qualified left operand is deprecated [-Wvolatile]
  147 | #define SET_BIT(REG, BIT)     ((REG) |= (BIT))
      |                                ~~~~~~^~~~~~~~
d:\mereni_hladiy\drivers\stm32wlxx_hal_driver\inc\stm32wlxx_ll_dmamux.h:1375:3: note: in expansion of macro 'SET_BIT'
 1375 |   SET_BIT(DMAMUX1_ChannelStatus->CFR, DMAMUX_CFR_CSOF4);
      |   ^~~~~~~
d:\mereni_hladiy\drivers\stm32wlxx_hal_driver\inc\stm32wlxx_ll_dmamux.h: In function 'void LL_DMAMUX_ClearFlag_SO5(const DMAMUX_Channel_TypeDef*)':
d:\mereni_hladiy\drivers\cmsis\device\st\stm32wlxx\include\stm32wlxx.h:147:38: warning: compound assignment with 'volatile'-qualified left operand is deprecated [-Wvolatile]
  147 | #define SET_BIT(REG, BIT)     ((REG) |= (BIT))
      |                                ~~~~~~^~~~~~~~
d:\mereni_hladiy\drivers\stm32wlxx_hal_driver\inc\stm32wlxx_ll_dmamux.h:1387:3: note: in expansion of macro 'SET_BIT'
 1387 |   SET_BIT(DMAMUX1_ChannelStatus->CFR, DMAMUX_CFR_CSOF5);
      |   ^~~~~~~
d:\mereni_hladiy\drivers\stm32wlxx_hal_driver\inc\stm32wlxx_ll_dmamux.h: In function 'void LL_DMAMUX_ClearFlag_SO6(const DMAMUX_Channel_TypeDef*)':
d:\mereni_hladiy\drivers\cmsis\device\st\stm32wlxx\include\stm32wlxx.h:147:38: warning: compound assignment with 'volatile'-qualified left operand is deprecated [-Wvolatile]
  147 | #define SET_BIT(REG, BIT)     ((REG) |= (BIT))
      |                                ~~~~~~^~~~~~~~
d:\mereni_hladiy\drivers\stm32wlxx_hal_driver\inc\stm32wlxx_ll_dmamux.h:1399:3: note: in expansion of macro 'SET_BIT'
 1399 |   SET_BIT(DMAMUX1_ChannelStatus->CFR, DMAMUX_CFR_CSOF6);
      |   ^~~~~~~
d:\mereni_hladiy\drivers\stm32wlxx_hal_driver\inc\stm32wlxx_ll_dmamux.h: In function 'void LL_DMAMUX_ClearFlag_SO7(const DMAMUX_Channel_TypeDef*)':
d:\mereni_hladiy\drivers\cmsis\device\st\stm32wlxx\include\stm32wlxx.h:147:38: warning: compound assignment with 'volatile'-qualified left operand is deprecated [-Wvolatile]
  147 | #define SET_BIT(REG, BIT)     ((REG) |= (BIT))
      |                                ~~~~~~^~~~~~~~
d:\mereni_hladiy\drivers\stm32wlxx_hal_driver\inc\stm32wlxx_ll_dmamux.h:1411:3: note: in expansion of macro 'SET_BIT'
 1411 |   SET_BIT(DMAMUX1_ChannelStatus->CFR, DMAMUX_CFR_CSOF7);
      |   ^~~~~~~
d:\mereni_hladiy\drivers\stm32wlxx_hal_driver\inc\stm32wlxx_ll_dmamux.h: In function 'void LL_DMAMUX_ClearFlag_SO8(const DMAMUX_Channel_TypeDef*)':
d:\mereni_hladiy\drivers\cmsis\device\st\stm32wlxx\include\stm32wlxx.h:147:38: warning: compound assignment with 'volatile'-qualified left operand is deprecated [-Wvolatile]
  147 | #define SET_BIT(REG, BIT)     ((REG) |= (BIT))
      |                                ~~~~~~^~~~~~~~
d:\mereni_hladiy\drivers\stm32wlxx_hal_driver\inc\stm32wlxx_ll_dmamux.h:1423:3: note: in expansion of macro 'SET_BIT'
 1423 |   SET_BIT(DMAMUX1_ChannelStatus->CFR, DMAMUX_CFR_CSOF8);
      |   ^~~~~~~
d:\mereni_hladiy\drivers\stm32wlxx_hal_driver\inc\stm32wlxx_ll_dmamux.h: In function 'void LL_DMAMUX_ClearFlag_SO9(const DMAMUX_Channel_TypeDef*)':
d:\mereni_hladiy\drivers\cmsis\device\st\stm32wlxx\include\stm32wlxx.h:147:38: warning: compound assignment with 'volatile'-qualified left operand is deprecated [-Wvolatile]
  147 | #define SET_BIT(REG, BIT)     ((REG) |= (BIT))
      |                                ~~~~~~^~~~~~~~
d:\mereni_hladiy\drivers\stm32wlxx_hal_driver\inc\stm32wlxx_ll_dmamux.h:1435:3: note: in expansion of macro 'SET_BIT'
 1435 |   SET_BIT(DMAMUX1_ChannelStatus->CFR, DMAMUX_CFR_CSOF9);
      |   ^~~~~~~
d:\mereni_hladiy\drivers\stm32wlxx_hal_driver\inc\stm32wlxx_ll_dmamux.h: In function 'void LL_DMAMUX_ClearFlag_SO10(const DMAMUX_Channel_TypeDef*)':
d:\mereni_hladiy\drivers\cmsis\device\st\stm32wlxx\include\stm32wlxx.h:147:38: warning: compound assignment with 'volatile'-qualified left operand is deprecated [-Wvolatile]
  147 | #define SET_BIT(REG, BIT)     ((REG) |= (BIT))
      |                                ~~~~~~^~~~~~~~
d:\mereni_hladiy\drivers\stm32wlxx_hal_driver\inc\stm32wlxx_ll_dmamux.h:1447:3: note: in expansion of macro 'SET_BIT'
 1447 |   SET_BIT(DMAMUX1_ChannelStatus->CFR, DMAMUX_CFR_CSOF10);
      |   ^~~~~~~
d:\mereni_hladiy\drivers\stm32wlxx_hal_driver\inc\stm32wlxx_ll_dmamux.h: In function 'void LL_DMAMUX_ClearFlag_SO11(const DMAMUX_Channel_TypeDef*)':
d:\mereni_hladiy\drivers\cmsis\device\st\stm32wlxx\include\stm32wlxx.h:147:38: warning: compound assignment with 'volatile'-qualified left operand is deprecated [-Wvolatile]
  147 | #define SET_BIT(REG, BIT)     ((REG) |= (BIT))
      |                                ~~~~~~^~~~~~~~
d:\mereni_hladiy\drivers\stm32wlxx_hal_driver\inc\stm32wlxx_ll_dmamux.h:1459:3: note: in expansion of macro 'SET_BIT'
 1459 |   SET_BIT(DMAMUX1_ChannelStatus->CFR, DMAMUX_CFR_CSOF11);
      |   ^~~~~~~
d:\mereni_hladiy\drivers\stm32wlxx_hal_driver\inc\stm32wlxx_ll_dmamux.h: In function 'void LL_DMAMUX_ClearFlag_SO12(const DMAMUX_Channel_TypeDef*)':
d:\mereni_hladiy\drivers\cmsis\device\st\stm32wlxx\include\stm32wlxx.h:147:38: warning: compound assignment with 'volatile'-qualified left operand is deprecated [-Wvolatile]
  147 | #define SET_BIT(REG, BIT)     ((REG) |= (BIT))
      |                                ~~~~~~^~~~~~~~
d:\mereni_hladiy\drivers\stm32wlxx_hal_driver\inc\stm32wlxx_ll_dmamux.h:1471:3: note: in expansion of macro 'SET_BIT'
 1471 |   SET_BIT(DMAMUX1_ChannelStatus->CFR, DMAMUX_CFR_CSOF12);
      |   ^~~~~~~
d:\mereni_hladiy\drivers\stm32wlxx_hal_driver\inc\stm32wlxx_ll_dmamux.h: In function 'void LL_DMAMUX_ClearFlag_SO13(const DMAMUX_Channel_TypeDef*)':
d:\mereni_hladiy\drivers\cmsis\device\st\stm32wlxx\include\stm32wlxx.h:147:38: warning: compound assignment with 'volatile'-qualified left operand is deprecated [-Wvolatile]
  147 | #define SET_BIT(REG, BIT)     ((REG) |= (BIT))
      |                                ~~~~~~^~~~~~~~
d:\mereni_hladiy\drivers\stm32wlxx_hal_driver\inc\stm32wlxx_ll_dmamux.h:1483:3: note: in expansion of macro 'SET_BIT'
 1483 |   SET_BIT(DMAMUX1_ChannelStatus->CFR, DMAMUX_CFR_CSOF13);
      |   ^~~~~~~
d:\mereni_hladiy\drivers\stm32wlxx_hal_driver\inc\stm32wlxx_ll_dmamux.h: In function 'void LL_DMAMUX_ClearFlag_RGO0(const DMAMUX_Channel_TypeDef*)':
d:\mereni_hladiy\drivers\cmsis\device\st\stm32wlxx\include\stm32wlxx.h:147:38: warning: compound assignment with 'volatile'-qualified left operand is deprecated [-Wvolatile]
  147 | #define SET_BIT(REG, BIT)     ((REG) |= (BIT))
      |                                ~~~~~~^~~~~~~~
d:\mereni_hladiy\drivers\stm32wlxx_hal_driver\inc\stm32wlxx_ll_dmamux.h:1495:3: note: in expansion of macro 'SET_BIT'
 1495 |   SET_BIT(DMAMUX1_RequestGenStatus->RGCFR, DMAMUX_RGCFR_COF0);
      |   ^~~~~~~
d:\mereni_hladiy\drivers\stm32wlxx_hal_driver\inc\stm32wlxx_ll_dmamux.h: In function 'void LL_DMAMUX_ClearFlag_RGO1(const DMAMUX_Channel_TypeDef*)':
d:\mereni_hladiy\drivers\cmsis\device\st\stm32wlxx\include\stm32wlxx.h:147:38: warning: compound assignment with 'volatile'-qualified left operand is deprecated [-Wvolatile]
  147 | #define SET_BIT(REG, BIT)     ((REG) |= (BIT))
      |                                ~~~~~~^~~~~~~~
d:\mereni_hladiy\drivers\stm32wlxx_hal_driver\inc\stm32wlxx_ll_dmamux.h:1507:3: note: in expansion of macro 'SET_BIT'
 1507 |   SET_BIT(DMAMUX1_RequestGenStatus->RGCFR, DMAMUX_RGCFR_COF1);
      |   ^~~~~~~
d:\mereni_hladiy\drivers\stm32wlxx_hal_driver\inc\stm32wlxx_ll_dmamux.h: In function 'void LL_DMAMUX_ClearFlag_RGO2(const DMAMUX_Channel_TypeDef*)':
d:\mereni_hladiy\drivers\cmsis\device\st\stm32wlxx\include\stm32wlxx.h:147:38: warning: compound assignment with 'volatile'-qualified left operand is deprecated [-Wvolatile]
  147 | #define SET_BIT(REG, BIT)     ((REG) |= (BIT))
      |                                ~~~~~~^~~~~~~~
d:\mereni_hladiy\drivers\stm32wlxx_hal_driver\inc\stm32wlxx_ll_dmamux.h:1519:3: note: in expansion of macro 'SET_BIT'
 1519 |   SET_BIT(DMAMUX1_RequestGenStatus->RGCFR, DMAMUX_RGCFR_COF2);
      |   ^~~~~~~
d:\mereni_hladiy\drivers\stm32wlxx_hal_driver\inc\stm32wlxx_ll_dmamux.h: In function 'void LL_DMAMUX_ClearFlag_RGO3(const DMAMUX_Channel_TypeDef*)':
d:\mereni_hladiy\drivers\cmsis\device\st\stm32wlxx\include\stm32wlxx.h:147:38: warning: compound assignment with 'volatile'-qualified left operand is deprecated [-Wvolatile]
  147 | #define SET_BIT(REG, BIT)     ((REG) |= (BIT))
      |                                ~~~~~~^~~~~~~~
d:\mereni_hladiy\drivers\stm32wlxx_hal_driver\inc\stm32wlxx_ll_dmamux.h:1531:3: note: in expansion of macro 'SET_BIT'
 1531 |   SET_BIT(DMAMUX1_RequestGenStatus->RGCFR, DMAMUX_RGCFR_COF3);
      |   ^~~~~~~
d:\mereni_hladiy\drivers\stm32wlxx_hal_driver\inc\stm32wlxx_ll_dmamux.h: In function 'void LL_DMAMUX_EnableIT_SO(const DMAMUX_Channel_TypeDef*, uint32_t)':
d:\mereni_hladiy\drivers\cmsis\device\st\stm32wlxx\include\stm32wlxx.h:147:38: warning: compound assignment with 'volatile'-qualified left operand is deprecated [-Wvolatile]
  147 | #define SET_BIT(REG, BIT)     ((REG) |= (BIT))
      |                                ~~~~~~^~~~~~~~
d:\mereni_hladiy\drivers\stm32wlxx_hal_driver\inc\stm32wlxx_ll_dmamux.h:1568:3: note: in expansion of macro 'SET_BIT'
 1568 |   SET_BIT((DMAMUX1_Channel0 + Channel)->CCR, DMAMUX_CxCR_SOIE);
      |   ^~~~~~~
d:\mereni_hladiy\drivers\stm32wlxx_hal_driver\inc\stm32wlxx_ll_dmamux.h: In function 'void LL_DMAMUX_DisableIT_SO(const DMAMUX_Channel_TypeDef*, uint32_t)':
d:\mereni_hladiy\drivers\cmsis\device\st\stm32wlxx\include\stm32wlxx.h:149:38: warning: compound assignment with 'volatile'-qualified left operand is deprecated [-Wvolatile]
  149 | #define CLEAR_BIT(REG, BIT)   ((REG) &= ~(BIT))
      |                                ~~~~~~^~~~~~~~~
d:\mereni_hladiy\drivers\stm32wlxx_hal_driver\inc\stm32wlxx_ll_dmamux.h:1597:3: note: in expansion of macro 'CLEAR_BIT'
 1597 |   CLEAR_BIT((DMAMUX1_Channel0 + Channel)->CCR, DMAMUX_CxCR_SOIE);
      |   ^~~~~~~~~
d:\mereni_hladiy\drivers\stm32wlxx_hal_driver\inc\stm32wlxx_ll_dmamux.h: In function 'void LL_DMAMUX_EnableIT_RGO(const DMAMUX_Channel_TypeDef*, uint32_t)':
d:\mereni_hladiy\drivers\cmsis\device\st\stm32wlxx\include\stm32wlxx.h:147:38: warning: compound assignment with 'volatile'-qualified left operand is deprecated [-Wvolatile]
  147 | #define SET_BIT(REG, BIT)     ((REG) |= (BIT))
      |                                ~~~~~~^~~~~~~~
d:\mereni_hladiy\drivers\stm32wlxx_hal_driver\inc\stm32wlxx_ll_dmamux.h:1643:3: note: in expansion of macro 'SET_BIT'
 1643 |   SET_BIT((DMAMUX1_RequestGenerator0 + RequestGenChannel)->RGCR, DMAMUX_RGxCR_OIE);
      |   ^~~~~~~
d:\mereni_hladiy\drivers\stm32wlxx_hal_driver\inc\stm32wlxx_ll_dmamux.h: In function 'void LL_DMAMUX_DisableIT_RGO(const DMAMUX_Channel_TypeDef*, uint32_t)':
d:\mereni_hladiy\drivers\cmsis\device\st\stm32wlxx\include\stm32wlxx.h:149:38: warning: compound assignment with 'volatile'-qualified left operand is deprecated [-Wvolatile]
  149 | #define CLEAR_BIT(REG, BIT)   ((REG) &= ~(BIT))
      |                                ~~~~~~^~~~~~~~~
d:\mereni_hladiy\drivers\stm32wlxx_hal_driver\inc\stm32wlxx_ll_dmamux.h:1660:3: note: in expansion of macro 'CLEAR_BIT'
 1660 |   CLEAR_BIT((DMAMUX1_RequestGenerator0 + RequestGenChannel)->RGCR, DMAMUX_RGxCR_OIE);
      |   ^~~~~~~~~
d:\mereni_hladiy\drivers\stm32wlxx_hal_driver\inc\stm32wlxx_ll_dma.h: In function 'void LL_DMA_EnableChannel(const DMA_TypeDef*, uint32_t)':
d:\mereni_hladiy\drivers\cmsis\device\st\stm32wlxx\include\stm32wlxx.h:147:38: warning: compound assignment with 'volatile'-qualified left operand is deprecated [-Wvolatile]
  147 | #define SET_BIT(REG, BIT)     ((REG) |= (BIT))
      |                                ~~~~~~^~~~~~~~
d:\mereni_hladiy\drivers\stm32wlxx_hal_driver\inc\stm32wlxx_ll_dma.h:488:3: note: in expansion of macro 'SET_BIT'
  488 |   SET_BIT(((DMA_Channel_TypeDef *)(dma_base_addr + CHANNEL_OFFSET_TAB[Channel]))->CCR, DMA_CCR_EN);
      |   ^~~~~~~
d:\mereni_hladiy\drivers\stm32wlxx_hal_driver\inc\stm32wlxx_ll_dma.h: In function 'void LL_DMA_DisableChannel(const DMA_TypeDef*, uint32_t)':
d:\mereni_hladiy\drivers\cmsis\device\st\stm32wlxx\include\stm32wlxx.h:149:38: warning: compound assignment with 'volatile'-qualified left operand is deprecated [-Wvolatile]
  149 | #define CLEAR_BIT(REG, BIT)   ((REG) &= ~(BIT))
      |                                ~~~~~~^~~~~~~~~
d:\mereni_hladiy\drivers\stm32wlxx_hal_driver\inc\stm32wlxx_ll_dma.h:508:3: note: in expansion of macro 'CLEAR_BIT'
  508 |   CLEAR_BIT(((DMA_Channel_TypeDef *)(dma_base_addr + CHANNEL_OFFSET_TAB[Channel]))->CCR, DMA_CCR_EN);
      |   ^~~~~~~~~
d:\mereni_hladiy\drivers\stm32wlxx_hal_driver\inc\stm32wlxx_ll_dma.h: In function 'void LL_DMA_EnableChannelPrivilege(const DMA_TypeDef*, uint32_t)':
d:\mereni_hladiy\drivers\cmsis\device\st\stm32wlxx\include\stm32wlxx.h:147:38: warning: compound assignment with 'volatile'-qualified left operand is deprecated [-Wvolatile]
  147 | #define SET_BIT(REG, BIT)     ((REG) |= (BIT))
      |                                ~~~~~~^~~~~~~~
d:\mereni_hladiy\drivers\stm32wlxx_hal_driver\inc\stm32wlxx_ll_dma.h:1199:3: note: in expansion of macro 'SET_BIT'
 1199 |   SET_BIT(((DMA_Channel_TypeDef *)(dma_base_addr + CHANNEL_OFFSET_TAB[Channel]))->CCR,  DMA_CCR_PRIV);
      |   ^~~~~~~
d:\mereni_hladiy\drivers\stm32wlxx_hal_driver\inc\stm32wlxx_ll_dma.h: In function 'void LL_DMA_DisableChannelPrivilege(const DMA_TypeDef*, uint32_t)':
d:\mereni_hladiy\drivers\cmsis\device\st\stm32wlxx\include\stm32wlxx.h:149:38: warning: compound assignment with 'volatile'-qualified left operand is deprecated [-Wvolatile]
  149 | #define CLEAR_BIT(REG, BIT)   ((REG) &= ~(BIT))
      |                                ~~~~~~^~~~~~~~~
d:\mereni_hladiy\drivers\stm32wlxx_hal_driver\inc\stm32wlxx_ll_dma.h:1219:3: note: in expansion of macro 'CLEAR_BIT'
 1219 |   CLEAR_BIT(((DMA_Channel_TypeDef *)(dma_base_addr + CHANNEL_OFFSET_TAB[Channel]))->CCR,  DMA_CCR_PRIV);
      |   ^~~~~~~~~
d:\mereni_hladiy\drivers\stm32wlxx_hal_driver\inc\stm32wlxx_ll_dma.h: In function 'void LL_DMA_EnableIT_TC(const DMA_TypeDef*, uint32_t)':
d:\mereni_hladiy\drivers\cmsis\device\st\stm32wlxx\include\stm32wlxx.h:147:38: warning: compound assignment with 'volatile'-qualified left operand is deprecated [-Wvolatile]
  147 | #define SET_BIT(REG, BIT)     ((REG) |= (BIT))
      |                                ~~~~~~^~~~~~~~
d:\mereni_hladiy\drivers\stm32wlxx_hal_driver\inc\stm32wlxx_ll_dma.h:2287:3: note: in expansion of macro 'SET_BIT'
 2287 |   SET_BIT(((DMA_Channel_TypeDef *)(dma_base_addr + CHANNEL_OFFSET_TAB[Channel]))->CCR, DMA_CCR_TCIE);
      |   ^~~~~~~
d:\mereni_hladiy\drivers\stm32wlxx_hal_driver\inc\stm32wlxx_ll_dma.h: In function 'void LL_DMA_EnableIT_HT(const DMA_TypeDef*, uint32_t)':
d:\mereni_hladiy\drivers\cmsis\device\st\stm32wlxx\include\stm32wlxx.h:147:38: warning: compound assignment with 'volatile'-qualified left operand is deprecated [-Wvolatile]
  147 | #define SET_BIT(REG, BIT)     ((REG) |= (BIT))
      |                                ~~~~~~^~~~~~~~
d:\mereni_hladiy\drivers\stm32wlxx_hal_driver\inc\stm32wlxx_ll_dma.h:2307:3: note: in expansion of macro 'SET_BIT'
 2307 |   SET_BIT(((DMA_Channel_TypeDef *)(dma_base_addr + CHANNEL_OFFSET_TAB[Channel]))->CCR, DMA_CCR_HTIE);
      |   ^~~~~~~
d:\mereni_hladiy\drivers\stm32wlxx_hal_driver\inc\stm32wlxx_ll_dma.h: In function 'void LL_DMA_EnableIT_TE(const DMA_TypeDef*, uint32_t)':
d:\mereni_hladiy\drivers\cmsis\device\st\stm32wlxx\include\stm32wlxx.h:147:38: warning: compound assignment with 'volatile'-qualified left operand is deprecated [-Wvolatile]
  147 | #define SET_BIT(REG, BIT)     ((REG) |= (BIT))
      |                                ~~~~~~^~~~~~~~
d:\mereni_hladiy\drivers\stm32wlxx_hal_driver\inc\stm32wlxx_ll_dma.h:2327:3: note: in expansion of macro 'SET_BIT'
 2327 |   SET_BIT(((DMA_Channel_TypeDef *)(dma_base_addr + CHANNEL_OFFSET_TAB[Channel]))->CCR, DMA_CCR_TEIE);
      |   ^~~~~~~
d:\mereni_hladiy\drivers\stm32wlxx_hal_driver\inc\stm32wlxx_ll_dma.h: In function 'void LL_DMA_DisableIT_TC(const DMA_TypeDef*, uint32_t)':
d:\mereni_hladiy\drivers\cmsis\device\st\stm32wlxx\include\stm32wlxx.h:149:38: warning: compound assignment with 'volatile'-qualified left operand is deprecated [-Wvolatile]
  149 | #define CLEAR_BIT(REG, BIT)   ((REG) &= ~(BIT))
      |                                ~~~~~~^~~~~~~~~
d:\mereni_hladiy\drivers\stm32wlxx_hal_driver\inc\stm32wlxx_ll_dma.h:2347:3: note: in expansion of macro 'CLEAR_BIT'
 2347 |   CLEAR_BIT(((DMA_Channel_TypeDef *)(dma_base_addr + CHANNEL_OFFSET_TAB[Channel]))->CCR, DMA_CCR_TCIE);
      |   ^~~~~~~~~
d:\mereni_hladiy\drivers\stm32wlxx_hal_driver\inc\stm32wlxx_ll_dma.h: In function 'void LL_DMA_DisableIT_HT(const DMA_TypeDef*, uint32_t)':
d:\mereni_hladiy\drivers\cmsis\device\st\stm32wlxx\include\stm32wlxx.h:149:38: warning: compound assignment with 'volatile'-qualified left operand is deprecated [-Wvolatile]
  149 | #define CLEAR_BIT(REG, BIT)   ((REG) &= ~(BIT))
      |                                ~~~~~~^~~~~~~~~
d:\mereni_hladiy\drivers\stm32wlxx_hal_driver\inc\stm32wlxx_ll_dma.h:2367:3: note: in expansion of macro 'CLEAR_BIT'
 2367 |   CLEAR_BIT(((DMA_Channel_TypeDef *)(dma_base_addr + CHANNEL_OFFSET_TAB[Channel]))->CCR, DMA_CCR_HTIE);
      |   ^~~~~~~~~
d:\mereni_hladiy\drivers\stm32wlxx_hal_driver\inc\stm32wlxx_ll_dma.h: In function 'void LL_DMA_DisableIT_TE(const DMA_TypeDef*, uint32_t)':
d:\mereni_hladiy\drivers\cmsis\device\st\stm32wlxx\include\stm32wlxx.h:149:38: warning: compound assignment with 'volatile'-qualified left operand is deprecated [-Wvolatile]
  149 | #define CLEAR_BIT(REG, BIT)   ((REG) &= ~(BIT))
      |                                ~~~~~~^~~~~~~~~
d:\mereni_hladiy\drivers\stm32wlxx_hal_driver\inc\stm32wlxx_ll_dma.h:2387:3: note: in expansion of macro 'CLEAR_BIT'
 2387 |   CLEAR_BIT(((DMA_Channel_TypeDef *)(dma_base_addr + CHANNEL_OFFSET_TAB[Channel]))->CCR, DMA_CCR_TEIE);
      |   ^~~~~~~~~
d:\mereni_hladiy\drivers\stm32wlxx_hal_driver\inc\stm32wlxx_ll_pwr.h: In function 'void LL_PWR_EnterLowPowerRunMode()':
d:\mereni_hladiy\drivers\cmsis\device\st\stm32wlxx\include\stm32wlxx.h:147:38: warning: compound assignment with 'volatile'-qualified left operand is deprecated [-Wvolatile]
  147 | #define SET_BIT(REG, BIT)     ((REG) |= (BIT))
      |                                ~~~~~~^~~~~~~~
d:\mereni_hladiy\drivers\stm32wlxx_hal_driver\inc\stm32wlxx_ll_pwr.h:344:3: note: in expansion of macro 'SET_BIT'
  344 |   SET_BIT(PWR->CR1, PWR_CR1_LPR);
      |   ^~~~~~~
d:\mereni_hladiy\drivers\stm32wlxx_hal_driver\inc\stm32wlxx_ll_pwr.h: In function 'void LL_PWR_ExitLowPowerRunMode()':
d:\mereni_hladiy\drivers\cmsis\device\st\stm32wlxx\include\stm32wlxx.h:149:38: warning: compound assignment with 'volatile'-qualified left operand is deprecated [-Wvolatile]
  149 | #define CLEAR_BIT(REG, BIT)   ((REG) &= ~(BIT))
      |                                ~~~~~~^~~~~~~~~
d:\mereni_hladiy\drivers\stm32wlxx_hal_driver\inc\stm32wlxx_ll_pwr.h:354:3: note: in expansion of macro 'CLEAR_BIT'
  354 |   CLEAR_BIT(PWR->CR1, PWR_CR1_LPR);
      |   ^~~~~~~~~
d:\mereni_hladiy\drivers\stm32wlxx_hal_driver\inc\stm32wlxx_ll_pwr.h: In function 'void LL_PWR_EnableBkUpAccess()':
d:\mereni_hladiy\drivers\cmsis\device\st\stm32wlxx\include\stm32wlxx.h:147:38: warning: compound assignment with 'volatile'-qualified left operand is deprecated [-Wvolatile]
  147 | #define SET_BIT(REG, BIT)     ((REG) |= (BIT))
      |                                ~~~~~~^~~~~~~~
d:\mereni_hladiy\drivers\stm32wlxx_hal_driver\inc\stm32wlxx_ll_pwr.h:403:3: note: in expansion of macro 'SET_BIT'
  403 |   SET_BIT(PWR->CR1, PWR_CR1_DBP);
      |   ^~~~~~~
d:\mereni_hladiy\drivers\stm32wlxx_hal_driver\inc\stm32wlxx_ll_pwr.h: In function 'void LL_PWR_DisableBkUpAccess()':
d:\mereni_hladiy\drivers\cmsis\device\st\stm32wlxx\include\stm32wlxx.h:149:38: warning: compound assignment with 'volatile'-qualified left operand is deprecated [-Wvolatile]
  149 | #define CLEAR_BIT(REG, BIT)   ((REG) &= ~(BIT))
      |                                ~~~~~~^~~~~~~~~
d:\mereni_hladiy\drivers\stm32wlxx_hal_driver\inc\stm32wlxx_ll_pwr.h:413:3: note: in expansion of macro 'CLEAR_BIT'
  413 |   CLEAR_BIT(PWR->CR1, PWR_CR1_DBP);
      |   ^~~~~~~~~
d:\mereni_hladiy\drivers\stm32wlxx_hal_driver\inc\stm32wlxx_ll_pwr.h: In function 'void LL_PWR_EnablePVM(uint32_t)':
d:\mereni_hladiy\drivers\cmsis\device\st\stm32wlxx\include\stm32wlxx.h:147:38: warning: compound assignment with 'volatile'-qualified left operand is deprecated [-Wvolatile]
  147 | #define SET_BIT(REG, BIT)     ((REG) |= (BIT))
      |                                ~~~~~~^~~~~~~~
d:\mereni_hladiy\drivers\stm32wlxx_hal_driver\inc\stm32wlxx_ll_pwr.h:520:3: note: in expansion of macro 'SET_BIT'
  520 |   SET_BIT(PWR->CR2, PeriphVoltage);
      |   ^~~~~~~
d:\mereni_hladiy\drivers\stm32wlxx_hal_driver\inc\stm32wlxx_ll_pwr.h: In function 'void LL_PWR_DisablePVM(uint32_t)':
d:\mereni_hladiy\drivers\cmsis\device\st\stm32wlxx\include\stm32wlxx.h:149:38: warning: compound assignment with 'volatile'-qualified left operand is deprecated [-Wvolatile]
  149 | #define CLEAR_BIT(REG, BIT)   ((REG) &= ~(BIT))
      |                                ~~~~~~^~~~~~~~~
d:\mereni_hladiy\drivers\stm32wlxx_hal_driver\inc\stm32wlxx_ll_pwr.h:532:3: note: in expansion of macro 'CLEAR_BIT'
  532 |   CLEAR_BIT(PWR->CR2, PeriphVoltage);
      |   ^~~~~~~~~
d:\mereni_hladiy\drivers\stm32wlxx_hal_driver\inc\stm32wlxx_ll_pwr.h: In function 'void LL_PWR_EnablePVD()':
d:\mereni_hladiy\drivers\cmsis\device\st\stm32wlxx\include\stm32wlxx.h:147:38: warning: compound assignment with 'volatile'-qualified left operand is deprecated [-Wvolatile]
  147 | #define SET_BIT(REG, BIT)     ((REG) |= (BIT))
      |                                ~~~~~~^~~~~~~~
d:\mereni_hladiy\drivers\stm32wlxx_hal_driver\inc\stm32wlxx_ll_pwr.h:591:3: note: in expansion of macro 'SET_BIT'
  591 |   SET_BIT(PWR->CR2, PWR_CR2_PVDE);
      |   ^~~~~~~
d:\mereni_hladiy\drivers\stm32wlxx_hal_driver\inc\stm32wlxx_ll_pwr.h: In function 'void LL_PWR_DisablePVD()':
d:\mereni_hladiy\drivers\cmsis\device\st\stm32wlxx\include\stm32wlxx.h:149:38: warning: compound assignment with 'volatile'-qualified left operand is deprecated [-Wvolatile]
  149 | #define CLEAR_BIT(REG, BIT)   ((REG) &= ~(BIT))
      |                                ~~~~~~^~~~~~~~~
d:\mereni_hladiy\drivers\stm32wlxx_hal_driver\inc\stm32wlxx_ll_pwr.h:601:3: note: in expansion of macro 'CLEAR_BIT'
  601 |   CLEAR_BIT(PWR->CR2, PWR_CR2_PVDE);
      |   ^~~~~~~~~
d:\mereni_hladiy\drivers\stm32wlxx_hal_driver\inc\stm32wlxx_ll_pwr.h: In function 'void LL_PWR_EnableInternWU()':
d:\mereni_hladiy\drivers\cmsis\device\st\stm32wlxx\include\stm32wlxx.h:147:38: warning: compound assignment with 'volatile'-qualified left operand is deprecated [-Wvolatile]
  147 | #define SET_BIT(REG, BIT)     ((REG) |= (BIT))
      |                                ~~~~~~^~~~~~~~
d:\mereni_hladiy\drivers\stm32wlxx_hal_driver\inc\stm32wlxx_ll_pwr.h:647:3: note: in expansion of macro 'SET_BIT'
  647 |   SET_BIT(PWR->CR3, PWR_CR3_EIWUL);
      |   ^~~~~~~
d:\mereni_hladiy\drivers\stm32wlxx_hal_driver\inc\stm32wlxx_ll_pwr.h: In function 'void LL_PWR_DisableInternWU()':
d:\mereni_hladiy\drivers\cmsis\device\st\stm32wlxx\include\stm32wlxx.h:149:38: warning: compound assignment with 'volatile'-qualified left operand is deprecated [-Wvolatile]
  149 | #define CLEAR_BIT(REG, BIT)   ((REG) &= ~(BIT))
      |                                ~~~~~~^~~~~~~~~
d:\mereni_hladiy\drivers\stm32wlxx_hal_driver\inc\stm32wlxx_ll_pwr.h:657:3: note: in expansion of macro 'CLEAR_BIT'
  657 |   CLEAR_BIT(PWR->CR3, PWR_CR3_EIWUL);
      |   ^~~~~~~~~
d:\mereni_hladiy\drivers\stm32wlxx_hal_driver\inc\stm32wlxx_ll_pwr.h: In function 'void LL_PWR_EnablePUPDCfg()':
d:\mereni_hladiy\drivers\cmsis\device\st\stm32wlxx\include\stm32wlxx.h:147:38: warning: compound assignment with 'volatile'-qualified left operand is deprecated [-Wvolatile]
  147 | #define SET_BIT(REG, BIT)     ((REG) |= (BIT))
      |                                ~~~~~~^~~~~~~~
d:\mereni_hladiy\drivers\stm32wlxx_hal_driver\inc\stm32wlxx_ll_pwr.h:677:3: note: in expansion of macro 'SET_BIT'
  677 |   SET_BIT(PWR->CR3, PWR_CR3_APC);
      |   ^~~~~~~
d:\mereni_hladiy\drivers\stm32wlxx_hal_driver\inc\stm32wlxx_ll_pwr.h: In function 'void LL_PWR_DisablePUPDCfg()':
d:\mereni_hladiy\drivers\cmsis\device\st\stm32wlxx\include\stm32wlxx.h:149:38: warning: compound assignment with 'volatile'-qualified left operand is deprecated [-Wvolatile]
  149 | #define CLEAR_BIT(REG, BIT)   ((REG) &= ~(BIT))
      |                                ~~~~~~^~~~~~~~~
d:\mereni_hladiy\drivers\stm32wlxx_hal_driver\inc\stm32wlxx_ll_pwr.h:687:3: note: in expansion of macro 'CLEAR_BIT'
  687 |   CLEAR_BIT(PWR->CR3, PWR_CR3_APC);
      |   ^~~~~~~~~
d:\mereni_hladiy\drivers\stm32wlxx_hal_driver\inc\stm32wlxx_ll_pwr.h: In function 'void LL_PWR_EnableSRAM2Retention()':
d:\mereni_hladiy\drivers\cmsis\device\st\stm32wlxx\include\stm32wlxx.h:147:38: warning: compound assignment with 'volatile'-qualified left operand is deprecated [-Wvolatile]
  147 | #define SET_BIT(REG, BIT)     ((REG) |= (BIT))
      |                                ~~~~~~^~~~~~~~
d:\mereni_hladiy\drivers\stm32wlxx_hal_driver\inc\stm32wlxx_ll_pwr.h:707:3: note: in expansion of macro 'SET_BIT'
  707 |   SET_BIT(PWR->CR3, PWR_CR3_RRS);
      |   ^~~~~~~
d:\mereni_hladiy\drivers\stm32wlxx_hal_driver\inc\stm32wlxx_ll_pwr.h: In function 'void LL_PWR_DisableSRAM2Retention()':
d:\mereni_hladiy\drivers\cmsis\device\st\stm32wlxx\include\stm32wlxx.h:149:38: warning: compound assignment with 'volatile'-qualified left operand is deprecated [-Wvolatile]
  149 | #define CLEAR_BIT(REG, BIT)   ((REG) &= ~(BIT))
      |                                ~~~~~~^~~~~~~~~
d:\mereni_hladiy\drivers\stm32wlxx_hal_driver\inc\stm32wlxx_ll_pwr.h:717:3: note: in expansion of macro 'CLEAR_BIT'
  717 |   CLEAR_BIT(PWR->CR3, PWR_CR3_RRS);
      |   ^~~~~~~~~
d:\mereni_hladiy\drivers\stm32wlxx_hal_driver\inc\stm32wlxx_ll_pwr.h: In function 'void LL_PWR_EnableWPVD()':
d:\mereni_hladiy\drivers\cmsis\device\st\stm32wlxx\include\stm32wlxx.h:147:38: warning: compound assignment with 'volatile'-qualified left operand is deprecated [-Wvolatile]
  147 | #define SET_BIT(REG, BIT)     ((REG) |= (BIT))
      |                                ~~~~~~^~~~~~~~
d:\mereni_hladiy\drivers\stm32wlxx_hal_driver\inc\stm32wlxx_ll_pwr.h:739:3: note: in expansion of macro 'SET_BIT'
  739 |   SET_BIT(PWR->CR3, PWR_CR3_EWPVD);
      |   ^~~~~~~
d:\mereni_hladiy\drivers\stm32wlxx_hal_driver\inc\stm32wlxx_ll_pwr.h: In function 'void LL_PWR_DisableWPVD()':
d:\mereni_hladiy\drivers\cmsis\device\st\stm32wlxx\include\stm32wlxx.h:149:38: warning: compound assignment with 'volatile'-qualified left operand is deprecated [-Wvolatile]
  149 | #define CLEAR_BIT(REG, BIT)   ((REG) &= ~(BIT))
      |                                ~~~~~~^~~~~~~~~
d:\mereni_hladiy\drivers\stm32wlxx_hal_driver\inc\stm32wlxx_ll_pwr.h:749:3: note: in expansion of macro 'CLEAR_BIT'
  749 |   CLEAR_BIT(PWR->CR3, PWR_CR3_EWPVD);
      |   ^~~~~~~~~
d:\mereni_hladiy\drivers\stm32wlxx_hal_driver\inc\stm32wlxx_ll_pwr.h: In function 'void LL_PWR_EnableBORPVD_ULP()':
d:\mereni_hladiy\drivers\cmsis\device\st\stm32wlxx\include\stm32wlxx.h:147:38: warning: compound assignment with 'volatile'-qualified left operand is deprecated [-Wvolatile]
  147 | #define SET_BIT(REG, BIT)     ((REG) |= (BIT))
      |                                ~~~~~~^~~~~~~~
d:\mereni_hladiy\drivers\stm32wlxx_hal_driver\inc\stm32wlxx_ll_pwr.h:773:3: note: in expansion of macro 'SET_BIT'
  773 |   SET_BIT(PWR->CR3, PWR_CR3_ULPEN);
      |   ^~~~~~~
d:\mereni_hladiy\drivers\stm32wlxx_hal_driver\inc\stm32wlxx_ll_pwr.h: In function 'void LL_PWR_DisableBORPVD_ULP()':
d:\mereni_hladiy\drivers\cmsis\device\st\stm32wlxx\include\stm32wlxx.h:149:38: warning: compound assignment with 'volatile'-qualified left operand is deprecated [-Wvolatile]
  149 | #define CLEAR_BIT(REG, BIT)   ((REG) &= ~(BIT))
      |                                ~~~~~~^~~~~~~~~
d:\mereni_hladiy\drivers\stm32wlxx_hal_driver\inc\stm32wlxx_ll_pwr.h:784:3: note: in expansion of macro 'CLEAR_BIT'
  784 |   CLEAR_BIT(PWR->CR3, PWR_CR3_ULPEN);
      |   ^~~~~~~~~
d:\mereni_hladiy\drivers\stm32wlxx_hal_driver\inc\stm32wlxx_ll_pwr.h: In function 'void LL_PWR_EnableWakeUpPin(uint32_t)':
d:\mereni_hladiy\drivers\cmsis\device\st\stm32wlxx\include\stm32wlxx.h:147:38: warning: compound assignment with 'volatile'-qualified left operand is deprecated [-Wvolatile]
  147 | #define SET_BIT(REG, BIT)     ((REG) |= (BIT))
      |                                ~~~~~~^~~~~~~~
d:\mereni_hladiy\drivers\stm32wlxx_hal_driver\inc\stm32wlxx_ll_pwr.h:811:3: note: in expansion of macro 'SET_BIT'
  811 |   SET_BIT(PWR->CR3, WakeUpPin);
      |   ^~~~~~~
d:\mereni_hladiy\drivers\stm32wlxx_hal_driver\inc\stm32wlxx_ll_pwr.h: In function 'void LL_PWR_DisableWakeUpPin(uint32_t)':
d:\mereni_hladiy\drivers\cmsis\device\st\stm32wlxx\include\stm32wlxx.h:149:38: warning: compound assignment with 'volatile'-qualified left operand is deprecated [-Wvolatile]
  149 | #define CLEAR_BIT(REG, BIT)   ((REG) &= ~(BIT))
      |                                ~~~~~~^~~~~~~~~
d:\mereni_hladiy\drivers\stm32wlxx_hal_driver\inc\stm32wlxx_ll_pwr.h:827:3: note: in expansion of macro 'CLEAR_BIT'
  827 |   CLEAR_BIT(PWR->CR3, WakeUpPin);
      |   ^~~~~~~~~
d:\mereni_hladiy\drivers\stm32wlxx_hal_driver\inc\stm32wlxx_ll_pwr.h: In function 'void LL_PWR_EnableBatteryCharging()':
d:\mereni_hladiy\drivers\cmsis\device\st\stm32wlxx\include\stm32wlxx.h:147:38: warning: compound assignment with 'volatile'-qualified left operand is deprecated [-Wvolatile]
  147 | #define SET_BIT(REG, BIT)     ((REG) |= (BIT))
      |                                ~~~~~~^~~~~~~~
d:\mereni_hladiy\drivers\stm32wlxx_hal_driver\inc\stm32wlxx_ll_pwr.h:878:3: note: in expansion of macro 'SET_BIT'
  878 |   SET_BIT(PWR->CR4, PWR_CR4_VBE);
      |   ^~~~~~~
d:\mereni_hladiy\drivers\stm32wlxx_hal_driver\inc\stm32wlxx_ll_pwr.h: In function 'void LL_PWR_DisableBatteryCharging()':
d:\mereni_hladiy\drivers\cmsis\device\st\stm32wlxx\include\stm32wlxx.h:149:38: warning: compound assignment with 'volatile'-qualified left operand is deprecated [-Wvolatile]
  149 | #define CLEAR_BIT(REG, BIT)   ((REG) &= ~(BIT))
      |                                ~~~~~~^~~~~~~~~
d:\mereni_hladiy\drivers\stm32wlxx_hal_driver\inc\stm32wlxx_ll_pwr.h:888:3: note: in expansion of macro 'CLEAR_BIT'
  888 |   CLEAR_BIT(PWR->CR4, PWR_CR4_VBE);
      |   ^~~~~~~~~
d:\mereni_hladiy\drivers\stm32wlxx_hal_driver\inc\stm32wlxx_ll_pwr.h: In function 'void LL_PWR_SetWakeUpPinPolarityLow(uint32_t)':
d:\mereni_hladiy\drivers\cmsis\device\st\stm32wlxx\include\stm32wlxx.h:147:38: warning: compound assignment with 'volatile'-qualified left operand is deprecated [-Wvolatile]
  147 | #define SET_BIT(REG, BIT)     ((REG) |= (BIT))
      |                                ~~~~~~^~~~~~~~
d:\mereni_hladiy\drivers\stm32wlxx_hal_driver\inc\stm32wlxx_ll_pwr.h:914:3: note: in expansion of macro 'SET_BIT'
  914 |   SET_BIT(PWR->CR4, WakeUpPin);
      |   ^~~~~~~
d:\mereni_hladiy\drivers\stm32wlxx_hal_driver\inc\stm32wlxx_ll_pwr.h: In function 'void LL_PWR_SetWakeUpPinPolarityHigh(uint32_t)':
d:\mereni_hladiy\drivers\cmsis\device\st\stm32wlxx\include\stm32wlxx.h:149:38: warning: compound assignment with 'volatile'-qualified left operand is deprecated [-Wvolatile]
  149 | #define CLEAR_BIT(REG, BIT)   ((REG) &= ~(BIT))
      |                                ~~~~~~^~~~~~~~~
d:\mereni_hladiy\drivers\stm32wlxx_hal_driver\inc\stm32wlxx_ll_pwr.h:930:3: note: in expansion of macro 'CLEAR_BIT'
  930 |   CLEAR_BIT(PWR->CR4, WakeUpPin);
      |   ^~~~~~~~~
d:\mereni_hladiy\drivers\stm32wlxx_hal_driver\inc\stm32wlxx_ll_pwr.h: In function 'void LL_PWR_EnableGPIOPullUp(uint32_t, uint32_t)':
d:\mereni_hladiy\drivers\cmsis\device\st\stm32wlxx\include\stm32wlxx.h:147:38: warning: compound assignment with 'volatile'-qualified left operand is deprecated [-Wvolatile]
  147 | #define SET_BIT(REG, BIT)     ((REG) |= (BIT))
      |                                ~~~~~~^~~~~~~~
d:\mereni_hladiy\drivers\stm32wlxx_hal_driver\inc\stm32wlxx_ll_pwr.h:983:3: note: in expansion of macro 'SET_BIT'
  983 |   SET_BIT(*((__IO uint32_t *)GPIO), GPIONumber);
      |   ^~~~~~~
d:\mereni_hladiy\drivers\stm32wlxx_hal_driver\inc\stm32wlxx_ll_pwr.h: In function 'void LL_PWR_DisableGPIOPullUp(uint32_t, uint32_t)':
d:\mereni_hladiy\drivers\cmsis\device\st\stm32wlxx\include\stm32wlxx.h:149:38: warning: compound assignment with 'volatile'-qualified left operand is deprecated [-Wvolatile]
  149 | #define CLEAR_BIT(REG, BIT)   ((REG) &= ~(BIT))
      |                                ~~~~~~^~~~~~~~~
d:\mereni_hladiy\drivers\stm32wlxx_hal_driver\inc\stm32wlxx_ll_pwr.h:1020:3: note: in expansion of macro 'CLEAR_BIT'
 1020 |   CLEAR_BIT(*((__IO uint32_t *)GPIO), GPIONumber);
      |   ^~~~~~~~~
d:\mereni_hladiy\drivers\stm32wlxx_hal_driver\inc\stm32wlxx_ll_pwr.h: In function 'void LL_PWR_EnableGPIOPullDown(uint32_t, uint32_t)':
d:\mereni_hladiy\drivers\cmsis\device\st\stm32wlxx\include\stm32wlxx.h:147:38: warning: compound assignment with 'volatile'-qualified left operand is deprecated [-Wvolatile]
  147 | #define SET_BIT(REG, BIT)     ((REG) |= (BIT))
      |                                ~~~~~~^~~~~~~~
d:\mereni_hladiy\drivers\stm32wlxx_hal_driver\inc\stm32wlxx_ll_pwr.h:1092:3: note: in expansion of macro 'SET_BIT'
 1092 |   SET_BIT(*((__IO uint32_t *)(GPIO + 4U)), GPIONumber);
      |   ^~~~~~~
d:\mereni_hladiy\drivers\stm32wlxx_hal_driver\inc\stm32wlxx_ll_pwr.h: In function 'void LL_PWR_DisableGPIOPullDown(uint32_t, uint32_t)':
d:\mereni_hladiy\drivers\cmsis\device\st\stm32wlxx\include\stm32wlxx.h:149:38: warning: compound assignment with 'volatile'-qualified left operand is deprecated [-Wvolatile]
  149 | #define CLEAR_BIT(REG, BIT)   ((REG) &= ~(BIT))
      |                                ~~~~~~^~~~~~~~~
d:\mereni_hladiy\drivers\stm32wlxx_hal_driver\inc\stm32wlxx_ll_pwr.h:1129:3: note: in expansion of macro 'CLEAR_BIT'
 1129 |   CLEAR_BIT(*((__IO uint32_t *)(GPIO + 4U)), GPIONumber);
      |   ^~~~~~~~~
d:\mereni_hladiy\drivers\stm32wlxx_hal_driver\inc\stm32wlxx_ll_pwr.h: In function 'void LL_PWR_SMPS_Enable()':
d:\mereni_hladiy\drivers\cmsis\device\st\stm32wlxx\include\stm32wlxx.h:147:38: warning: compound assignment with 'volatile'-qualified left operand is deprecated [-Wvolatile]
  147 | #define SET_BIT(REG, BIT)     ((REG) |= (BIT))
      |                                ~~~~~~^~~~~~~~
d:\mereni_hladiy\drivers\stm32wlxx_hal_driver\inc\stm32wlxx_ll_pwr.h:1230:3: note: in expansion of macro 'SET_BIT'
 1230 |   SET_BIT(PWR->CR5, PWR_CR5_SMPSEN);
      |   ^~~~~~~
d:\mereni_hladiy\drivers\stm32wlxx_hal_driver\inc\stm32wlxx_ll_pwr.h: In function 'void LL_PWR_SMPS_Disable()':
d:\mereni_hladiy\drivers\cmsis\device\st\stm32wlxx\include\stm32wlxx.h:149:38: warning: compound assignment with 'volatile'-qualified left operand is deprecated [-Wvolatile]
  149 | #define CLEAR_BIT(REG, BIT)   ((REG) &= ~(BIT))
      |                                ~~~~~~^~~~~~~~~
d:\mereni_hladiy\drivers\stm32wlxx_hal_driver\inc\stm32wlxx_ll_pwr.h:1243:3: note: in expansion of macro 'CLEAR_BIT'
 1243 |   CLEAR_BIT(PWR->CR5, PWR_CR5_SMPSEN);
      |   ^~~~~~~~~
d:\mereni_hladiy\drivers\stm32wlxx_hal_driver\inc\stm32wlxx_ll_pwr.h: In function 'void LL_PWR_UnselectSUBGHZSPI_NSS()':
d:\mereni_hladiy\drivers\cmsis\device\st\stm32wlxx\include\stm32wlxx.h:147:38: warning: compound assignment with 'volatile'-qualified left operand is deprecated [-Wvolatile]
  147 | #define SET_BIT(REG, BIT)     ((REG) |= (BIT))
      |                                ~~~~~~^~~~~~~~
d:\mereni_hladiy\drivers\stm32wlxx_hal_driver\inc\stm32wlxx_ll_pwr.h:1377:3: note: in expansion of macro 'SET_BIT'
 1377 |   SET_BIT(PWR->SUBGHZSPICR, PWR_SUBGHZSPICR_NSS);
      |   ^~~~~~~
d:\mereni_hladiy\drivers\stm32wlxx_hal_driver\inc\stm32wlxx_ll_pwr.h: In function 'void LL_PWR_SelectSUBGHZSPI_NSS()':
d:\mereni_hladiy\drivers\cmsis\device\st\stm32wlxx\include\stm32wlxx.h:149:38: warning: compound assignment with 'volatile'-qualified left operand is deprecated [-Wvolatile]
  149 | #define CLEAR_BIT(REG, BIT)   ((REG) &= ~(BIT))
      |                                ~~~~~~^~~~~~~~~
d:\mereni_hladiy\drivers\stm32wlxx_hal_driver\inc\stm32wlxx_ll_pwr.h:1387:3: note: in expansion of macro 'CLEAR_BIT'
 1387 |   CLEAR_BIT(PWR->SUBGHZSPICR, PWR_SUBGHZSPICR_NSS);
      |   ^~~~~~~~~
d:\mereni_hladiy\drivers\stm32wlxx_hal_driver\inc\stm32wlxx_ll_pwr.h: In function 'void LL_PWR_EnableBootC2()':
d:\mereni_hladiy\drivers\cmsis\device\st\stm32wlxx\include\stm32wlxx.h:147:38: warning: compound assignment with 'volatile'-qualified left operand is deprecated [-Wvolatile]
  147 | #define SET_BIT(REG, BIT)     ((REG) |= (BIT))
      |                                ~~~~~~^~~~~~~~
d:\mereni_hladiy\drivers\stm32wlxx_hal_driver\inc\stm32wlxx_ll_pwr.h:1484:3: note: in expansion of macro 'SET_BIT'
 1484 |   SET_BIT(PWR->CR4, PWR_CR4_C2BOOT);
      |   ^~~~~~~
d:\mereni_hladiy\drivers\stm32wlxx_hal_driver\inc\stm32wlxx_ll_pwr.h: In function 'void LL_PWR_DisableBootC2()':
d:\mereni_hladiy\drivers\cmsis\device\st\stm32wlxx\include\stm32wlxx.h:149:38: warning: compound assignment with 'volatile'-qualified left operand is deprecated [-Wvolatile]
  149 | #define CLEAR_BIT(REG, BIT)   ((REG) &= ~(BIT))
      |                                ~~~~~~^~~~~~~~~
d:\mereni_hladiy\drivers\stm32wlxx_hal_driver\inc\stm32wlxx_ll_pwr.h:1495:3: note: in expansion of macro 'CLEAR_BIT'
 1495 |   CLEAR_BIT(PWR->CR4, PWR_CR4_C2BOOT);
      |   ^~~~~~~~~
d:\mereni_hladiy\drivers\stm32wlxx_hal_driver\inc\stm32wlxx_ll_pwr.h: In function 'void LL_C2_PWR_EnableInternWU()':
d:\mereni_hladiy\drivers\cmsis\device\st\stm32wlxx\include\stm32wlxx.h:147:38: warning: compound assignment with 'volatile'-qualified left operand is deprecated [-Wvolatile]
  147 | #define SET_BIT(REG, BIT)     ((REG) |= (BIT))
      |                                ~~~~~~^~~~~~~~
d:\mereni_hladiy\drivers\stm32wlxx_hal_driver\inc\stm32wlxx_ll_pwr.h:1613:3: note: in expansion of macro 'SET_BIT'
 1613 |   SET_BIT(PWR->C2CR3, PWR_C2CR3_EIWUL);
      |   ^~~~~~~
d:\mereni_hladiy\drivers\stm32wlxx_hal_driver\inc\stm32wlxx_ll_pwr.h: In function 'void LL_C2_PWR_DisableInternWU()':
d:\mereni_hladiy\drivers\cmsis\device\st\stm32wlxx\include\stm32wlxx.h:149:38: warning: compound assignment with 'volatile'-qualified left operand is deprecated [-Wvolatile]
  149 | #define CLEAR_BIT(REG, BIT)   ((REG) &= ~(BIT))
      |                                ~~~~~~^~~~~~~~~
d:\mereni_hladiy\drivers\stm32wlxx_hal_driver\inc\stm32wlxx_ll_pwr.h:1623:3: note: in expansion of macro 'CLEAR_BIT'
 1623 |   CLEAR_BIT(PWR->C2CR3, PWR_C2CR3_EIWUL);
      |   ^~~~~~~~~
d:\mereni_hladiy\drivers\stm32wlxx_hal_driver\inc\stm32wlxx_ll_pwr.h: In function 'void LL_C2_PWR_EnableWakeUpPin(uint32_t)':
d:\mereni_hladiy\drivers\cmsis\device\st\stm32wlxx\include\stm32wlxx.h:147:38: warning: compound assignment with 'volatile'-qualified left operand is deprecated [-Wvolatile]
  147 | #define SET_BIT(REG, BIT)     ((REG) |= (BIT))
      |                                ~~~~~~^~~~~~~~
d:\mereni_hladiy\drivers\stm32wlxx_hal_driver\inc\stm32wlxx_ll_pwr.h:1649:3: note: in expansion of macro 'SET_BIT'
 1649 |   SET_BIT(PWR->C2CR3, WakeUpPin);
      |   ^~~~~~~
d:\mereni_hladiy\drivers\stm32wlxx_hal_driver\inc\stm32wlxx_ll_pwr.h: In function 'void LL_C2_PWR_DisableWakeUpPin(uint32_t)':
d:\mereni_hladiy\drivers\cmsis\device\st\stm32wlxx\include\stm32wlxx.h:149:38: warning: compound assignment with 'volatile'-qualified left operand is deprecated [-Wvolatile]
  149 | #define CLEAR_BIT(REG, BIT)   ((REG) &= ~(BIT))
      |                                ~~~~~~^~~~~~~~~
d:\mereni_hladiy\drivers\stm32wlxx_hal_driver\inc\stm32wlxx_ll_pwr.h:1665:3: note: in expansion of macro 'CLEAR_BIT'
 1665 |   CLEAR_BIT(PWR->C2CR3, WakeUpPin);
      |   ^~~~~~~~~
d:\mereni_hladiy\drivers\stm32wlxx_hal_driver\inc\stm32wlxx_ll_pwr.h: In function 'void LL_C2_PWR_EnablePUPDCfg()':
d:\mereni_hladiy\drivers\cmsis\device\st\stm32wlxx\include\stm32wlxx.h:147:38: warning: compound assignment with 'volatile'-qualified left operand is deprecated [-Wvolatile]
  147 | #define SET_BIT(REG, BIT)     ((REG) |= (BIT))
      |                                ~~~~~~^~~~~~~~
d:\mereni_hladiy\drivers\stm32wlxx_hal_driver\inc\stm32wlxx_ll_pwr.h:1691:3: note: in expansion of macro 'SET_BIT'
 1691 |   SET_BIT(PWR->C2CR3, PWR_C2CR3_APC);
      |   ^~~~~~~
d:\mereni_hladiy\drivers\stm32wlxx_hal_driver\inc\stm32wlxx_ll_pwr.h: In function 'void LL_C2_PWR_DisablePUPDCfg()':
d:\mereni_hladiy\drivers\cmsis\device\st\stm32wlxx\include\stm32wlxx.h:149:38: warning: compound assignment with 'volatile'-qualified left operand is deprecated [-Wvolatile]
  149 | #define CLEAR_BIT(REG, BIT)   ((REG) &= ~(BIT))
      |                                ~~~~~~^~~~~~~~~
d:\mereni_hladiy\drivers\stm32wlxx_hal_driver\inc\stm32wlxx_ll_pwr.h:1701:3: note: in expansion of macro 'CLEAR_BIT'
 1701 |   CLEAR_BIT(PWR->C2CR3, PWR_C2CR3_APC);
      |   ^~~~~~~~~
d:\mereni_hladiy\drivers\stm32wlxx_hal_driver\inc\stm32wlxx_ll_pwr.h: In function 'void LL_C2_PWR_EnableWPVD()':
d:\mereni_hladiy\drivers\cmsis\device\st\stm32wlxx\include\stm32wlxx.h:147:38: warning: compound assignment with 'volatile'-qualified left operand is deprecated [-Wvolatile]
  147 | #define SET_BIT(REG, BIT)     ((REG) |= (BIT))
      |                                ~~~~~~^~~~~~~~
d:\mereni_hladiy\drivers\stm32wlxx_hal_driver\inc\stm32wlxx_ll_pwr.h:1723:3: note: in expansion of macro 'SET_BIT'
 1723 |   SET_BIT(PWR->C2CR3, PWR_C2CR3_EWPVD);
      |   ^~~~~~~
d:\mereni_hladiy\drivers\stm32wlxx_hal_driver\inc\stm32wlxx_ll_pwr.h: In function 'void LL_C2_PWR_DisableWPVD()':
d:\mereni_hladiy\drivers\cmsis\device\st\stm32wlxx\include\stm32wlxx.h:149:38: warning: compound assignment with 'volatile'-qualified left operand is deprecated [-Wvolatile]
  149 | #define CLEAR_BIT(REG, BIT)   ((REG) &= ~(BIT))
      |                                ~~~~~~^~~~~~~~~
d:\mereni_hladiy\drivers\stm32wlxx_hal_driver\inc\stm32wlxx_ll_pwr.h:1733:3: note: in expansion of macro 'CLEAR_BIT'
 1733 |   CLEAR_BIT(PWR->C2CR3, PWR_C2CR3_EWPVD);
      |   ^~~~~~~~~
d:\mereni_hladiy\drivers\stm32wlxx_hal_driver\inc\stm32wlxx_ll_pwr.h: In function 'void LL_PWR_C2_EnableWakeUp_ILAC()':
d:\mereni_hladiy\drivers\cmsis\device\st\stm32wlxx\include\stm32wlxx.h:147:38: warning: compound assignment with 'volatile'-qualified left operand is deprecated [-Wvolatile]
  147 | #define SET_BIT(REG, BIT)     ((REG) |= (BIT))
      |                                ~~~~~~^~~~~~~~
d:\mereni_hladiy\drivers\stm32wlxx_hal_driver\inc\stm32wlxx_ll_pwr.h:1754:3: note: in expansion of macro 'SET_BIT'
 1754 |   SET_BIT(PWR->SECCFGR, PWR_SECCFGR_C2EWILA);
      |   ^~~~~~~
d:\mereni_hladiy\drivers\stm32wlxx_hal_driver\inc\stm32wlxx_ll_pwr.h: In function 'void LL_PWR_C2_DisableWakeUp_ILAC()':
d:\mereni_hladiy\drivers\cmsis\device\st\stm32wlxx\include\stm32wlxx.h:149:38: warning: compound assignment with 'volatile'-qualified left operand is deprecated [-Wvolatile]
  149 | #define CLEAR_BIT(REG, BIT)   ((REG) &= ~(BIT))
      |                                ~~~~~~^~~~~~~~~
d:\mereni_hladiy\drivers\stm32wlxx_hal_driver\inc\stm32wlxx_ll_pwr.h:1765:3: note: in expansion of macro 'CLEAR_BIT'
 1765 |   CLEAR_BIT(PWR->SECCFGR, PWR_SECCFGR_C2EWILA);
      |   ^~~~~~~~~
d:\mereni_hladiy\drivers\stm32wlxx_hal_driver\inc\stm32wlxx_ll_pwr.h: In function 'void LL_PWR_EnableIT_HoldCPU2()':
d:\mereni_hladiy\drivers\cmsis\device\st\stm32wlxx\include\stm32wlxx.h:147:38: warning: compound assignment with 'volatile'-qualified left operand is deprecated [-Wvolatile]
  147 | #define SET_BIT(REG, BIT)     ((REG) |= (BIT))
      |                                ~~~~~~^~~~~~~~
d:\mereni_hladiy\drivers\stm32wlxx_hal_driver\inc\stm32wlxx_ll_pwr.h:2229:3: note: in expansion of macro 'SET_BIT'
 2229 |   SET_BIT(PWR->CR3, PWR_CR3_EC2H);
      |   ^~~~~~~
d:\mereni_hladiy\drivers\stm32wlxx_hal_driver\inc\stm32wlxx_ll_pwr.h: In function 'void LL_PWR_DisableIT_HoldCPU2()':
d:\mereni_hladiy\drivers\cmsis\device\st\stm32wlxx\include\stm32wlxx.h:149:38: warning: compound assignment with 'volatile'-qualified left operand is deprecated [-Wvolatile]
  149 | #define CLEAR_BIT(REG, BIT)   ((REG) &= ~(BIT))
      |                                ~~~~~~^~~~~~~~~
d:\mereni_hladiy\drivers\stm32wlxx_hal_driver\inc\stm32wlxx_ll_pwr.h:2239:3: note: in expansion of macro 'CLEAR_BIT'
 2239 |   CLEAR_BIT(PWR->CR3, PWR_CR3_EC2H);
      |   ^~~~~~~~~
d:\mereni_hladiy\drivers\stm32wlxx_hal_driver\inc\stm32wlxx_ll_rcc.h: In function 'void LL_RCC_HSE_EnableTcxo()':
d:\mereni_hladiy\drivers\cmsis\device\st\stm32wlxx\include\stm32wlxx.h:147:38: warning: compound assignment with 'volatile'-qualified left operand is deprecated [-Wvolatile]
  147 | #define SET_BIT(REG, BIT)     ((REG) |= (BIT))
      |                                ~~~~~~^~~~~~~~
d:\mereni_hladiy\drivers\stm32wlxx_hal_driver\inc\stm32wlxx_ll_rcc.h:970:3: note: in expansion of macro 'SET_BIT'
  970 |   SET_BIT(RCC->CR, RCC_CR_HSEBYPPWR);
      |   ^~~~~~~
d:\mereni_hladiy\drivers\stm32wlxx_hal_driver\inc\stm32wlxx_ll_rcc.h: In function 'void LL_RCC_HSE_DisableTcxo()':
d:\mereni_hladiy\drivers\cmsis\device\st\stm32wlxx\include\stm32wlxx.h:149:38: warning: compound assignment with 'volatile'-qualified left operand is deprecated [-Wvolatile]
  149 | #define CLEAR_BIT(REG, BIT)   ((REG) &= ~(BIT))
      |                                ~~~~~~^~~~~~~~~
d:\mereni_hladiy\drivers\stm32wlxx_hal_driver\inc\stm32wlxx_ll_rcc.h:980:3: note: in expansion of macro 'CLEAR_BIT'
  980 |   CLEAR_BIT(RCC->CR, RCC_CR_HSEBYPPWR);
      |   ^~~~~~~~~
d:\mereni_hladiy\drivers\stm32wlxx_hal_driver\inc\stm32wlxx_ll_rcc.h: In function 'void LL_RCC_HSE_EnableDiv2()':
d:\mereni_hladiy\drivers\cmsis\device\st\stm32wlxx\include\stm32wlxx.h:147:38: warning: compound assignment with 'volatile'-qualified left operand is deprecated [-Wvolatile]
  147 | #define SET_BIT(REG, BIT)     ((REG) |= (BIT))
      |                                ~~~~~~^~~~~~~~
d:\mereni_hladiy\drivers\stm32wlxx_hal_driver\inc\stm32wlxx_ll_rcc.h:1001:3: note: in expansion of macro 'SET_BIT'
 1001 |   SET_BIT(RCC->CR, RCC_CR_HSEPRE);
      |   ^~~~~~~
d:\mereni_hladiy\drivers\stm32wlxx_hal_driver\inc\stm32wlxx_ll_rcc.h: In function 'void LL_RCC_HSE_DisableDiv2()':
d:\mereni_hladiy\drivers\cmsis\device\st\stm32wlxx\include\stm32wlxx.h:149:38: warning: compound assignment with 'volatile'-qualified left operand is deprecated [-Wvolatile]
  149 | #define CLEAR_BIT(REG, BIT)   ((REG) &= ~(BIT))
      |                                ~~~~~~^~~~~~~~~
d:\mereni_hladiy\drivers\stm32wlxx_hal_driver\inc\stm32wlxx_ll_rcc.h:1011:3: note: in expansion of macro 'CLEAR_BIT'
 1011 |   CLEAR_BIT(RCC->CR, RCC_CR_HSEPRE);
      |   ^~~~~~~~~
d:\mereni_hladiy\drivers\stm32wlxx_hal_driver\inc\stm32wlxx_ll_rcc.h: In function 'void LL_RCC_HSE_EnableCSS()':
d:\mereni_hladiy\drivers\cmsis\device\st\stm32wlxx\include\stm32wlxx.h:147:38: warning: compound assignment with 'volatile'-qualified left operand is deprecated [-Wvolatile]
  147 | #define SET_BIT(REG, BIT)     ((REG) |= (BIT))
      |                                ~~~~~~^~~~~~~~
d:\mereni_hladiy\drivers\stm32wlxx_hal_driver\inc\stm32wlxx_ll_rcc.h:1031:3: note: in expansion of macro 'SET_BIT'
 1031 |   SET_BIT(RCC->CR, RCC_CR_CSSON);
      |   ^~~~~~~
d:\mereni_hladiy\drivers\stm32wlxx_hal_driver\inc\stm32wlxx_ll_rcc.h: In function 'void LL_RCC_HSE_Enable()':
d:\mereni_hladiy\drivers\cmsis\device\st\stm32wlxx\include\stm32wlxx.h:147:38: warning: compound assignment with 'volatile'-qualified left operand is deprecated [-Wvolatile]
  147 | #define SET_BIT(REG, BIT)     ((REG) |= (BIT))
      |                                ~~~~~~^~~~~~~~
d:\mereni_hladiy\drivers\stm32wlxx_hal_driver\inc\stm32wlxx_ll_rcc.h:1041:3: note: in expansion of macro 'SET_BIT'
 1041 |   SET_BIT(RCC->CR, RCC_CR_HSEON);
      |   ^~~~~~~
d:\mereni_hladiy\drivers\stm32wlxx_hal_driver\inc\stm32wlxx_ll_rcc.h: In function 'void LL_RCC_HSE_Disable()':
d:\mereni_hladiy\drivers\cmsis\device\st\stm32wlxx\include\stm32wlxx.h:149:38: warning: compound assignment with 'volatile'-qualified left operand is deprecated [-Wvolatile]
  149 | #define CLEAR_BIT(REG, BIT)   ((REG) &= ~(BIT))
      |                                ~~~~~~^~~~~~~~~
d:\mereni_hladiy\drivers\stm32wlxx_hal_driver\inc\stm32wlxx_ll_rcc.h:1051:3: note: in expansion of macro 'CLEAR_BIT'
 1051 |   CLEAR_BIT(RCC->CR, RCC_CR_HSEON);
      |   ^~~~~~~~~
d:\mereni_hladiy\drivers\stm32wlxx_hal_driver\inc\stm32wlxx_ll_rcc.h: In function 'void LL_RCC_HSI_EnableInStopMode()':
d:\mereni_hladiy\drivers\cmsis\device\st\stm32wlxx\include\stm32wlxx.h:147:38: warning: compound assignment with 'volatile'-qualified left operand is deprecated [-Wvolatile]
  147 | #define SET_BIT(REG, BIT)     ((REG) |= (BIT))
      |                                ~~~~~~^~~~~~~~
d:\mereni_hladiy\drivers\stm32wlxx_hal_driver\inc\stm32wlxx_ll_rcc.h:1080:3: note: in expansion of macro 'SET_BIT'
 1080 |   SET_BIT(RCC->CR, RCC_CR_HSIKERON);
      |   ^~~~~~~
d:\mereni_hladiy\drivers\stm32wlxx_hal_driver\inc\stm32wlxx_ll_rcc.h: In function 'void LL_RCC_HSI_DisableInStopMode()':
d:\mereni_hladiy\drivers\cmsis\device\st\stm32wlxx\include\stm32wlxx.h:149:38: warning: compound assignment with 'volatile'-qualified left operand is deprecated [-Wvolatile]
  149 | #define CLEAR_BIT(REG, BIT)   ((REG) &= ~(BIT))
      |                                ~~~~~~^~~~~~~~~
d:\mereni_hladiy\drivers\stm32wlxx_hal_driver\inc\stm32wlxx_ll_rcc.h:1090:3: note: in expansion of macro 'CLEAR_BIT'
 1090 |   CLEAR_BIT(RCC->CR, RCC_CR_HSIKERON);
      |   ^~~~~~~~~
d:\mereni_hladiy\drivers\stm32wlxx_hal_driver\inc\stm32wlxx_ll_rcc.h: In function 'void LL_RCC_HSI_Enable()':
d:\mereni_hladiy\drivers\cmsis\device\st\stm32wlxx\include\stm32wlxx.h:147:38: warning: compound assignment with 'volatile'-qualified left operand is deprecated [-Wvolatile]
  147 | #define SET_BIT(REG, BIT)     ((REG) |= (BIT))
      |                                ~~~~~~^~~~~~~~
d:\mereni_hladiy\drivers\stm32wlxx_hal_driver\inc\stm32wlxx_ll_rcc.h:1110:3: note: in expansion of macro 'SET_BIT'
 1110 |   SET_BIT(RCC->CR, RCC_CR_HSION);
      |   ^~~~~~~
d:\mereni_hladiy\drivers\stm32wlxx_hal_driver\inc\stm32wlxx_ll_rcc.h: In function 'void LL_RCC_HSI_Disable()':
d:\mereni_hladiy\drivers\cmsis\device\st\stm32wlxx\include\stm32wlxx.h:149:38: warning: compound assignment with 'volatile'-qualified left operand is deprecated [-Wvolatile]
  149 | #define CLEAR_BIT(REG, BIT)   ((REG) &= ~(BIT))
      |                                ~~~~~~^~~~~~~~~
d:\mereni_hladiy\drivers\stm32wlxx_hal_driver\inc\stm32wlxx_ll_rcc.h:1120:3: note: in expansion of macro 'CLEAR_BIT'
 1120 |   CLEAR_BIT(RCC->CR, RCC_CR_HSION);
      |   ^~~~~~~~~
d:\mereni_hladiy\drivers\stm32wlxx_hal_driver\inc\stm32wlxx_ll_rcc.h: In function 'void LL_RCC_HSI_EnableAutoFromStop()':
d:\mereni_hladiy\drivers\cmsis\device\st\stm32wlxx\include\stm32wlxx.h:147:38: warning: compound assignment with 'volatile'-qualified left operand is deprecated [-Wvolatile]
  147 | #define SET_BIT(REG, BIT)     ((REG) |= (BIT))
      |                                ~~~~~~^~~~~~~~
d:\mereni_hladiy\drivers\stm32wlxx_hal_driver\inc\stm32wlxx_ll_rcc.h:1140:3: note: in expansion of macro 'SET_BIT'
 1140 |   SET_BIT(RCC->CR, RCC_CR_HSIASFS);
      |   ^~~~~~~
d:\mereni_hladiy\drivers\stm32wlxx_hal_driver\inc\stm32wlxx_ll_rcc.h: In function 'void LL_RCC_HSI_DisableAutoFromStop()':
d:\mereni_hladiy\drivers\cmsis\device\st\stm32wlxx\include\stm32wlxx.h:149:38: warning: compound assignment with 'volatile'-qualified left operand is deprecated [-Wvolatile]
  149 | #define CLEAR_BIT(REG, BIT)   ((REG) &= ~(BIT))
      |                                ~~~~~~^~~~~~~~~
d:\mereni_hladiy\drivers\stm32wlxx_hal_driver\inc\stm32wlxx_ll_rcc.h:1150:3: note: in expansion of macro 'CLEAR_BIT'
 1150 |   CLEAR_BIT(RCC->CR, RCC_CR_HSIASFS);
      |   ^~~~~~~~~
d:\mereni_hladiy\drivers\stm32wlxx_hal_driver\inc\stm32wlxx_ll_rcc.h: In function 'void LL_RCC_LSE_Enable()':
d:\mereni_hladiy\drivers\cmsis\device\st\stm32wlxx\include\stm32wlxx.h:147:38: warning: compound assignment with 'volatile'-qualified left operand is deprecated [-Wvolatile]
  147 | #define SET_BIT(REG, BIT)     ((REG) |= (BIT))
      |                                ~~~~~~^~~~~~~~
d:\mereni_hladiy\drivers\stm32wlxx_hal_driver\inc\stm32wlxx_ll_rcc.h:1203:3: note: in expansion of macro 'SET_BIT'
 1203 |   SET_BIT(RCC->BDCR, RCC_BDCR_LSEON);
      |   ^~~~~~~
d:\mereni_hladiy\drivers\stm32wlxx_hal_driver\inc\stm32wlxx_ll_rcc.h: In function 'void LL_RCC_LSE_Disable()':
d:\mereni_hladiy\drivers\cmsis\device\st\stm32wlxx\include\stm32wlxx.h:149:38: warning: compound assignment with 'volatile'-qualified left operand is deprecated [-Wvolatile]
  149 | #define CLEAR_BIT(REG, BIT)   ((REG) &= ~(BIT))
      |                                ~~~~~~^~~~~~~~~
d:\mereni_hladiy\drivers\stm32wlxx_hal_driver\inc\stm32wlxx_ll_rcc.h:1213:3: note: in expansion of macro 'CLEAR_BIT'
 1213 |   CLEAR_BIT(RCC->BDCR, RCC_BDCR_LSEON);
      |   ^~~~~~~~~
d:\mereni_hladiy\drivers\stm32wlxx_hal_driver\inc\stm32wlxx_ll_rcc.h: In function 'void LL_RCC_LSE_EnableBypass()':
d:\mereni_hladiy\drivers\cmsis\device\st\stm32wlxx\include\stm32wlxx.h:147:38: warning: compound assignment with 'volatile'-qualified left operand is deprecated [-Wvolatile]
  147 | #define SET_BIT(REG, BIT)     ((REG) |= (BIT))
      |                                ~~~~~~^~~~~~~~
d:\mereni_hladiy\drivers\stm32wlxx_hal_driver\inc\stm32wlxx_ll_rcc.h:1233:3: note: in expansion of macro 'SET_BIT'
 1233 |   SET_BIT(RCC->BDCR, RCC_BDCR_LSEBYP);
      |   ^~~~~~~
d:\mereni_hladiy\drivers\stm32wlxx_hal_driver\inc\stm32wlxx_ll_rcc.h: In function 'void LL_RCC_LSE_DisableBypass()':
d:\mereni_hladiy\drivers\cmsis\device\st\stm32wlxx\include\stm32wlxx.h:149:38: warning: compound assignment with 'volatile'-qualified left operand is deprecated [-Wvolatile]
  149 | #define CLEAR_BIT(REG, BIT)   ((REG) &= ~(BIT))
      |                                ~~~~~~^~~~~~~~~
d:\mereni_hladiy\drivers\stm32wlxx_hal_driver\inc\stm32wlxx_ll_rcc.h:1243:3: note: in expansion of macro 'CLEAR_BIT'
 1243 |   CLEAR_BIT(RCC->BDCR, RCC_BDCR_LSEBYP);
      |   ^~~~~~~~~
d:\mereni_hladiy\drivers\stm32wlxx_hal_driver\inc\stm32wlxx_ll_rcc.h: In function 'void LL_RCC_LSE_EnableCSS()':
d:\mereni_hladiy\drivers\cmsis\device\st\stm32wlxx\include\stm32wlxx.h:147:38: warning: compound assignment with 'volatile'-qualified left operand is deprecated [-Wvolatile]
  147 | #define SET_BIT(REG, BIT)     ((REG) |= (BIT))
      |                                ~~~~~~^~~~~~~~
d:\mereni_hladiy\drivers\stm32wlxx_hal_driver\inc\stm32wlxx_ll_rcc.h:1283:3: note: in expansion of macro 'SET_BIT'
 1283 |   SET_BIT(RCC->BDCR, RCC_BDCR_LSECSSON);
      |   ^~~~~~~
d:\mereni_hladiy\drivers\stm32wlxx_hal_driver\inc\stm32wlxx_ll_rcc.h: In function 'void LL_RCC_LSE_DisableCSS()':
d:\mereni_hladiy\drivers\cmsis\device\st\stm32wlxx\include\stm32wlxx.h:149:38: warning: compound assignment with 'volatile'-qualified left operand is deprecated [-Wvolatile]
  149 | #define CLEAR_BIT(REG, BIT)   ((REG) &= ~(BIT))
      |                                ~~~~~~^~~~~~~~~
d:\mereni_hladiy\drivers\stm32wlxx_hal_driver\inc\stm32wlxx_ll_rcc.h:1295:3: note: in expansion of macro 'CLEAR_BIT'
 1295 |   CLEAR_BIT(RCC->BDCR, RCC_BDCR_LSECSSON);
      |   ^~~~~~~~~
d:\mereni_hladiy\drivers\stm32wlxx_hal_driver\inc\stm32wlxx_ll_rcc.h: In function 'void LL_RCC_LSE_EnablePropagation()':
d:\mereni_hladiy\drivers\cmsis\device\st\stm32wlxx\include\stm32wlxx.h:147:38: warning: compound assignment with 'volatile'-qualified left operand is deprecated [-Wvolatile]
  147 | #define SET_BIT(REG, BIT)     ((REG) |= (BIT))
      |                                ~~~~~~^~~~~~~~
d:\mereni_hladiy\drivers\stm32wlxx_hal_driver\inc\stm32wlxx_ll_rcc.h:1305:3: note: in expansion of macro 'SET_BIT'
 1305 |   SET_BIT(RCC->BDCR, RCC_BDCR_LSESYSEN);
      |   ^~~~~~~
d:\mereni_hladiy\drivers\stm32wlxx_hal_driver\inc\stm32wlxx_ll_rcc.h: In function 'void LL_RCC_LSE_DisablePropagation()':
d:\mereni_hladiy\drivers\cmsis\device\st\stm32wlxx\include\stm32wlxx.h:149:38: warning: compound assignment with 'volatile'-qualified left operand is deprecated [-Wvolatile]
  149 | #define CLEAR_BIT(REG, BIT)   ((REG) &= ~(BIT))
      |                                ~~~~~~^~~~~~~~~
d:\mereni_hladiy\drivers\stm32wlxx_hal_driver\inc\stm32wlxx_ll_rcc.h:1315:3: note: in expansion of macro 'CLEAR_BIT'
 1315 |   CLEAR_BIT(RCC->BDCR, RCC_BDCR_LSESYSEN);
      |   ^~~~~~~~~
d:\mereni_hladiy\drivers\stm32wlxx_hal_driver\inc\stm32wlxx_ll_rcc.h: In function 'void LL_RCC_LSI_Enable()':
d:\mereni_hladiy\drivers\cmsis\device\st\stm32wlxx\include\stm32wlxx.h:147:38: warning: compound assignment with 'volatile'-qualified left operand is deprecated [-Wvolatile]
  147 | #define SET_BIT(REG, BIT)     ((REG) |= (BIT))
      |                                ~~~~~~^~~~~~~~
d:\mereni_hladiy\drivers\stm32wlxx_hal_driver\inc\stm32wlxx_ll_rcc.h:1391:3: note: in expansion of macro 'SET_BIT'
 1391 |   SET_BIT(RCC->CSR, RCC_CSR_LSION);
      |   ^~~~~~~
d:\mereni_hladiy\drivers\stm32wlxx_hal_driver\inc\stm32wlxx_ll_rcc.h: In function 'void LL_RCC_LSI_Disable()':
d:\mereni_hladiy\drivers\cmsis\device\st\stm32wlxx\include\stm32wlxx.h:149:38: warning: compound assignment with 'volatile'-qualified left operand is deprecated [-Wvolatile]
  149 | #define CLEAR_BIT(REG, BIT)   ((REG) &= ~(BIT))
      |                                ~~~~~~^~~~~~~~~
d:\mereni_hladiy\drivers\stm32wlxx_hal_driver\inc\stm32wlxx_ll_rcc.h:1401:3: note: in expansion of macro 'CLEAR_BIT'
 1401 |   CLEAR_BIT(RCC->CSR, RCC_CSR_LSION);
      |   ^~~~~~~~~
d:\mereni_hladiy\drivers\stm32wlxx_hal_driver\inc\stm32wlxx_ll_rcc.h: In function 'void LL_RCC_MSI_Enable()':
d:\mereni_hladiy\drivers\cmsis\device\st\stm32wlxx\include\stm32wlxx.h:147:38: warning: compound assignment with 'volatile'-qualified left operand is deprecated [-Wvolatile]
  147 | #define SET_BIT(REG, BIT)     ((REG) |= (BIT))
      |                                ~~~~~~^~~~~~~~
d:\mereni_hladiy\drivers\stm32wlxx_hal_driver\inc\stm32wlxx_ll_rcc.h:1429:3: note: in expansion of macro 'SET_BIT'
 1429 |   SET_BIT(RCC->CR, RCC_CR_MSION);
      |   ^~~~~~~
d:\mereni_hladiy\drivers\stm32wlxx_hal_driver\inc\stm32wlxx_ll_rcc.h: In function 'void LL_RCC_MSI_Disable()':
d:\mereni_hladiy\drivers\cmsis\device\st\stm32wlxx\include\stm32wlxx.h:149:38: warning: compound assignment with 'volatile'-qualified left operand is deprecated [-Wvolatile]
  149 | #define CLEAR_BIT(REG, BIT)   ((REG) &= ~(BIT))
      |                                ~~~~~~^~~~~~~~~
d:\mereni_hladiy\drivers\stm32wlxx_hal_driver\inc\stm32wlxx_ll_rcc.h:1439:3: note: in expansion of macro 'CLEAR_BIT'
 1439 |   CLEAR_BIT(RCC->CR, RCC_CR_MSION);
      |   ^~~~~~~~~
d:\mereni_hladiy\drivers\stm32wlxx_hal_driver\inc\stm32wlxx_ll_rcc.h: In function 'void LL_RCC_MSI_EnablePLLMode()':
d:\mereni_hladiy\drivers\cmsis\device\st\stm32wlxx\include\stm32wlxx.h:147:38: warning: compound assignment with 'volatile'-qualified left operand is deprecated [-Wvolatile]
  147 | #define SET_BIT(REG, BIT)     ((REG) |= (BIT))
      |                                ~~~~~~^~~~~~~~
d:\mereni_hladiy\drivers\stm32wlxx_hal_driver\inc\stm32wlxx_ll_rcc.h:1463:3: note: in expansion of macro 'SET_BIT'
 1463 |   SET_BIT(RCC->CR, RCC_CR_MSIPLLEN);
      |   ^~~~~~~
d:\mereni_hladiy\drivers\stm32wlxx_hal_driver\inc\stm32wlxx_ll_rcc.h: In function 'void LL_RCC_MSI_DisablePLLMode()':
d:\mereni_hladiy\drivers\cmsis\device\st\stm32wlxx\include\stm32wlxx.h:149:38: warning: compound assignment with 'volatile'-qualified left operand is deprecated [-Wvolatile]
  149 | #define CLEAR_BIT(REG, BIT)   ((REG) &= ~(BIT))
      |                                ~~~~~~^~~~~~~~~
d:\mereni_hladiy\drivers\stm32wlxx_hal_driver\inc\stm32wlxx_ll_rcc.h:1475:3: note: in expansion of macro 'CLEAR_BIT'
 1475 |   CLEAR_BIT(RCC->CR, RCC_CR_MSIPLLEN);
      |   ^~~~~~~~~
d:\mereni_hladiy\drivers\stm32wlxx_hal_driver\inc\stm32wlxx_ll_rcc.h: In function 'void LL_RCC_MSI_EnableRangeSelection()':
d:\mereni_hladiy\drivers\cmsis\device\st\stm32wlxx\include\stm32wlxx.h:147:38: warning: compound assignment with 'volatile'-qualified left operand is deprecated [-Wvolatile]
  147 | #define SET_BIT(REG, BIT)     ((REG) |= (BIT))
      |                                ~~~~~~^~~~~~~~
d:\mereni_hladiy\drivers\stm32wlxx_hal_driver\inc\stm32wlxx_ll_rcc.h:1488:3: note: in expansion of macro 'SET_BIT'
 1488 |   SET_BIT(RCC->CR, RCC_CR_MSIRGSEL);
      |   ^~~~~~~
d:\mereni_hladiy\drivers\stm32wlxx_hal_driver\inc\stm32wlxx_ll_rcc.h: In function 'void LL_RCC_LSCO_Enable()':
d:\mereni_hladiy\drivers\cmsis\device\st\stm32wlxx\include\stm32wlxx.h:147:38: warning: compound assignment with 'volatile'-qualified left operand is deprecated [-Wvolatile]
  147 | #define SET_BIT(REG, BIT)     ((REG) |= (BIT))
      |                                ~~~~~~^~~~~~~~
d:\mereni_hladiy\drivers\stm32wlxx_hal_driver\inc\stm32wlxx_ll_rcc.h:1624:3: note: in expansion of macro 'SET_BIT'
 1624 |   SET_BIT(RCC->BDCR, RCC_BDCR_LSCOEN);
      |   ^~~~~~~
d:\mereni_hladiy\drivers\stm32wlxx_hal_driver\inc\stm32wlxx_ll_rcc.h: In function 'void LL_RCC_LSCO_Disable()':
d:\mereni_hladiy\drivers\cmsis\device\st\stm32wlxx\include\stm32wlxx.h:149:38: warning: compound assignment with 'volatile'-qualified left operand is deprecated [-Wvolatile]
  149 | #define CLEAR_BIT(REG, BIT)   ((REG) &= ~(BIT))
      |                                ~~~~~~^~~~~~~~~
d:\mereni_hladiy\drivers\stm32wlxx_hal_driver\inc\stm32wlxx_ll_rcc.h:1634:3: note: in expansion of macro 'CLEAR_BIT'
 1634 |   CLEAR_BIT(RCC->BDCR, RCC_BDCR_LSCOEN);
      |   ^~~~~~~~~
d:\mereni_hladiy\drivers\stm32wlxx_hal_driver\inc\stm32wlxx_ll_rcc.h: In function 'void LL_RCC_RF_EnableReset()':
d:\mereni_hladiy\drivers\cmsis\device\st\stm32wlxx\include\stm32wlxx.h:147:38: warning: compound assignment with 'volatile'-qualified left operand is deprecated [-Wvolatile]
  147 | #define SET_BIT(REG, BIT)     ((REG) |= (BIT))
      |                                ~~~~~~^~~~~~~~
d:\mereni_hladiy\drivers\stm32wlxx_hal_driver\inc\stm32wlxx_ll_rcc.h:1677:3: note: in expansion of macro 'SET_BIT'
 1677 |   SET_BIT(RCC->CSR, RCC_CSR_RFRST);
      |   ^~~~~~~
d:\mereni_hladiy\drivers\stm32wlxx_hal_driver\inc\stm32wlxx_ll_rcc.h: In function 'void LL_RCC_RF_DisableReset()':
d:\mereni_hladiy\drivers\cmsis\device\st\stm32wlxx\include\stm32wlxx.h:149:38: warning: compound assignment with 'volatile'-qualified left operand is deprecated [-Wvolatile]
  149 | #define CLEAR_BIT(REG, BIT)   ((REG) &= ~(BIT))
      |                                ~~~~~~^~~~~~~~~
d:\mereni_hladiy\drivers\stm32wlxx_hal_driver\inc\stm32wlxx_ll_rcc.h:1687:3: note: in expansion of macro 'CLEAR_BIT'
 1687 |   CLEAR_BIT(RCC->CSR, RCC_CSR_RFRST);
      |   ^~~~~~~~~
d:\mereni_hladiy\drivers\stm32wlxx_hal_driver\inc\stm32wlxx_ll_rcc.h: In function 'void LL_RCC_EnableRTC()':
d:\mereni_hladiy\drivers\cmsis\device\st\stm32wlxx\include\stm32wlxx.h:147:38: warning: compound assignment with 'volatile'-qualified left operand is deprecated [-Wvolatile]
  147 | #define SET_BIT(REG, BIT)     ((REG) |= (BIT))
      |                                ~~~~~~^~~~~~~~
d:\mereni_hladiy\drivers\stm32wlxx_hal_driver\inc\stm32wlxx_ll_rcc.h:2333:3: note: in expansion of macro 'SET_BIT'
 2333 |   SET_BIT(RCC->BDCR, RCC_BDCR_RTCEN);
      |   ^~~~~~~
d:\mereni_hladiy\drivers\stm32wlxx_hal_driver\inc\stm32wlxx_ll_rcc.h: In function 'void LL_RCC_DisableRTC()':
d:\mereni_hladiy\drivers\cmsis\device\st\stm32wlxx\include\stm32wlxx.h:149:38: warning: compound assignment with 'volatile'-qualified left operand is deprecated [-Wvolatile]
  149 | #define CLEAR_BIT(REG, BIT)   ((REG) &= ~(BIT))
      |                                ~~~~~~^~~~~~~~~
d:\mereni_hladiy\drivers\stm32wlxx_hal_driver\inc\stm32wlxx_ll_rcc.h:2343:3: note: in expansion of macro 'CLEAR_BIT'
 2343 |   CLEAR_BIT(RCC->BDCR, RCC_BDCR_RTCEN);
      |   ^~~~~~~~~
d:\mereni_hladiy\drivers\stm32wlxx_hal_driver\inc\stm32wlxx_ll_rcc.h: In function 'void LL_RCC_ForceBackupDomainReset()':
d:\mereni_hladiy\drivers\cmsis\device\st\stm32wlxx\include\stm32wlxx.h:147:38: warning: compound assignment with 'volatile'-qualified left operand is deprecated [-Wvolatile]
  147 | #define SET_BIT(REG, BIT)     ((REG) |= (BIT))
      |                                ~~~~~~^~~~~~~~
d:\mereni_hladiy\drivers\stm32wlxx_hal_driver\inc\stm32wlxx_ll_rcc.h:2363:3: note: in expansion of macro 'SET_BIT'
 2363 |   SET_BIT(RCC->BDCR, RCC_BDCR_BDRST);
      |   ^~~~~~~
d:\mereni_hladiy\drivers\stm32wlxx_hal_driver\inc\stm32wlxx_ll_rcc.h: In function 'void LL_RCC_ReleaseBackupDomainReset()':
d:\mereni_hladiy\drivers\cmsis\device\st\stm32wlxx\include\stm32wlxx.h:149:38: warning: compound assignment with 'volatile'-qualified left operand is deprecated [-Wvolatile]
  149 | #define CLEAR_BIT(REG, BIT)   ((REG) &= ~(BIT))
      |                                ~~~~~~^~~~~~~~~
d:\mereni_hladiy\drivers\stm32wlxx_hal_driver\inc\stm32wlxx_ll_rcc.h:2373:3: note: in expansion of macro 'CLEAR_BIT'
 2373 |   CLEAR_BIT(RCC->BDCR, RCC_BDCR_BDRST);
      |   ^~~~~~~~~
d:\mereni_hladiy\drivers\stm32wlxx_hal_driver\inc\stm32wlxx_ll_rcc.h: In function 'void LL_RCC_PLL_Enable()':
d:\mereni_hladiy\drivers\cmsis\device\st\stm32wlxx\include\stm32wlxx.h:147:38: warning: compound assignment with 'volatile'-qualified left operand is deprecated [-Wvolatile]
  147 | #define SET_BIT(REG, BIT)     ((REG) |= (BIT))
      |                                ~~~~~~^~~~~~~~
d:\mereni_hladiy\drivers\stm32wlxx_hal_driver\inc\stm32wlxx_ll_rcc.h:2392:3: note: in expansion of macro 'SET_BIT'
 2392 |   SET_BIT(RCC->CR, RCC_CR_PLLON);
      |   ^~~~~~~
d:\mereni_hladiy\drivers\stm32wlxx_hal_driver\inc\stm32wlxx_ll_rcc.h: In function 'void LL_RCC_PLL_Disable()':
d:\mereni_hladiy\drivers\cmsis\device\st\stm32wlxx\include\stm32wlxx.h:149:38: warning: compound assignment with 'volatile'-qualified left operand is deprecated [-Wvolatile]
  149 | #define CLEAR_BIT(REG, BIT)   ((REG) &= ~(BIT))
      |                                ~~~~~~^~~~~~~~~
d:\mereni_hladiy\drivers\stm32wlxx_hal_driver\inc\stm32wlxx_ll_rcc.h:2403:3: note: in expansion of macro 'CLEAR_BIT'
 2403 |   CLEAR_BIT(RCC->CR, RCC_CR_PLLON);
      |   ^~~~~~~~~
d:\mereni_hladiy\drivers\stm32wlxx_hal_driver\inc\stm32wlxx_ll_rcc.h: In function 'void LL_RCC_PLL_EnableDomain_ADC()':
d:\mereni_hladiy\drivers\cmsis\device\st\stm32wlxx\include\stm32wlxx.h:147:38: warning: compound assignment with 'volatile'-qualified left operand is deprecated [-Wvolatile]
  147 | #define SET_BIT(REG, BIT)     ((REG) |= (BIT))
      |                                ~~~~~~^~~~~~~~
d:\mereni_hladiy\drivers\stm32wlxx_hal_driver\inc\stm32wlxx_ll_rcc.h:2708:3: note: in expansion of macro 'SET_BIT'
 2708 |   SET_BIT(RCC->PLLCFGR, RCC_PLLCFGR_PLLPEN);
      |   ^~~~~~~
d:\mereni_hladiy\drivers\stm32wlxx_hal_driver\inc\stm32wlxx_ll_rcc.h: In function 'void LL_RCC_PLL_DisableDomain_ADC()':
d:\mereni_hladiy\drivers\cmsis\device\st\stm32wlxx\include\stm32wlxx.h:149:38: warning: compound assignment with 'volatile'-qualified left operand is deprecated [-Wvolatile]
  149 | #define CLEAR_BIT(REG, BIT)   ((REG) &= ~(BIT))
      |                                ~~~~~~^~~~~~~~~
d:\mereni_hladiy\drivers\stm32wlxx_hal_driver\inc\stm32wlxx_ll_rcc.h:2720:3: note: in expansion of macro 'CLEAR_BIT'
 2720 |   CLEAR_BIT(RCC->PLLCFGR, RCC_PLLCFGR_PLLPEN);
      |   ^~~~~~~~~
d:\mereni_hladiy\drivers\stm32wlxx_hal_driver\inc\stm32wlxx_ll_rcc.h: In function 'void LL_RCC_PLL_EnableDomain_RNG()':
d:\mereni_hladiy\drivers\cmsis\device\st\stm32wlxx\include\stm32wlxx.h:147:38: warning: compound assignment with 'volatile'-qualified left operand is deprecated [-Wvolatile]
  147 | #define SET_BIT(REG, BIT)     ((REG) |= (BIT))
      |                                ~~~~~~^~~~~~~~
d:\mereni_hladiy\drivers\stm32wlxx_hal_driver\inc\stm32wlxx_ll_rcc.h:2740:3: note: in expansion of macro 'SET_BIT'
 2740 |   SET_BIT(RCC->PLLCFGR, RCC_PLLCFGR_PLLQEN);
      |   ^~~~~~~
d:\mereni_hladiy\drivers\stm32wlxx_hal_driver\inc\stm32wlxx_ll_rcc.h: In function 'void LL_RCC_PLL_DisableDomain_RNG()':
d:\mereni_hladiy\drivers\cmsis\device\st\stm32wlxx\include\stm32wlxx.h:149:38: warning: compound assignment with 'volatile'-qualified left operand is deprecated [-Wvolatile]
  149 | #define CLEAR_BIT(REG, BIT)   ((REG) &= ~(BIT))
      |                                ~~~~~~^~~~~~~~~
d:\mereni_hladiy\drivers\stm32wlxx_hal_driver\inc\stm32wlxx_ll_rcc.h:2752:3: note: in expansion of macro 'CLEAR_BIT'
 2752 |   CLEAR_BIT(RCC->PLLCFGR, RCC_PLLCFGR_PLLQEN);
      |   ^~~~~~~~~
d:\mereni_hladiy\drivers\stm32wlxx_hal_driver\inc\stm32wlxx_ll_rcc.h: In function 'void LL_RCC_PLL_EnableDomain_I2S()':
d:\mereni_hladiy\drivers\cmsis\device\st\stm32wlxx\include\stm32wlxx.h:147:38: warning: compound assignment with 'volatile'-qualified left operand is deprecated [-Wvolatile]
  147 | #define SET_BIT(REG, BIT)     ((REG) |= (BIT))
      |                                ~~~~~~^~~~~~~~
d:\mereni_hladiy\drivers\stm32wlxx_hal_driver\inc\stm32wlxx_ll_rcc.h:2772:3: note: in expansion of macro 'SET_BIT'
 2772 |   SET_BIT(RCC->PLLCFGR, RCC_PLLCFGR_PLLQEN);
      |   ^~~~~~~
d:\mereni_hladiy\drivers\stm32wlxx_hal_driver\inc\stm32wlxx_ll_rcc.h: In function 'void LL_RCC_PLL_DisableDomain_I2S()':
d:\mereni_hladiy\drivers\cmsis\device\st\stm32wlxx\include\stm32wlxx.h:149:38: warning: compound assignment with 'volatile'-qualified left operand is deprecated [-Wvolatile]
  149 | #define CLEAR_BIT(REG, BIT)   ((REG) &= ~(BIT))
      |                                ~~~~~~^~~~~~~~~
d:\mereni_hladiy\drivers\stm32wlxx_hal_driver\inc\stm32wlxx_ll_rcc.h:2784:3: note: in expansion of macro 'CLEAR_BIT'
 2784 |   CLEAR_BIT(RCC->PLLCFGR, RCC_PLLCFGR_PLLQEN);
      |   ^~~~~~~~~
d:\mereni_hladiy\drivers\stm32wlxx_hal_driver\inc\stm32wlxx_ll_rcc.h: In function 'void LL_RCC_PLL_EnableDomain_SYS()':
d:\mereni_hladiy\drivers\cmsis\device\st\stm32wlxx\include\stm32wlxx.h:147:38: warning: compound assignment with 'volatile'-qualified left operand is deprecated [-Wvolatile]
  147 | #define SET_BIT(REG, BIT)     ((REG) |= (BIT))
      |                                ~~~~~~^~~~~~~~
d:\mereni_hladiy\drivers\stm32wlxx_hal_driver\inc\stm32wlxx_ll_rcc.h:2804:3: note: in expansion of macro 'SET_BIT'
 2804 |   SET_BIT(RCC->PLLCFGR, RCC_PLLCFGR_PLLREN);
      |   ^~~~~~~
d:\mereni_hladiy\drivers\stm32wlxx_hal_driver\inc\stm32wlxx_ll_rcc.h: In function 'void LL_RCC_PLL_DisableDomain_SYS()':
d:\mereni_hladiy\drivers\cmsis\device\st\stm32wlxx\include\stm32wlxx.h:149:38: warning: compound assignment with 'volatile'-qualified left operand is deprecated [-Wvolatile]
  149 | #define CLEAR_BIT(REG, BIT)   ((REG) &= ~(BIT))
      |                                ~~~~~~^~~~~~~~~
d:\mereni_hladiy\drivers\stm32wlxx_hal_driver\inc\stm32wlxx_ll_rcc.h:2817:3: note: in expansion of macro 'CLEAR_BIT'
 2817 |   CLEAR_BIT(RCC->PLLCFGR, RCC_PLLCFGR_PLLREN);
      |   ^~~~~~~~~
d:\mereni_hladiy\drivers\stm32wlxx_hal_driver\inc\stm32wlxx_ll_rcc.h: In function 'void LL_RCC_ClearFlag_LSIRDY()':
d:\mereni_hladiy\drivers\cmsis\device\st\stm32wlxx\include\stm32wlxx.h:147:38: warning: compound assignment with 'volatile'-qualified left operand is deprecated [-Wvolatile]
  147 | #define SET_BIT(REG, BIT)     ((REG) |= (BIT))
      |                                ~~~~~~^~~~~~~~
d:\mereni_hladiy\drivers\stm32wlxx_hal_driver\inc\stm32wlxx_ll_rcc.h:2875:3: note: in expansion of macro 'SET_BIT'
 2875 |   SET_BIT(RCC->CICR, RCC_CICR_LSIRDYC);
      |   ^~~~~~~
d:\mereni_hladiy\drivers\stm32wlxx_hal_driver\inc\stm32wlxx_ll_rcc.h: In function 'void LL_RCC_ClearFlag_LSERDY()':
d:\mereni_hladiy\drivers\cmsis\device\st\stm32wlxx\include\stm32wlxx.h:147:38: warning: compound assignment with 'volatile'-qualified left operand is deprecated [-Wvolatile]
  147 | #define SET_BIT(REG, BIT)     ((REG) |= (BIT))
      |                                ~~~~~~^~~~~~~~
d:\mereni_hladiy\drivers\stm32wlxx_hal_driver\inc\stm32wlxx_ll_rcc.h:2885:3: note: in expansion of macro 'SET_BIT'
 2885 |   SET_BIT(RCC->CICR, RCC_CICR_LSERDYC);
      |   ^~~~~~~
d:\mereni_hladiy\drivers\stm32wlxx_hal_driver\inc\stm32wlxx_ll_rcc.h: In function 'void LL_RCC_ClearFlag_MSIRDY()':
d:\mereni_hladiy\drivers\cmsis\device\st\stm32wlxx\include\stm32wlxx.h:147:38: warning: compound assignment with 'volatile'-qualified left operand is deprecated [-Wvolatile]
  147 | #define SET_BIT(REG, BIT)     ((REG) |= (BIT))
      |                                ~~~~~~^~~~~~~~
d:\mereni_hladiy\drivers\stm32wlxx_hal_driver\inc\stm32wlxx_ll_rcc.h:2895:3: note: in expansion of macro 'SET_BIT'
 2895 |   SET_BIT(RCC->CICR, RCC_CICR_MSIRDYC);
      |   ^~~~~~~
d:\mereni_hladiy\drivers\stm32wlxx_hal_driver\inc\stm32wlxx_ll_rcc.h: In function 'void LL_RCC_ClearFlag_HSIRDY()':
d:\mereni_hladiy\drivers\cmsis\device\st\stm32wlxx\include\stm32wlxx.h:147:38: warning: compound assignment with 'volatile'-qualified left operand is deprecated [-Wvolatile]
  147 | #define SET_BIT(REG, BIT)     ((REG) |= (BIT))
      |                                ~~~~~~^~~~~~~~
d:\mereni_hladiy\drivers\stm32wlxx_hal_driver\inc\stm32wlxx_ll_rcc.h:2905:3: note: in expansion of macro 'SET_BIT'
 2905 |   SET_BIT(RCC->CICR, RCC_CICR_HSIRDYC);
      |   ^~~~~~~
d:\mereni_hladiy\drivers\stm32wlxx_hal_driver\inc\stm32wlxx_ll_rcc.h: In function 'void LL_RCC_ClearFlag_HSERDY()':
d:\mereni_hladiy\drivers\cmsis\device\st\stm32wlxx\include\stm32wlxx.h:147:38: warning: compound assignment with 'volatile'-qualified left operand is deprecated [-Wvolatile]
  147 | #define SET_BIT(REG, BIT)     ((REG) |= (BIT))
      |                                ~~~~~~^~~~~~~~
d:\mereni_hladiy\drivers\stm32wlxx_hal_driver\inc\stm32wlxx_ll_rcc.h:2915:3: note: in expansion of macro 'SET_BIT'
 2915 |   SET_BIT(RCC->CICR, RCC_CICR_HSERDYC);
      |   ^~~~~~~
d:\mereni_hladiy\drivers\stm32wlxx_hal_driver\inc\stm32wlxx_ll_rcc.h: In function 'void LL_RCC_ClearFlag_PLLRDY()':
d:\mereni_hladiy\drivers\cmsis\device\st\stm32wlxx\include\stm32wlxx.h:147:38: warning: compound assignment with 'volatile'-qualified left operand is deprecated [-Wvolatile]
  147 | #define SET_BIT(REG, BIT)     ((REG) |= (BIT))
      |                                ~~~~~~^~~~~~~~
d:\mereni_hladiy\drivers\stm32wlxx_hal_driver\inc\stm32wlxx_ll_rcc.h:2925:3: note: in expansion of macro 'SET_BIT'
 2925 |   SET_BIT(RCC->CICR, RCC_CICR_PLLRDYC);
      |   ^~~~~~~
d:\mereni_hladiy\drivers\stm32wlxx_hal_driver\inc\stm32wlxx_ll_rcc.h: In function 'void LL_RCC_ClearFlag_HSECSS()':
d:\mereni_hladiy\drivers\cmsis\device\st\stm32wlxx\include\stm32wlxx.h:147:38: warning: compound assignment with 'volatile'-qualified left operand is deprecated [-Wvolatile]
  147 | #define SET_BIT(REG, BIT)     ((REG) |= (BIT))
      |                                ~~~~~~^~~~~~~~
d:\mereni_hladiy\drivers\stm32wlxx_hal_driver\inc\stm32wlxx_ll_rcc.h:2935:3: note: in expansion of macro 'SET_BIT'
 2935 |   SET_BIT(RCC->CICR, RCC_CICR_CSSC);
      |   ^~~~~~~
d:\mereni_hladiy\drivers\stm32wlxx_hal_driver\inc\stm32wlxx_ll_rcc.h: In function 'void LL_RCC_ClearFlag_LSECSS()':
d:\mereni_hladiy\drivers\cmsis\device\st\stm32wlxx\include\stm32wlxx.h:147:38: warning: compound assignment with 'volatile'-qualified left operand is deprecated [-Wvolatile]
  147 | #define SET_BIT(REG, BIT)     ((REG) |= (BIT))
      |                                ~~~~~~^~~~~~~~
d:\mereni_hladiy\drivers\stm32wlxx_hal_driver\inc\stm32wlxx_ll_rcc.h:2945:3: note: in expansion of macro 'SET_BIT'
 2945 |   SET_BIT(RCC->CICR, RCC_CICR_LSECSSC);
      |   ^~~~~~~
d:\mereni_hladiy\drivers\stm32wlxx_hal_driver\inc\stm32wlxx_ll_rcc.h: In function 'void LL_RCC_ClearResetFlags()':
d:\mereni_hladiy\drivers\cmsis\device\st\stm32wlxx\include\stm32wlxx.h:147:38: warning: compound assignment with 'volatile'-qualified left operand is deprecated [-Wvolatile]
  147 | #define SET_BIT(REG, BIT)     ((REG) |= (BIT))
      |                                ~~~~~~^~~~~~~~
d:\mereni_hladiy\drivers\stm32wlxx_hal_driver\inc\stm32wlxx_ll_rcc.h:3170:3: note: in expansion of macro 'SET_BIT'
 3170 |   SET_BIT(RCC->CSR, RCC_CSR_RMVF);
      |   ^~~~~~~
d:\mereni_hladiy\drivers\stm32wlxx_hal_driver\inc\stm32wlxx_ll_rcc.h: In function 'void LL_RCC_EnableIT_LSIRDY()':
d:\mereni_hladiy\drivers\cmsis\device\st\stm32wlxx\include\stm32wlxx.h:147:38: warning: compound assignment with 'volatile'-qualified left operand is deprecated [-Wvolatile]
  147 | #define SET_BIT(REG, BIT)     ((REG) |= (BIT))
      |                                ~~~~~~^~~~~~~~
d:\mereni_hladiy\drivers\stm32wlxx_hal_driver\inc\stm32wlxx_ll_rcc.h:3188:3: note: in expansion of macro 'SET_BIT'
 3188 |   SET_BIT(RCC->CIER, RCC_CIER_LSIRDYIE);
      |   ^~~~~~~
d:\mereni_hladiy\drivers\stm32wlxx_hal_driver\inc\stm32wlxx_ll_rcc.h: In function 'void LL_RCC_EnableIT_LSERDY()':
d:\mereni_hladiy\drivers\cmsis\device\st\stm32wlxx\include\stm32wlxx.h:147:38: warning: compound assignment with 'volatile'-qualified left operand is deprecated [-Wvolatile]
  147 | #define SET_BIT(REG, BIT)     ((REG) |= (BIT))
      |                                ~~~~~~^~~~~~~~
d:\mereni_hladiy\drivers\stm32wlxx_hal_driver\inc\stm32wlxx_ll_rcc.h:3198:3: note: in expansion of macro 'SET_BIT'
 3198 |   SET_BIT(RCC->CIER, RCC_CIER_LSERDYIE);
      |   ^~~~~~~
d:\mereni_hladiy\drivers\stm32wlxx_hal_driver\inc\stm32wlxx_ll_rcc.h: In function 'void LL_RCC_EnableIT_MSIRDY()':
d:\mereni_hladiy\drivers\cmsis\device\st\stm32wlxx\include\stm32wlxx.h:147:38: warning: compound assignment with 'volatile'-qualified left operand is deprecated [-Wvolatile]
  147 | #define SET_BIT(REG, BIT)     ((REG) |= (BIT))
      |                                ~~~~~~^~~~~~~~
d:\mereni_hladiy\drivers\stm32wlxx_hal_driver\inc\stm32wlxx_ll_rcc.h:3208:3: note: in expansion of macro 'SET_BIT'
 3208 |   SET_BIT(RCC->CIER, RCC_CIER_MSIRDYIE);
      |   ^~~~~~~
d:\mereni_hladiy\drivers\stm32wlxx_hal_driver\inc\stm32wlxx_ll_rcc.h: In function 'void LL_RCC_EnableIT_HSIRDY()':
d:\mereni_hladiy\drivers\cmsis\device\st\stm32wlxx\include\stm32wlxx.h:147:38: warning: compound assignment with 'volatile'-qualified left operand is deprecated [-Wvolatile]
  147 | #define SET_BIT(REG, BIT)     ((REG) |= (BIT))
      |                                ~~~~~~^~~~~~~~
d:\mereni_hladiy\drivers\stm32wlxx_hal_driver\inc\stm32wlxx_ll_rcc.h:3218:3: note: in expansion of macro 'SET_BIT'
 3218 |   SET_BIT(RCC->CIER, RCC_CIER_HSIRDYIE);
      |   ^~~~~~~
d:\mereni_hladiy\drivers\stm32wlxx_hal_driver\inc\stm32wlxx_ll_rcc.h: In function 'void LL_RCC_EnableIT_HSERDY()':
d:\mereni_hladiy\drivers\cmsis\device\st\stm32wlxx\include\stm32wlxx.h:147:38: warning: compound assignment with 'volatile'-qualified left operand is deprecated [-Wvolatile]
  147 | #define SET_BIT(REG, BIT)     ((REG) |= (BIT))
      |                                ~~~~~~^~~~~~~~
d:\mereni_hladiy\drivers\stm32wlxx_hal_driver\inc\stm32wlxx_ll_rcc.h:3228:3: note: in expansion of macro 'SET_BIT'
 3228 |   SET_BIT(RCC->CIER, RCC_CIER_HSERDYIE);
      |   ^~~~~~~
d:\mereni_hladiy\drivers\stm32wlxx_hal_driver\inc\stm32wlxx_ll_rcc.h: In function 'void LL_RCC_EnableIT_PLLRDY()':
d:\mereni_hladiy\drivers\cmsis\device\st\stm32wlxx\include\stm32wlxx.h:147:38: warning: compound assignment with 'volatile'-qualified left operand is deprecated [-Wvolatile]
  147 | #define SET_BIT(REG, BIT)     ((REG) |= (BIT))
      |                                ~~~~~~^~~~~~~~
d:\mereni_hladiy\drivers\stm32wlxx_hal_driver\inc\stm32wlxx_ll_rcc.h:3238:3: note: in expansion of macro 'SET_BIT'
 3238 |   SET_BIT(RCC->CIER, RCC_CIER_PLLRDYIE);
      |   ^~~~~~~
d:\mereni_hladiy\drivers\stm32wlxx_hal_driver\inc\stm32wlxx_ll_rcc.h: In function 'void LL_RCC_EnableIT_LSECSS()':
d:\mereni_hladiy\drivers\cmsis\device\st\stm32wlxx\include\stm32wlxx.h:147:38: warning: compound assignment with 'volatile'-qualified left operand is deprecated [-Wvolatile]
  147 | #define SET_BIT(REG, BIT)     ((REG) |= (BIT))
      |                                ~~~~~~^~~~~~~~
d:\mereni_hladiy\drivers\stm32wlxx_hal_driver\inc\stm32wlxx_ll_rcc.h:3248:3: note: in expansion of macro 'SET_BIT'
 3248 |   SET_BIT(RCC->CIER, RCC_CIER_LSECSSIE);
      |   ^~~~~~~
d:\mereni_hladiy\drivers\stm32wlxx_hal_driver\inc\stm32wlxx_ll_rcc.h: In function 'void LL_RCC_DisableIT_LSIRDY()':
d:\mereni_hladiy\drivers\cmsis\device\st\stm32wlxx\include\stm32wlxx.h:149:38: warning: compound assignment with 'volatile'-qualified left operand is deprecated [-Wvolatile]
  149 | #define CLEAR_BIT(REG, BIT)   ((REG) &= ~(BIT))
      |                                ~~~~~~^~~~~~~~~
d:\mereni_hladiy\drivers\stm32wlxx_hal_driver\inc\stm32wlxx_ll_rcc.h:3258:3: note: in expansion of macro 'CLEAR_BIT'
 3258 |   CLEAR_BIT(RCC->CIER, RCC_CIER_LSIRDYIE);
      |   ^~~~~~~~~
d:\mereni_hladiy\drivers\stm32wlxx_hal_driver\inc\stm32wlxx_ll_rcc.h: In function 'void LL_RCC_DisableIT_LSERDY()':
d:\mereni_hladiy\drivers\cmsis\device\st\stm32wlxx\include\stm32wlxx.h:149:38: warning: compound assignment with 'volatile'-qualified left operand is deprecated [-Wvolatile]
  149 | #define CLEAR_BIT(REG, BIT)   ((REG) &= ~(BIT))
      |                                ~~~~~~^~~~~~~~~
d:\mereni_hladiy\drivers\stm32wlxx_hal_driver\inc\stm32wlxx_ll_rcc.h:3268:3: note: in expansion of macro 'CLEAR_BIT'
 3268 |   CLEAR_BIT(RCC->CIER, RCC_CIER_LSERDYIE);
      |   ^~~~~~~~~
d:\mereni_hladiy\drivers\stm32wlxx_hal_driver\inc\stm32wlxx_ll_rcc.h: In function 'void LL_RCC_DisableIT_MSIRDY()':
d:\mereni_hladiy\drivers\cmsis\device\st\stm32wlxx\include\stm32wlxx.h:149:38: warning: compound assignment with 'volatile'-qualified left operand is deprecated [-Wvolatile]
  149 | #define CLEAR_BIT(REG, BIT)   ((REG) &= ~(BIT))
      |                                ~~~~~~^~~~~~~~~
d:\mereni_hladiy\drivers\stm32wlxx_hal_driver\inc\stm32wlxx_ll_rcc.h:3278:3: note: in expansion of macro 'CLEAR_BIT'
 3278 |   CLEAR_BIT(RCC->CIER, RCC_CIER_MSIRDYIE);
      |   ^~~~~~~~~
d:\mereni_hladiy\drivers\stm32wlxx_hal_driver\inc\stm32wlxx_ll_rcc.h: In function 'void LL_RCC_DisableIT_HSIRDY()':
d:\mereni_hladiy\drivers\cmsis\device\st\stm32wlxx\include\stm32wlxx.h:149:38: warning: compound assignment with 'volatile'-qualified left operand is deprecated [-Wvolatile]
  149 | #define CLEAR_BIT(REG, BIT)   ((REG) &= ~(BIT))
      |                                ~~~~~~^~~~~~~~~
d:\mereni_hladiy\drivers\stm32wlxx_hal_driver\inc\stm32wlxx_ll_rcc.h:3288:3: note: in expansion of macro 'CLEAR_BIT'
 3288 |   CLEAR_BIT(RCC->CIER, RCC_CIER_HSIRDYIE);
      |   ^~~~~~~~~
d:\mereni_hladiy\drivers\stm32wlxx_hal_driver\inc\stm32wlxx_ll_rcc.h: In function 'void LL_RCC_DisableIT_HSERDY()':
d:\mereni_hladiy\drivers\cmsis\device\st\stm32wlxx\include\stm32wlxx.h:149:38: warning: compound assignment with 'volatile'-qualified left operand is deprecated [-Wvolatile]
  149 | #define CLEAR_BIT(REG, BIT)   ((REG) &= ~(BIT))
      |                                ~~~~~~^~~~~~~~~
d:\mereni_hladiy\drivers\stm32wlxx_hal_driver\inc\stm32wlxx_ll_rcc.h:3298:3: note: in expansion of macro 'CLEAR_BIT'
 3298 |   CLEAR_BIT(RCC->CIER, RCC_CIER_HSERDYIE);
      |   ^~~~~~~~~
d:\mereni_hladiy\drivers\stm32wlxx_hal_driver\inc\stm32wlxx_ll_rcc.h: In function 'void LL_RCC_DisableIT_PLLRDY()':
d:\mereni_hladiy\drivers\cmsis\device\st\stm32wlxx\include\stm32wlxx.h:149:38: warning: compound assignment with 'volatile'-qualified left operand is deprecated [-Wvolatile]
  149 | #define CLEAR_BIT(REG, BIT)   ((REG) &= ~(BIT))
      |                                ~~~~~~^~~~~~~~~
d:\mereni_hladiy\drivers\stm32wlxx_hal_driver\inc\stm32wlxx_ll_rcc.h:3308:3: note: in expansion of macro 'CLEAR_BIT'
 3308 |   CLEAR_BIT(RCC->CIER, RCC_CIER_PLLRDYIE);
      |   ^~~~~~~~~
d:\mereni_hladiy\drivers\stm32wlxx_hal_driver\inc\stm32wlxx_ll_rcc.h: In function 'void LL_RCC_DisableIT_LSECSS()':
d:\mereni_hladiy\drivers\cmsis\device\st\stm32wlxx\include\stm32wlxx.h:149:38: warning: compound assignment with 'volatile'-qualified left operand is deprecated [-Wvolatile]
  149 | #define CLEAR_BIT(REG, BIT)   ((REG) &= ~(BIT))
      |                                ~~~~~~^~~~~~~~~
d:\mereni_hladiy\drivers\stm32wlxx_hal_driver\inc\stm32wlxx_ll_rcc.h:3318:3: note: in expansion of macro 'CLEAR_BIT'
 3318 |   CLEAR_BIT(RCC->CIER, RCC_CIER_LSECSSIE);
      |   ^~~~~~~~~
d:\mereni_hladiy\drivers\stm32wlxx_hal_driver\inc\stm32wlxx_ll_bus.h: In function 'void LL_AHB1_GRP1_EnableClock(uint32_t)':
d:\mereni_hladiy\drivers\cmsis\device\st\stm32wlxx\include\stm32wlxx.h:147:38: warning: compound assignment with 'volatile'-qualified left operand is deprecated [-Wvolatile]
  147 | #define SET_BIT(REG, BIT)     ((REG) |= (BIT))
      |                                ~~~~~~^~~~~~~~
d:\mereni_hladiy\drivers\stm32wlxx_hal_driver\inc\stm32wlxx_ll_bus.h:290:3: note: in expansion of macro 'SET_BIT'
  290 |   SET_BIT(RCC->AHB1ENR, Periphs);
      |   ^~~~~~~
d:\mereni_hladiy\drivers\stm32wlxx_hal_driver\inc\stm32wlxx_ll_bus.h: In function 'void LL_AHB1_GRP1_DisableClock(uint32_t)':
d:\mereni_hladiy\drivers\cmsis\device\st\stm32wlxx\include\stm32wlxx.h:149:38: warning: compound assignment with 'volatile'-qualified left operand is deprecated [-Wvolatile]
  149 | #define CLEAR_BIT(REG, BIT)   ((REG) &= ~(BIT))
      |                                ~~~~~~^~~~~~~~~
d:\mereni_hladiy\drivers\stm32wlxx_hal_driver\inc\stm32wlxx_ll_bus.h:329:3: note: in expansion of macro 'CLEAR_BIT'
  329 |   CLEAR_BIT(RCC->AHB1ENR, Periphs);
      |   ^~~~~~~~~
d:\mereni_hladiy\drivers\stm32wlxx_hal_driver\inc\stm32wlxx_ll_bus.h: In function 'void LL_AHB1_GRP1_ForceReset(uint32_t)':
d:\mereni_hladiy\drivers\cmsis\device\st\stm32wlxx\include\stm32wlxx.h:147:38: warning: compound assignment with 'volatile'-qualified left operand is deprecated [-Wvolatile]
  147 | #define SET_BIT(REG, BIT)     ((REG) |= (BIT))
      |                                ~~~~~~^~~~~~~~
d:\mereni_hladiy\drivers\stm32wlxx_hal_driver\inc\stm32wlxx_ll_bus.h:348:3: note: in expansion of macro 'SET_BIT'
  348 |   SET_BIT(RCC->AHB1RSTR, Periphs);
      |   ^~~~~~~
d:\mereni_hladiy\drivers\stm32wlxx_hal_driver\inc\stm32wlxx_ll_bus.h: In function 'void LL_AHB1_GRP1_ReleaseReset(uint32_t)':
d:\mereni_hladiy\drivers\cmsis\device\st\stm32wlxx\include\stm32wlxx.h:149:38: warning: compound assignment with 'volatile'-qualified left operand is deprecated [-Wvolatile]
  149 | #define CLEAR_BIT(REG, BIT)   ((REG) &= ~(BIT))
      |                                ~~~~~~^~~~~~~~~
d:\mereni_hladiy\drivers\stm32wlxx_hal_driver\inc\stm32wlxx_ll_bus.h:367:3: note: in expansion of macro 'CLEAR_BIT'
  367 |   CLEAR_BIT(RCC->AHB1RSTR, Periphs);
      |   ^~~~~~~~~
d:\mereni_hladiy\drivers\stm32wlxx_hal_driver\inc\stm32wlxx_ll_bus.h: In function 'void LL_AHB1_GRP1_EnableClockSleep(uint32_t)':
d:\mereni_hladiy\drivers\cmsis\device\st\stm32wlxx\include\stm32wlxx.h:147:38: warning: compound assignment with 'volatile'-qualified left operand is deprecated [-Wvolatile]
  147 | #define SET_BIT(REG, BIT)     ((REG) |= (BIT))
      |                                ~~~~~~^~~~~~~~
d:\mereni_hladiy\drivers\stm32wlxx_hal_driver\inc\stm32wlxx_ll_bus.h:386:3: note: in expansion of macro 'SET_BIT'
  386 |   SET_BIT(RCC->AHB1SMENR, Periphs);
      |   ^~~~~~~
d:\mereni_hladiy\drivers\stm32wlxx_hal_driver\inc\stm32wlxx_ll_bus.h: In function 'void LL_AHB1_GRP1_DisableClockSleep(uint32_t)':
d:\mereni_hladiy\drivers\cmsis\device\st\stm32wlxx\include\stm32wlxx.h:149:38: warning: compound assignment with 'volatile'-qualified left operand is deprecated [-Wvolatile]
  149 | #define CLEAR_BIT(REG, BIT)   ((REG) &= ~(BIT))
      |                                ~~~~~~^~~~~~~~~
d:\mereni_hladiy\drivers\stm32wlxx_hal_driver\inc\stm32wlxx_ll_bus.h:425:3: note: in expansion of macro 'CLEAR_BIT'
  425 |   CLEAR_BIT(RCC->AHB1SMENR, Periphs);
      |   ^~~~~~~~~
d:\mereni_hladiy\drivers\stm32wlxx_hal_driver\inc\stm32wlxx_ll_bus.h: In function 'void LL_AHB2_GRP1_EnableClock(uint32_t)':
d:\mereni_hladiy\drivers\cmsis\device\st\stm32wlxx\include\stm32wlxx.h:147:38: warning: compound assignment with 'volatile'-qualified left operand is deprecated [-Wvolatile]
  147 | #define SET_BIT(REG, BIT)     ((REG) |= (BIT))
      |                                ~~~~~~^~~~~~~~
d:\mereni_hladiy\drivers\stm32wlxx_hal_driver\inc\stm32wlxx_ll_bus.h:452:3: note: in expansion of macro 'SET_BIT'
  452 |   SET_BIT(RCC->AHB2ENR, Periphs);
      |   ^~~~~~~
d:\mereni_hladiy\drivers\stm32wlxx_hal_driver\inc\stm32wlxx_ll_bus.h: In function 'void LL_AHB2_GRP1_DisableClock(uint32_t)':
d:\mereni_hladiy\drivers\cmsis\device\st\stm32wlxx\include\stm32wlxx.h:149:38: warning: compound assignment with 'volatile'-qualified left operand is deprecated [-Wvolatile]
  149 | #define CLEAR_BIT(REG, BIT)   ((REG) &= ~(BIT))
      |                                ~~~~~~^~~~~~~~~
d:\mereni_hladiy\drivers\stm32wlxx_hal_driver\inc\stm32wlxx_ll_bus.h:491:3: note: in expansion of macro 'CLEAR_BIT'
  491 |   CLEAR_BIT(RCC->AHB2ENR, Periphs);
      |   ^~~~~~~~~
d:\mereni_hladiy\drivers\stm32wlxx_hal_driver\inc\stm32wlxx_ll_bus.h: In function 'void LL_AHB2_GRP1_ForceReset(uint32_t)':
d:\mereni_hladiy\drivers\cmsis\device\st\stm32wlxx\include\stm32wlxx.h:147:38: warning: compound assignment with 'volatile'-qualified left operand is deprecated [-Wvolatile]
  147 | #define SET_BIT(REG, BIT)     ((REG) |= (BIT))
      |                                ~~~~~~^~~~~~~~
d:\mereni_hladiy\drivers\stm32wlxx_hal_driver\inc\stm32wlxx_ll_bus.h:510:3: note: in expansion of macro 'SET_BIT'
  510 |   SET_BIT(RCC->AHB2RSTR, Periphs);
      |   ^~~~~~~
d:\mereni_hladiy\drivers\stm32wlxx_hal_driver\inc\stm32wlxx_ll_bus.h: In function 'void LL_AHB2_GRP1_ReleaseReset(uint32_t)':
d:\mereni_hladiy\drivers\cmsis\device\st\stm32wlxx\include\stm32wlxx.h:149:38: warning: compound assignment with 'volatile'-qualified left operand is deprecated [-Wvolatile]
  149 | #define CLEAR_BIT(REG, BIT)   ((REG) &= ~(BIT))
      |                                ~~~~~~^~~~~~~~~
d:\mereni_hladiy\drivers\stm32wlxx_hal_driver\inc\stm32wlxx_ll_bus.h:529:3: note: in expansion of macro 'CLEAR_BIT'
  529 |   CLEAR_BIT(RCC->AHB2RSTR, Periphs);
      |   ^~~~~~~~~
d:\mereni_hladiy\drivers\stm32wlxx_hal_driver\inc\stm32wlxx_ll_bus.h: In function 'void LL_AHB2_GRP1_EnableClockSleep(uint32_t)':
d:\mereni_hladiy\drivers\cmsis\device\st\stm32wlxx\include\stm32wlxx.h:147:38: warning: compound assignment with 'volatile'-qualified left operand is deprecated [-Wvolatile]
  147 | #define SET_BIT(REG, BIT)     ((REG) |= (BIT))
      |                                ~~~~~~^~~~~~~~
d:\mereni_hladiy\drivers\stm32wlxx_hal_driver\inc\stm32wlxx_ll_bus.h:548:3: note: in expansion of macro 'SET_BIT'
  548 |   SET_BIT(RCC->AHB2SMENR, Periphs);
      |   ^~~~~~~
d:\mereni_hladiy\drivers\stm32wlxx_hal_driver\inc\stm32wlxx_ll_bus.h: In function 'void LL_AHB2_GRP1_DisableClockSleep(uint32_t)':
d:\mereni_hladiy\drivers\cmsis\device\st\stm32wlxx\include\stm32wlxx.h:149:38: warning: compound assignment with 'volatile'-qualified left operand is deprecated [-Wvolatile]
  149 | #define CLEAR_BIT(REG, BIT)   ((REG) &= ~(BIT))
      |                                ~~~~~~^~~~~~~~~
d:\mereni_hladiy\drivers\stm32wlxx_hal_driver\inc\stm32wlxx_ll_bus.h:587:3: note: in expansion of macro 'CLEAR_BIT'
  587 |   CLEAR_BIT(RCC->AHB2SMENR, Periphs);
      |   ^~~~~~~~~
d:\mereni_hladiy\drivers\stm32wlxx_hal_driver\inc\stm32wlxx_ll_bus.h: In function 'void LL_AHB3_GRP1_EnableClock(uint32_t)':
d:\mereni_hladiy\drivers\cmsis\device\st\stm32wlxx\include\stm32wlxx.h:147:38: warning: compound assignment with 'volatile'-qualified left operand is deprecated [-Wvolatile]
  147 | #define SET_BIT(REG, BIT)     ((REG) |= (BIT))
      |                                ~~~~~~^~~~~~~~
d:\mereni_hladiy\drivers\stm32wlxx_hal_driver\inc\stm32wlxx_ll_bus.h:637:3: note: in expansion of macro 'SET_BIT'
  637 |   SET_BIT(RCC->AHB3ENR, Periphs);
      |   ^~~~~~~
d:\mereni_hladiy\drivers\stm32wlxx_hal_driver\inc\stm32wlxx_ll_bus.h: In function 'void LL_AHB3_GRP1_DisableClock(uint32_t)':
d:\mereni_hladiy\drivers\cmsis\device\st\stm32wlxx\include\stm32wlxx.h:149:38: warning: compound assignment with 'volatile'-qualified left operand is deprecated [-Wvolatile]
  149 | #define CLEAR_BIT(REG, BIT)   ((REG) &= ~(BIT))
      |                                ~~~~~~^~~~~~~~~
d:\mereni_hladiy\drivers\stm32wlxx_hal_driver\inc\stm32wlxx_ll_bus.h:722:3: note: in expansion of macro 'CLEAR_BIT'
  722 |   CLEAR_BIT(RCC->AHB3ENR, Periphs);
      |   ^~~~~~~~~
d:\mereni_hladiy\drivers\stm32wlxx_hal_driver\inc\stm32wlxx_ll_bus.h: In function 'void LL_AHB3_GRP1_ForceReset(uint32_t)':
d:\mereni_hladiy\drivers\cmsis\device\st\stm32wlxx\include\stm32wlxx.h:147:38: warning: compound assignment with 'volatile'-qualified left operand is deprecated [-Wvolatile]
  147 | #define SET_BIT(REG, BIT)     ((REG) |= (BIT))
      |                                ~~~~~~^~~~~~~~
d:\mereni_hladiy\drivers\stm32wlxx_hal_driver\inc\stm32wlxx_ll_bus.h:765:3: note: in expansion of macro 'SET_BIT'
  765 |   SET_BIT(RCC->AHB3RSTR, Periphs);
      |   ^~~~~~~
d:\mereni_hladiy\drivers\stm32wlxx_hal_driver\inc\stm32wlxx_ll_bus.h: In function 'void LL_AHB3_GRP1_ReleaseReset(uint32_t)':
d:\mereni_hladiy\drivers\cmsis\device\st\stm32wlxx\include\stm32wlxx.h:149:38: warning: compound assignment with 'volatile'-qualified left operand is deprecated [-Wvolatile]
  149 | #define CLEAR_BIT(REG, BIT)   ((REG) &= ~(BIT))
      |                                ~~~~~~^~~~~~~~~
d:\mereni_hladiy\drivers\stm32wlxx_hal_driver\inc\stm32wlxx_ll_bus.h:808:3: note: in expansion of macro 'CLEAR_BIT'
  808 |   CLEAR_BIT(RCC->AHB3RSTR, Periphs);
      |   ^~~~~~~~~
d:\mereni_hladiy\drivers\stm32wlxx_hal_driver\inc\stm32wlxx_ll_bus.h: In function 'void LL_AHB3_GRP1_EnableClockSleep(uint32_t)':
d:\mereni_hladiy\drivers\cmsis\device\st\stm32wlxx\include\stm32wlxx.h:147:38: warning: compound assignment with 'volatile'-qualified left operand is deprecated [-Wvolatile]
  147 | #define SET_BIT(REG, BIT)     ((REG) |= (BIT))
      |                                ~~~~~~^~~~~~~~
d:\mereni_hladiy\drivers\stm32wlxx_hal_driver\inc\stm32wlxx_ll_bus.h:831:3: note: in expansion of macro 'SET_BIT'
  831 |   SET_BIT(RCC->AHB3SMENR, Periphs);
      |   ^~~~~~~
d:\mereni_hladiy\drivers\stm32wlxx_hal_driver\inc\stm32wlxx_ll_bus.h: In function 'void LL_AHB3_GRP1_DisableClockSleep(uint32_t)':
d:\mereni_hladiy\drivers\cmsis\device\st\stm32wlxx\include\stm32wlxx.h:149:38: warning: compound assignment with 'volatile'-qualified left operand is deprecated [-Wvolatile]
  149 | #define CLEAR_BIT(REG, BIT)   ((REG) &= ~(BIT))
      |                                ~~~~~~^~~~~~~~~
d:\mereni_hladiy\drivers\stm32wlxx_hal_driver\inc\stm32wlxx_ll_bus.h:878:3: note: in expansion of macro 'CLEAR_BIT'
  878 |   CLEAR_BIT(RCC->AHB3SMENR, Periphs);
      |   ^~~~~~~~~
d:\mereni_hladiy\drivers\stm32wlxx_hal_driver\inc\stm32wlxx_ll_bus.h: In function 'void LL_APB1_GRP1_EnableClock(uint32_t)':
d:\mereni_hladiy\drivers\cmsis\device\st\stm32wlxx\include\stm32wlxx.h:147:38: warning: compound assignment with 'volatile'-qualified left operand is deprecated [-Wvolatile]
  147 | #define SET_BIT(REG, BIT)     ((REG) |= (BIT))
      |                                ~~~~~~^~~~~~~~
d:\mereni_hladiy\drivers\stm32wlxx_hal_driver\inc\stm32wlxx_ll_bus.h:917:3: note: in expansion of macro 'SET_BIT'
  917 |   SET_BIT(RCC->APB1ENR1, Periphs);
      |   ^~~~~~~
d:\mereni_hladiy\drivers\stm32wlxx_hal_driver\inc\stm32wlxx_ll_bus.h: In function 'void LL_APB1_GRP2_EnableClock(uint32_t)':
d:\mereni_hladiy\drivers\cmsis\device\st\stm32wlxx\include\stm32wlxx.h:147:38: warning: compound assignment with 'volatile'-qualified left operand is deprecated [-Wvolatile]
  147 | #define SET_BIT(REG, BIT)     ((REG) |= (BIT))
      |                                ~~~~~~^~~~~~~~
d:\mereni_hladiy\drivers\stm32wlxx_hal_driver\inc\stm32wlxx_ll_bus.h:938:3: note: in expansion of macro 'SET_BIT'
  938 |   SET_BIT(RCC->APB1ENR2, Periphs);
      |   ^~~~~~~
d:\mereni_hladiy\drivers\stm32wlxx_hal_driver\inc\stm32wlxx_ll_bus.h: In function 'void LL_APB1_GRP1_DisableClock(uint32_t)':
d:\mereni_hladiy\drivers\cmsis\device\st\stm32wlxx\include\stm32wlxx.h:149:38: warning: compound assignment with 'volatile'-qualified left operand is deprecated [-Wvolatile]
  149 | #define CLEAR_BIT(REG, BIT)   ((REG) &= ~(BIT))
      |                                ~~~~~~^~~~~~~~~
d:\mereni_hladiy\drivers\stm32wlxx_hal_driver\inc\stm32wlxx_ll_bus.h:1020:3: note: in expansion of macro 'CLEAR_BIT'
 1020 |   CLEAR_BIT(RCC->APB1ENR1, Periphs);
      |   ^~~~~~~~~
d:\mereni_hladiy\drivers\stm32wlxx_hal_driver\inc\stm32wlxx_ll_bus.h: In function 'void LL_APB1_GRP2_DisableClock(uint32_t)':
d:\mereni_hladiy\drivers\cmsis\device\st\stm32wlxx\include\stm32wlxx.h:149:38: warning: compound assignment with 'volatile'-qualified left operand is deprecated [-Wvolatile]
  149 | #define CLEAR_BIT(REG, BIT)   ((REG) &= ~(BIT))
      |                                ~~~~~~^~~~~~~~~
d:\mereni_hladiy\drivers\stm32wlxx_hal_driver\inc\stm32wlxx_ll_bus.h:1036:3: note: in expansion of macro 'CLEAR_BIT'
 1036 |   CLEAR_BIT(RCC->APB1ENR2, Periphs);
      |   ^~~~~~~~~
d:\mereni_hladiy\drivers\stm32wlxx_hal_driver\inc\stm32wlxx_ll_bus.h: In function 'void LL_APB1_GRP1_ForceReset(uint32_t)':
d:\mereni_hladiy\drivers\cmsis\device\st\stm32wlxx\include\stm32wlxx.h:147:38: warning: compound assignment with 'volatile'-qualified left operand is deprecated [-Wvolatile]
  147 | #define SET_BIT(REG, BIT)     ((REG) |= (BIT))
      |                                ~~~~~~^~~~~~~~
d:\mereni_hladiy\drivers\stm32wlxx_hal_driver\inc\stm32wlxx_ll_bus.h:1064:3: note: in expansion of macro 'SET_BIT'
 1064 |   SET_BIT(RCC->APB1RSTR1, Periphs);
      |   ^~~~~~~
d:\mereni_hladiy\drivers\stm32wlxx_hal_driver\inc\stm32wlxx_ll_bus.h: In function 'void LL_APB1_GRP2_ForceReset(uint32_t)':
d:\mereni_hladiy\drivers\cmsis\device\st\stm32wlxx\include\stm32wlxx.h:147:38: warning: compound assignment with 'volatile'-qualified left operand is deprecated [-Wvolatile]
  147 | #define SET_BIT(REG, BIT)     ((REG) |= (BIT))
      |                                ~~~~~~^~~~~~~~
d:\mereni_hladiy\drivers\stm32wlxx_hal_driver\inc\stm32wlxx_ll_bus.h:1081:3: note: in expansion of macro 'SET_BIT'
 1081 |   SET_BIT(RCC->APB1RSTR2, Periphs);
      |   ^~~~~~~
d:\mereni_hladiy\drivers\stm32wlxx_hal_driver\inc\stm32wlxx_ll_bus.h: In function 'void LL_APB1_GRP1_ReleaseReset(uint32_t)':
d:\mereni_hladiy\drivers\cmsis\device\st\stm32wlxx\include\stm32wlxx.h:149:38: warning: compound assignment with 'volatile'-qualified left operand is deprecated [-Wvolatile]
  149 | #define CLEAR_BIT(REG, BIT)   ((REG) &= ~(BIT))
      |                                ~~~~~~^~~~~~~~~
d:\mereni_hladiy\drivers\stm32wlxx_hal_driver\inc\stm32wlxx_ll_bus.h:1109:3: note: in expansion of macro 'CLEAR_BIT'
 1109 |   CLEAR_BIT(RCC->APB1RSTR1, Periphs);
      |   ^~~~~~~~~
d:\mereni_hladiy\drivers\stm32wlxx_hal_driver\inc\stm32wlxx_ll_bus.h: In function 'void LL_APB1_GRP2_ReleaseReset(uint32_t)':
d:\mereni_hladiy\drivers\cmsis\device\st\stm32wlxx\include\stm32wlxx.h:149:38: warning: compound assignment with 'volatile'-qualified left operand is deprecated [-Wvolatile]
  149 | #define CLEAR_BIT(REG, BIT)   ((REG) &= ~(BIT))
      |                                ~~~~~~^~~~~~~~~
d:\mereni_hladiy\drivers\stm32wlxx_hal_driver\inc\stm32wlxx_ll_bus.h:1126:3: note: in expansion of macro 'CLEAR_BIT'
 1126 |   CLEAR_BIT(RCC->APB1RSTR2, Periphs);
      |   ^~~~~~~~~
d:\mereni_hladiy\drivers\stm32wlxx_hal_driver\inc\stm32wlxx_ll_bus.h: In function 'void LL_APB1_GRP1_EnableClockSleep(uint32_t)':
d:\mereni_hladiy\drivers\cmsis\device\st\stm32wlxx\include\stm32wlxx.h:147:38: warning: compound assignment with 'volatile'-qualified left operand is deprecated [-Wvolatile]
  147 | #define SET_BIT(REG, BIT)     ((REG) |= (BIT))
      |                                ~~~~~~^~~~~~~~
d:\mereni_hladiy\drivers\stm32wlxx_hal_driver\inc\stm32wlxx_ll_bus.h:1158:3: note: in expansion of macro 'SET_BIT'
 1158 |   SET_BIT(RCC->APB1SMENR1, Periphs);
      |   ^~~~~~~
d:\mereni_hladiy\drivers\stm32wlxx_hal_driver\inc\stm32wlxx_ll_bus.h: In function 'void LL_APB1_GRP2_EnableClockSleep(uint32_t)':
d:\mereni_hladiy\drivers\cmsis\device\st\stm32wlxx\include\stm32wlxx.h:147:38: warning: compound assignment with 'volatile'-qualified left operand is deprecated [-Wvolatile]
  147 | #define SET_BIT(REG, BIT)     ((REG) |= (BIT))
      |                                ~~~~~~^~~~~~~~
d:\mereni_hladiy\drivers\stm32wlxx_hal_driver\inc\stm32wlxx_ll_bus.h:1178:3: note: in expansion of macro 'SET_BIT'
 1178 |   SET_BIT(RCC->APB1SMENR2, Periphs);
      |   ^~~~~~~
d:\mereni_hladiy\drivers\stm32wlxx_hal_driver\inc\stm32wlxx_ll_bus.h: In function 'void LL_APB1_GRP1_DisableClockSleep(uint32_t)':
d:\mereni_hladiy\drivers\cmsis\device\st\stm32wlxx\include\stm32wlxx.h:149:38: warning: compound assignment with 'volatile'-qualified left operand is deprecated [-Wvolatile]
  149 | #define CLEAR_BIT(REG, BIT)   ((REG) &= ~(BIT))
      |                                ~~~~~~^~~~~~~~~
d:\mereni_hladiy\drivers\stm32wlxx_hal_driver\inc\stm32wlxx_ll_bus.h:1259:3: note: in expansion of macro 'CLEAR_BIT'
 1259 |   CLEAR_BIT(RCC->APB1SMENR1, Periphs);
      |   ^~~~~~~~~
d:\mereni_hladiy\drivers\stm32wlxx_hal_driver\inc\stm32wlxx_ll_bus.h: In function 'void LL_APB1_GRP2_DisableClockSleep(uint32_t)':
d:\mereni_hladiy\drivers\cmsis\device\st\stm32wlxx\include\stm32wlxx.h:149:38: warning: compound assignment with 'volatile'-qualified left operand is deprecated [-Wvolatile]
  149 | #define CLEAR_BIT(REG, BIT)   ((REG) &= ~(BIT))
      |                                ~~~~~~^~~~~~~~~
d:\mereni_hladiy\drivers\stm32wlxx_hal_driver\inc\stm32wlxx_ll_bus.h:1275:3: note: in expansion of macro 'CLEAR_BIT'
 1275 |   CLEAR_BIT(RCC->APB1SMENR2, Periphs);
      |   ^~~~~~~~~
d:\mereni_hladiy\drivers\stm32wlxx_hal_driver\inc\stm32wlxx_ll_bus.h: In function 'void LL_APB2_GRP1_EnableClock(uint32_t)':
d:\mereni_hladiy\drivers\cmsis\device\st\stm32wlxx\include\stm32wlxx.h:147:38: warning: compound assignment with 'volatile'-qualified left operand is deprecated [-Wvolatile]
  147 | #define SET_BIT(REG, BIT)     ((REG) |= (BIT))
      |                                ~~~~~~^~~~~~~~
d:\mereni_hladiy\drivers\stm32wlxx_hal_driver\inc\stm32wlxx_ll_bus.h:1306:3: note: in expansion of macro 'SET_BIT'
 1306 |   SET_BIT(RCC->APB2ENR, Periphs);
      |   ^~~~~~~
d:\mereni_hladiy\drivers\stm32wlxx_hal_driver\inc\stm32wlxx_ll_bus.h: In function 'void LL_APB2_GRP1_DisableClock(uint32_t)':
d:\mereni_hladiy\drivers\cmsis\device\st\stm32wlxx\include\stm32wlxx.h:149:38: warning: compound assignment with 'volatile'-qualified left operand is deprecated [-Wvolatile]
  149 | #define CLEAR_BIT(REG, BIT)   ((REG) &= ~(BIT))
      |                                ~~~~~~^~~~~~~~~
d:\mereni_hladiy\drivers\stm32wlxx_hal_driver\inc\stm32wlxx_ll_bus.h:1353:3: note: in expansion of macro 'CLEAR_BIT'
 1353 |   CLEAR_BIT(RCC->APB2ENR, Periphs);
      |   ^~~~~~~~~
d:\mereni_hladiy\drivers\stm32wlxx_hal_driver\inc\stm32wlxx_ll_bus.h: In function 'void LL_APB2_GRP1_ForceReset(uint32_t)':
d:\mereni_hladiy\drivers\cmsis\device\st\stm32wlxx\include\stm32wlxx.h:147:38: warning: compound assignment with 'volatile'-qualified left operand is deprecated [-Wvolatile]
  147 | #define SET_BIT(REG, BIT)     ((REG) |= (BIT))
      |                                ~~~~~~^~~~~~~~
d:\mereni_hladiy\drivers\stm32wlxx_hal_driver\inc\stm32wlxx_ll_bus.h:1376:3: note: in expansion of macro 'SET_BIT'
 1376 |   SET_BIT(RCC->APB2RSTR, Periphs);
      |   ^~~~~~~
d:\mereni_hladiy\drivers\stm32wlxx_hal_driver\inc\stm32wlxx_ll_bus.h: In function 'void LL_APB2_GRP1_ReleaseReset(uint32_t)':
d:\mereni_hladiy\drivers\cmsis\device\st\stm32wlxx\include\stm32wlxx.h:149:38: warning: compound assignment with 'volatile'-qualified left operand is deprecated [-Wvolatile]
  149 | #define CLEAR_BIT(REG, BIT)   ((REG) &= ~(BIT))
      |                                ~~~~~~^~~~~~~~~
d:\mereni_hladiy\drivers\stm32wlxx_hal_driver\inc\stm32wlxx_ll_bus.h:1399:3: note: in expansion of macro 'CLEAR_BIT'
 1399 |   CLEAR_BIT(RCC->APB2RSTR, Periphs);
      |   ^~~~~~~~~
d:\mereni_hladiy\drivers\stm32wlxx_hal_driver\inc\stm32wlxx_ll_bus.h: In function 'void LL_APB2_GRP1_EnableClockSleep(uint32_t)':
d:\mereni_hladiy\drivers\cmsis\device\st\stm32wlxx\include\stm32wlxx.h:147:38: warning: compound assignment with 'volatile'-qualified left operand is deprecated [-Wvolatile]
  147 | #define SET_BIT(REG, BIT)     ((REG) |= (BIT))
      |                                ~~~~~~^~~~~~~~
d:\mereni_hladiy\drivers\stm32wlxx_hal_driver\inc\stm32wlxx_ll_bus.h:1422:3: note: in expansion of macro 'SET_BIT'
 1422 |   SET_BIT(RCC->APB2SMENR, Periphs);
      |   ^~~~~~~
d:\mereni_hladiy\drivers\stm32wlxx_hal_driver\inc\stm32wlxx_ll_bus.h: In function 'void LL_APB2_GRP1_DisableClockSleep(uint32_t)':
d:\mereni_hladiy\drivers\cmsis\device\st\stm32wlxx\include\stm32wlxx.h:149:38: warning: compound assignment with 'volatile'-qualified left operand is deprecated [-Wvolatile]
  149 | #define CLEAR_BIT(REG, BIT)   ((REG) &= ~(BIT))
      |                                ~~~~~~^~~~~~~~~
d:\mereni_hladiy\drivers\stm32wlxx_hal_driver\inc\stm32wlxx_ll_bus.h:1470:3: note: in expansion of macro 'CLEAR_BIT'
 1470 |   CLEAR_BIT(RCC->APB2SMENR, Periphs);
      |   ^~~~~~~~~
d:\mereni_hladiy\drivers\stm32wlxx_hal_driver\inc\stm32wlxx_ll_bus.h: In function 'void LL_APB3_GRP1_EnableClock(uint32_t)':
d:\mereni_hladiy\drivers\cmsis\device\st\stm32wlxx\include\stm32wlxx.h:147:38: warning: compound assignment with 'volatile'-qualified left operand is deprecated [-Wvolatile]
  147 | #define SET_BIT(REG, BIT)     ((REG) |= (BIT))
      |                                ~~~~~~^~~~~~~~
d:\mereni_hladiy\drivers\stm32wlxx_hal_driver\inc\stm32wlxx_ll_bus.h:1491:3: note: in expansion of macro 'SET_BIT'
 1491 |   SET_BIT(RCC->APB3ENR, Periphs);
      |   ^~~~~~~
d:\mereni_hladiy\drivers\stm32wlxx_hal_driver\inc\stm32wlxx_ll_bus.h: In function 'void LL_APB3_GRP1_DisableClock(uint32_t)':
d:\mereni_hladiy\drivers\cmsis\device\st\stm32wlxx\include\stm32wlxx.h:149:38: warning: compound assignment with 'volatile'-qualified left operand is deprecated [-Wvolatile]
  149 | #define CLEAR_BIT(REG, BIT)   ((REG) &= ~(BIT))
      |                                ~~~~~~^~~~~~~~~
d:\mereni_hladiy\drivers\stm32wlxx_hal_driver\inc\stm32wlxx_ll_bus.h:1518:3: note: in expansion of macro 'CLEAR_BIT'
 1518 |   CLEAR_BIT(RCC->APB3ENR, Periphs);
      |   ^~~~~~~~~
d:\mereni_hladiy\drivers\stm32wlxx_hal_driver\inc\stm32wlxx_ll_bus.h: In function 'void LL_APB3_GRP1_ForceReset(uint32_t)':
d:\mereni_hladiy\drivers\cmsis\device\st\stm32wlxx\include\stm32wlxx.h:147:38: warning: compound assignment with 'volatile'-qualified left operand is deprecated [-Wvolatile]
  147 | #define SET_BIT(REG, BIT)     ((REG) |= (BIT))
      |                                ~~~~~~^~~~~~~~
d:\mereni_hladiy\drivers\stm32wlxx_hal_driver\inc\stm32wlxx_ll_bus.h:1531:3: note: in expansion of macro 'SET_BIT'
 1531 |   SET_BIT(RCC->APB3RSTR, Periphs);
      |   ^~~~~~~
d:\mereni_hladiy\drivers\stm32wlxx_hal_driver\inc\stm32wlxx_ll_bus.h: In function 'void LL_APB3_GRP1_ReleaseReset(uint32_t)':
d:\mereni_hladiy\drivers\cmsis\device\st\stm32wlxx\include\stm32wlxx.h:149:38: warning: compound assignment with 'volatile'-qualified left operand is deprecated [-Wvolatile]
  149 | #define CLEAR_BIT(REG, BIT)   ((REG) &= ~(BIT))
      |                                ~~~~~~^~~~~~~~~
d:\mereni_hladiy\drivers\stm32wlxx_hal_driver\inc\stm32wlxx_ll_bus.h:1543:3: note: in expansion of macro 'CLEAR_BIT'
 1543 |   CLEAR_BIT(RCC->APB3RSTR, Periphs);
      |   ^~~~~~~~~
d:\mereni_hladiy\drivers\stm32wlxx_hal_driver\inc\stm32wlxx_ll_bus.h: In function 'void LL_APB3_GRP1_EnableClockSleep(uint32_t)':
d:\mereni_hladiy\drivers\cmsis\device\st\stm32wlxx\include\stm32wlxx.h:147:38: warning: compound assignment with 'volatile'-qualified left operand is deprecated [-Wvolatile]
  147 | #define SET_BIT(REG, BIT)     ((REG) |= (BIT))
      |                                ~~~~~~^~~~~~~~
d:\mereni_hladiy\drivers\stm32wlxx_hal_driver\inc\stm32wlxx_ll_bus.h:1556:3: note: in expansion of macro 'SET_BIT'
 1556 |   SET_BIT(RCC->APB3SMENR, Periphs);
      |   ^~~~~~~
d:\mereni_hladiy\drivers\stm32wlxx_hal_driver\inc\stm32wlxx_ll_bus.h: In function 'void LL_APB3_GRP1_DisableClockSleep(uint32_t)':
d:\mereni_hladiy\drivers\cmsis\device\st\stm32wlxx\include\stm32wlxx.h:149:38: warning: compound assignment with 'volatile'-qualified left operand is deprecated [-Wvolatile]
  149 | #define CLEAR_BIT(REG, BIT)   ((REG) &= ~(BIT))
      |                                ~~~~~~^~~~~~~~~
d:\mereni_hladiy\drivers\stm32wlxx_hal_driver\inc\stm32wlxx_ll_bus.h:1583:3: note: in expansion of macro 'CLEAR_BIT'
 1583 |   CLEAR_BIT(RCC->APB3SMENR, Periphs);
      |   ^~~~~~~~~
d:\mereni_hladiy\drivers\stm32wlxx_hal_driver\inc\stm32wlxx_ll_bus.h: In function 'void LL_C2_AHB1_GRP1_EnableClock(uint32_t)':
d:\mereni_hladiy\drivers\cmsis\device\st\stm32wlxx\include\stm32wlxx.h:147:38: warning: compound assignment with 'volatile'-qualified left operand is deprecated [-Wvolatile]
  147 | #define SET_BIT(REG, BIT)     ((REG) |= (BIT))
      |                                ~~~~~~^~~~~~~~
d:\mereni_hladiy\drivers\stm32wlxx_hal_driver\inc\stm32wlxx_ll_bus.h:1611:3: note: in expansion of macro 'SET_BIT'
 1611 |   SET_BIT(RCC->C2AHB1ENR, Periphs);
      |   ^~~~~~~
d:\mereni_hladiy\drivers\stm32wlxx_hal_driver\inc\stm32wlxx_ll_bus.h: In function 'void LL_C2_AHB1_GRP1_DisableClock(uint32_t)':
d:\mereni_hladiy\drivers\cmsis\device\st\stm32wlxx\include\stm32wlxx.h:149:38: warning: compound assignment with 'volatile'-qualified left operand is deprecated [-Wvolatile]
  149 | #define CLEAR_BIT(REG, BIT)   ((REG) &= ~(BIT))
      |                                ~~~~~~^~~~~~~~~
d:\mereni_hladiy\drivers\stm32wlxx_hal_driver\inc\stm32wlxx_ll_bus.h:1650:3: note: in expansion of macro 'CLEAR_BIT'
 1650 |   CLEAR_BIT(RCC->C2AHB1ENR, Periphs);
      |   ^~~~~~~~~
d:\mereni_hladiy\drivers\stm32wlxx_hal_driver\inc\stm32wlxx_ll_bus.h: In function 'void LL_C2_AHB1_GRP1_EnableClockSleep(uint32_t)':
d:\mereni_hladiy\drivers\cmsis\device\st\stm32wlxx\include\stm32wlxx.h:147:38: warning: compound assignment with 'volatile'-qualified left operand is deprecated [-Wvolatile]
  147 | #define SET_BIT(REG, BIT)     ((REG) |= (BIT))
      |                                ~~~~~~^~~~~~~~
d:\mereni_hladiy\drivers\stm32wlxx_hal_driver\inc\stm32wlxx_ll_bus.h:1669:3: note: in expansion of macro 'SET_BIT'
 1669 |   SET_BIT(RCC->C2AHB1SMENR, Periphs);
      |   ^~~~~~~
d:\mereni_hladiy\drivers\stm32wlxx_hal_driver\inc\stm32wlxx_ll_bus.h: In function 'void LL_C2_AHB1_GRP1_DisableClockSleep(uint32_t)':
d:\mereni_hladiy\drivers\cmsis\device\st\stm32wlxx\include\stm32wlxx.h:149:38: warning: compound assignment with 'volatile'-qualified left operand is deprecated [-Wvolatile]
  149 | #define CLEAR_BIT(REG, BIT)   ((REG) &= ~(BIT))
      |                                ~~~~~~^~~~~~~~~
d:\mereni_hladiy\drivers\stm32wlxx_hal_driver\inc\stm32wlxx_ll_bus.h:1708:3: note: in expansion of macro 'CLEAR_BIT'
 1708 |   CLEAR_BIT(RCC->C2AHB1SMENR, Periphs);
      |   ^~~~~~~~~
d:\mereni_hladiy\drivers\stm32wlxx_hal_driver\inc\stm32wlxx_ll_bus.h: In function 'void LL_C2_AHB2_GRP1_EnableClock(uint32_t)':
d:\mereni_hladiy\drivers\cmsis\device\st\stm32wlxx\include\stm32wlxx.h:147:38: warning: compound assignment with 'volatile'-qualified left operand is deprecated [-Wvolatile]
  147 | #define SET_BIT(REG, BIT)     ((REG) |= (BIT))
      |                                ~~~~~~^~~~~~~~
d:\mereni_hladiy\drivers\stm32wlxx_hal_driver\inc\stm32wlxx_ll_bus.h:1735:3: note: in expansion of macro 'SET_BIT'
 1735 |   SET_BIT(RCC->C2AHB2ENR, Periphs);
      |   ^~~~~~~
d:\mereni_hladiy\drivers\stm32wlxx_hal_driver\inc\stm32wlxx_ll_bus.h: In function 'void LL_C2_AHB2_GRP1_DisableClock(uint32_t)':
d:\mereni_hladiy\drivers\cmsis\device\st\stm32wlxx\include\stm32wlxx.h:149:38: warning: compound assignment with 'volatile'-qualified left operand is deprecated [-Wvolatile]
  149 | #define CLEAR_BIT(REG, BIT)   ((REG) &= ~(BIT))
      |                                ~~~~~~^~~~~~~~~
d:\mereni_hladiy\drivers\stm32wlxx_hal_driver\inc\stm32wlxx_ll_bus.h:1774:3: note: in expansion of macro 'CLEAR_BIT'
 1774 |   CLEAR_BIT(RCC->C2AHB2ENR, Periphs);
      |   ^~~~~~~~~
d:\mereni_hladiy\drivers\stm32wlxx_hal_driver\inc\stm32wlxx_ll_bus.h: In function 'void LL_C2_AHB2_GRP1_EnableClockSleep(uint32_t)':
d:\mereni_hladiy\drivers\cmsis\device\st\stm32wlxx\include\stm32wlxx.h:147:38: warning: compound assignment with 'volatile'-qualified left operand is deprecated [-Wvolatile]
  147 | #define SET_BIT(REG, BIT)     ((REG) |= (BIT))
      |                                ~~~~~~^~~~~~~~
d:\mereni_hladiy\drivers\stm32wlxx_hal_driver\inc\stm32wlxx_ll_bus.h:1793:3: note: in expansion of macro 'SET_BIT'
 1793 |   SET_BIT(RCC->C2AHB2SMENR, Periphs);
      |   ^~~~~~~
d:\mereni_hladiy\drivers\stm32wlxx_hal_driver\inc\stm32wlxx_ll_bus.h: In function 'void LL_C2_AHB2_GRP1_DisableClockSleep(uint32_t)':
d:\mereni_hladiy\drivers\cmsis\device\st\stm32wlxx\include\stm32wlxx.h:149:38: warning: compound assignment with 'volatile'-qualified left operand is deprecated [-Wvolatile]
  149 | #define CLEAR_BIT(REG, BIT)   ((REG) &= ~(BIT))
      |                                ~~~~~~^~~~~~~~~
d:\mereni_hladiy\drivers\stm32wlxx_hal_driver\inc\stm32wlxx_ll_bus.h:1833:3: note: in expansion of macro 'CLEAR_BIT'
 1833 |   CLEAR_BIT(RCC->C2AHB2SMENR, Periphs);
      |   ^~~~~~~~~
d:\mereni_hladiy\drivers\stm32wlxx_hal_driver\inc\stm32wlxx_ll_bus.h: In function 'void LL_C2_AHB3_GRP1_EnableClock(uint32_t)':
d:\mereni_hladiy\drivers\cmsis\device\st\stm32wlxx\include\stm32wlxx.h:147:38: warning: compound assignment with 'volatile'-qualified left operand is deprecated [-Wvolatile]
  147 | #define SET_BIT(REG, BIT)     ((REG) |= (BIT))
      |                                ~~~~~~^~~~~~~~
d:\mereni_hladiy\drivers\stm32wlxx_hal_driver\inc\stm32wlxx_ll_bus.h:1864:3: note: in expansion of macro 'SET_BIT'
 1864 |   SET_BIT(RCC->C2AHB3ENR, Periphs);
      |   ^~~~~~~
d:\mereni_hladiy\drivers\stm32wlxx_hal_driver\inc\stm32wlxx_ll_bus.h: In function 'void LL_C2_AHB3_GRP1_DisableClock(uint32_t)':
d:\mereni_hladiy\drivers\cmsis\device\st\stm32wlxx\include\stm32wlxx.h:149:38: warning: compound assignment with 'volatile'-qualified left operand is deprecated [-Wvolatile]
  149 | #define CLEAR_BIT(REG, BIT)   ((REG) &= ~(BIT))
      |                                ~~~~~~^~~~~~~~~
d:\mereni_hladiy\drivers\stm32wlxx_hal_driver\inc\stm32wlxx_ll_bus.h:1911:3: note: in expansion of macro 'CLEAR_BIT'
 1911 |   CLEAR_BIT(RCC->C2AHB3ENR, Periphs);
      |   ^~~~~~~~~
d:\mereni_hladiy\drivers\stm32wlxx_hal_driver\inc\stm32wlxx_ll_bus.h: In function 'void LL_C2_AHB3_GRP1_EnableClockSleep(uint32_t)':
d:\mereni_hladiy\drivers\cmsis\device\st\stm32wlxx\include\stm32wlxx.h:147:38: warning: compound assignment with 'volatile'-qualified left operand is deprecated [-Wvolatile]
  147 | #define SET_BIT(REG, BIT)     ((REG) |= (BIT))
      |                                ~~~~~~^~~~~~~~
d:\mereni_hladiy\drivers\stm32wlxx_hal_driver\inc\stm32wlxx_ll_bus.h:1934:3: note: in expansion of macro 'SET_BIT'
 1934 |   SET_BIT(RCC->C2AHB3SMENR, Periphs);
      |   ^~~~~~~
d:\mereni_hladiy\drivers\stm32wlxx_hal_driver\inc\stm32wlxx_ll_bus.h: In function 'void LL_C2_AHB3_GRP1_DisableClockSleep(uint32_t)':
d:\mereni_hladiy\drivers\cmsis\device\st\stm32wlxx\include\stm32wlxx.h:149:38: warning: compound assignment with 'volatile'-qualified left operand is deprecated [-Wvolatile]
  149 | #define CLEAR_BIT(REG, BIT)   ((REG) &= ~(BIT))
      |                                ~~~~~~^~~~~~~~~
d:\mereni_hladiy\drivers\stm32wlxx_hal_driver\inc\stm32wlxx_ll_bus.h:1979:3: note: in expansion of macro 'CLEAR_BIT'
 1979 |   CLEAR_BIT(RCC->C2AHB3SMENR, Periphs);
      |   ^~~~~~~~~
d:\mereni_hladiy\drivers\stm32wlxx_hal_driver\inc\stm32wlxx_ll_bus.h: In function 'void LL_C2_APB1_GRP1_EnableClock(uint32_t)':
d:\mereni_hladiy\drivers\cmsis\device\st\stm32wlxx\include\stm32wlxx.h:147:38: warning: compound assignment with 'volatile'-qualified left operand is deprecated [-Wvolatile]
  147 | #define SET_BIT(REG, BIT)     ((REG) |= (BIT))
      |                                ~~~~~~^~~~~~~~
d:\mereni_hladiy\drivers\stm32wlxx_hal_driver\inc\stm32wlxx_ll_bus.h:2017:3: note: in expansion of macro 'SET_BIT'
 2017 |   SET_BIT(RCC->C2APB1ENR1, Periphs);
      |   ^~~~~~~
d:\mereni_hladiy\drivers\stm32wlxx_hal_driver\inc\stm32wlxx_ll_bus.h: In function 'void LL_C2_APB1_GRP2_EnableClock(uint32_t)':
d:\mereni_hladiy\drivers\cmsis\device\st\stm32wlxx\include\stm32wlxx.h:147:38: warning: compound assignment with 'volatile'-qualified left operand is deprecated [-Wvolatile]
  147 | #define SET_BIT(REG, BIT)     ((REG) |= (BIT))
      |                                ~~~~~~^~~~~~~~
d:\mereni_hladiy\drivers\stm32wlxx_hal_driver\inc\stm32wlxx_ll_bus.h:2035:3: note: in expansion of macro 'SET_BIT'
 2035 |   SET_BIT(RCC->C2APB1ENR2, Periphs);
      |   ^~~~~~~
d:\mereni_hladiy\drivers\stm32wlxx_hal_driver\inc\stm32wlxx_ll_bus.h: In function 'void LL_C2_APB1_GRP1_DisableClock(uint32_t)':
d:\mereni_hladiy\drivers\cmsis\device\st\stm32wlxx\include\stm32wlxx.h:149:38: warning: compound assignment with 'volatile'-qualified left operand is deprecated [-Wvolatile]
  149 | #define CLEAR_BIT(REG, BIT)   ((REG) &= ~(BIT))
      |                                ~~~~~~^~~~~~~~~
d:\mereni_hladiy\drivers\stm32wlxx_hal_driver\inc\stm32wlxx_ll_bus.h:2110:3: note: in expansion of macro 'CLEAR_BIT'
 2110 |   CLEAR_BIT(RCC->C2APB1ENR1, Periphs);
      |   ^~~~~~~~~
d:\mereni_hladiy\drivers\stm32wlxx_hal_driver\inc\stm32wlxx_ll_bus.h: In function 'void LL_C2_APB1_GRP2_DisableClock(uint32_t)':
d:\mereni_hladiy\drivers\cmsis\device\st\stm32wlxx\include\stm32wlxx.h:149:38: warning: compound assignment with 'volatile'-qualified left operand is deprecated [-Wvolatile]
  149 | #define CLEAR_BIT(REG, BIT)   ((REG) &= ~(BIT))
      |                                ~~~~~~^~~~~~~~~
d:\mereni_hladiy\drivers\stm32wlxx_hal_driver\inc\stm32wlxx_ll_bus.h:2124:3: note: in expansion of macro 'CLEAR_BIT'
 2124 |   CLEAR_BIT(RCC->C2APB1ENR2, Periphs);
      |   ^~~~~~~~~
d:\mereni_hladiy\drivers\stm32wlxx_hal_driver\inc\stm32wlxx_ll_bus.h: In function 'void LL_C2_APB1_GRP1_EnableClockSleep(uint32_t)':
d:\mereni_hladiy\drivers\cmsis\device\st\stm32wlxx\include\stm32wlxx.h:147:38: warning: compound assignment with 'volatile'-qualified left operand is deprecated [-Wvolatile]
  147 | #define SET_BIT(REG, BIT)     ((REG) |= (BIT))
      |                                ~~~~~~^~~~~~~~
d:\mereni_hladiy\drivers\stm32wlxx_hal_driver\inc\stm32wlxx_ll_bus.h:2153:3: note: in expansion of macro 'SET_BIT'
 2153 |   SET_BIT(RCC->C2APB1SMENR1, Periphs);
      |   ^~~~~~~
d:\mereni_hladiy\drivers\stm32wlxx_hal_driver\inc\stm32wlxx_ll_bus.h: In function 'void LL_C2_APB1_GRP2_EnableClockSleep(uint32_t)':
d:\mereni_hladiy\drivers\cmsis\device\st\stm32wlxx\include\stm32wlxx.h:147:38: warning: compound assignment with 'volatile'-qualified left operand is deprecated [-Wvolatile]
  147 | #define SET_BIT(REG, BIT)     ((REG) |= (BIT))
      |                                ~~~~~~^~~~~~~~
d:\mereni_hladiy\drivers\stm32wlxx_hal_driver\inc\stm32wlxx_ll_bus.h:2173:3: note: in expansion of macro 'SET_BIT'
 2173 |   SET_BIT(RCC->C2APB1SMENR2, Periphs);
      |   ^~~~~~~
d:\mereni_hladiy\drivers\stm32wlxx_hal_driver\inc\stm32wlxx_ll_bus.h: In function 'void LL_C2_APB1_GRP1_DisableClockSleep(uint32_t)':
d:\mereni_hladiy\drivers\cmsis\device\st\stm32wlxx\include\stm32wlxx.h:149:38: warning: compound assignment with 'volatile'-qualified left operand is deprecated [-Wvolatile]
  149 | #define CLEAR_BIT(REG, BIT)   ((REG) &= ~(BIT))
      |                                ~~~~~~^~~~~~~~~
d:\mereni_hladiy\drivers\stm32wlxx_hal_driver\inc\stm32wlxx_ll_bus.h:2249:3: note: in expansion of macro 'CLEAR_BIT'
 2249 |   CLEAR_BIT(RCC->C2APB1SMENR1, Periphs);
      |   ^~~~~~~~~
d:\mereni_hladiy\drivers\stm32wlxx_hal_driver\inc\stm32wlxx_ll_bus.h: In function 'void LL_C2_APB1_GRP2_DisableClockSleep(uint32_t)':
d:\mereni_hladiy\drivers\cmsis\device\st\stm32wlxx\include\stm32wlxx.h:149:38: warning: compound assignment with 'volatile'-qualified left operand is deprecated [-Wvolatile]
  149 | #define CLEAR_BIT(REG, BIT)   ((REG) &= ~(BIT))
      |                                ~~~~~~^~~~~~~~~
d:\mereni_hladiy\drivers\stm32wlxx_hal_driver\inc\stm32wlxx_ll_bus.h:2263:3: note: in expansion of macro 'CLEAR_BIT'
 2263 |   CLEAR_BIT(RCC->C2APB1SMENR2, Periphs);
      |   ^~~~~~~~~
d:\mereni_hladiy\drivers\stm32wlxx_hal_driver\inc\stm32wlxx_ll_bus.h: In function 'void LL_C2_APB2_GRP1_EnableClock(uint32_t)':
d:\mereni_hladiy\drivers\cmsis\device\st\stm32wlxx\include\stm32wlxx.h:147:38: warning: compound assignment with 'volatile'-qualified left operand is deprecated [-Wvolatile]
  147 | #define SET_BIT(REG, BIT)     ((REG) |= (BIT))
      |                                ~~~~~~^~~~~~~~
d:\mereni_hladiy\drivers\stm32wlxx_hal_driver\inc\stm32wlxx_ll_bus.h:2294:3: note: in expansion of macro 'SET_BIT'
 2294 |   SET_BIT(RCC->C2APB2ENR, Periphs);
      |   ^~~~~~~
d:\mereni_hladiy\drivers\stm32wlxx_hal_driver\inc\stm32wlxx_ll_bus.h: In function 'void LL_C2_APB2_GRP1_DisableClock(uint32_t)':
d:\mereni_hladiy\drivers\cmsis\device\st\stm32wlxx\include\stm32wlxx.h:149:38: warning: compound assignment with 'volatile'-qualified left operand is deprecated [-Wvolatile]
  149 | #define CLEAR_BIT(REG, BIT)   ((REG) &= ~(BIT))
      |                                ~~~~~~^~~~~~~~~
d:\mereni_hladiy\drivers\stm32wlxx_hal_driver\inc\stm32wlxx_ll_bus.h:2341:3: note: in expansion of macro 'CLEAR_BIT'
 2341 |   CLEAR_BIT(RCC->C2APB2ENR, Periphs);
      |   ^~~~~~~~~
d:\mereni_hladiy\drivers\stm32wlxx_hal_driver\inc\stm32wlxx_ll_bus.h: In function 'void LL_C2_APB2_GRP1_EnableClockSleep(uint32_t)':
d:\mereni_hladiy\drivers\cmsis\device\st\stm32wlxx\include\stm32wlxx.h:147:38: warning: compound assignment with 'volatile'-qualified left operand is deprecated [-Wvolatile]
  147 | #define SET_BIT(REG, BIT)     ((REG) |= (BIT))
      |                                ~~~~~~^~~~~~~~
d:\mereni_hladiy\drivers\stm32wlxx_hal_driver\inc\stm32wlxx_ll_bus.h:2364:3: note: in expansion of macro 'SET_BIT'
 2364 |   SET_BIT(RCC->C2APB2SMENR, Periphs);
      |   ^~~~~~~
d:\mereni_hladiy\drivers\stm32wlxx_hal_driver\inc\stm32wlxx_ll_bus.h: In function 'void LL_C2_APB2_GRP1_DisableClockSleep(uint32_t)':
d:\mereni_hladiy\drivers\cmsis\device\st\stm32wlxx\include\stm32wlxx.h:149:38: warning: compound assignment with 'volatile'-qualified left operand is deprecated [-Wvolatile]
  149 | #define CLEAR_BIT(REG, BIT)   ((REG) &= ~(BIT))
      |                                ~~~~~~^~~~~~~~~
d:\mereni_hladiy\drivers\stm32wlxx_hal_driver\inc\stm32wlxx_ll_bus.h:2411:3: note: in expansion of macro 'CLEAR_BIT'
 2411 |   CLEAR_BIT(RCC->C2APB2SMENR, Periphs);
      |   ^~~~~~~~~
d:\mereni_hladiy\drivers\stm32wlxx_hal_driver\inc\stm32wlxx_ll_bus.h: In function 'void LL_C2_APB3_GRP1_EnableClock(uint32_t)':
d:\mereni_hladiy\drivers\cmsis\device\st\stm32wlxx\include\stm32wlxx.h:147:38: warning: compound assignment with 'volatile'-qualified left operand is deprecated [-Wvolatile]
  147 | #define SET_BIT(REG, BIT)     ((REG) |= (BIT))
      |                                ~~~~~~^~~~~~~~
d:\mereni_hladiy\drivers\stm32wlxx_hal_driver\inc\stm32wlxx_ll_bus.h:2432:3: note: in expansion of macro 'SET_BIT'
 2432 |   SET_BIT(RCC->C2APB3ENR, Periphs);
      |   ^~~~~~~
d:\mereni_hladiy\drivers\stm32wlxx_hal_driver\inc\stm32wlxx_ll_bus.h: In function 'void LL_C2_APB3_GRP1_DisableClock(uint32_t)':
d:\mereni_hladiy\drivers\cmsis\device\st\stm32wlxx\include\stm32wlxx.h:149:38: warning: compound assignment with 'volatile'-qualified left operand is deprecated [-Wvolatile]
  149 | #define CLEAR_BIT(REG, BIT)   ((REG) &= ~(BIT))
      |                                ~~~~~~^~~~~~~~~
d:\mereni_hladiy\drivers\stm32wlxx_hal_driver\inc\stm32wlxx_ll_bus.h:2459:3: note: in expansion of macro 'CLEAR_BIT'
 2459 |   CLEAR_BIT(RCC->C2APB3ENR, Periphs);
      |   ^~~~~~~~~
d:\mereni_hladiy\drivers\stm32wlxx_hal_driver\inc\stm32wlxx_ll_bus.h: In function 'void LL_C2_APB3_GRP1_EnableClockSleep(uint32_t)':
d:\mereni_hladiy\drivers\cmsis\device\st\stm32wlxx\include\stm32wlxx.h:147:38: warning: compound assignment with 'volatile'-qualified left operand is deprecated [-Wvolatile]
  147 | #define SET_BIT(REG, BIT)     ((REG) |= (BIT))
      |                                ~~~~~~^~~~~~~~
d:\mereni_hladiy\drivers\stm32wlxx_hal_driver\inc\stm32wlxx_ll_bus.h:2472:3: note: in expansion of macro 'SET_BIT'
 2472 |   SET_BIT(RCC->C2APB3SMENR, Periphs);
      |   ^~~~~~~
d:\mereni_hladiy\drivers\stm32wlxx_hal_driver\inc\stm32wlxx_ll_bus.h: In function 'void LL_C2_APB3_GRP1_DisableClockSleep(uint32_t)':
d:\mereni_hladiy\drivers\cmsis\device\st\stm32wlxx\include\stm32wlxx.h:149:38: warning: compound assignment with 'volatile'-qualified left operand is deprecated [-Wvolatile]
  149 | #define CLEAR_BIT(REG, BIT)   ((REG) &= ~(BIT))
      |                                ~~~~~~^~~~~~~~~
d:\mereni_hladiy\drivers\stm32wlxx_hal_driver\inc\stm32wlxx_ll_bus.h:2499:3: note: in expansion of macro 'CLEAR_BIT'
 2499 |   CLEAR_BIT(RCC->C2APB3SMENR, Periphs);
      |   ^~~~~~~~~
d:\mereni_hladiy\drivers\stm32wlxx_hal_driver\inc\stm32wlxx_ll_exti.h: In function 'void LL_EXTI_EnableIT_0_31(uint32_t)':
d:\mereni_hladiy\drivers\cmsis\device\st\stm32wlxx\include\stm32wlxx.h:147:38: warning: compound assignment with 'volatile'-qualified left operand is deprecated [-Wvolatile]
  147 | #define SET_BIT(REG, BIT)     ((REG) |= (BIT))
      |                                ~~~~~~^~~~~~~~
d:\mereni_hladiy\drivers\stm32wlxx_hal_driver\inc\stm32wlxx_ll_exti.h:267:3: note: in expansion of macro 'SET_BIT'
  267 |   SET_BIT(EXTI->IMR1, ExtiLine);
      |   ^~~~~~~
d:\mereni_hladiy\drivers\stm32wlxx_hal_driver\inc\stm32wlxx_ll_exti.h: In function 'void LL_C2_EXTI_EnableIT_0_31(uint32_t)':
d:\mereni_hladiy\drivers\cmsis\device\st\stm32wlxx\include\stm32wlxx.h:147:38: warning: compound assignment with 'volatile'-qualified left operand is deprecated [-Wvolatile]
  147 | #define SET_BIT(REG, BIT)     ((REG) |= (BIT))
      |                                ~~~~~~^~~~~~~~
d:\mereni_hladiy\drivers\stm32wlxx_hal_driver\inc\stm32wlxx_ll_exti.h:312:3: note: in expansion of macro 'SET_BIT'
  312 |   SET_BIT(EXTI->C2IMR1, ExtiLine);
      |   ^~~~~~~
d:\mereni_hladiy\drivers\stm32wlxx_hal_driver\inc\stm32wlxx_ll_exti.h: In function 'void LL_EXTI_EnableIT_32_63(uint32_t)':
d:\mereni_hladiy\drivers\cmsis\device\st\stm32wlxx\include\stm32wlxx.h:147:38: warning: compound assignment with 'volatile'-qualified left operand is deprecated [-Wvolatile]
  147 | #define SET_BIT(REG, BIT)     ((REG) |= (BIT))
      |                                ~~~~~~^~~~~~~~
d:\mereni_hladiy\drivers\stm32wlxx_hal_driver\inc\stm32wlxx_ll_exti.h:338:3: note: in expansion of macro 'SET_BIT'
  338 |   SET_BIT(EXTI->IMR2, ExtiLine);
      |   ^~~~~~~
d:\mereni_hladiy\drivers\stm32wlxx_hal_driver\inc\stm32wlxx_ll_exti.h: In function 'void LL_C2_EXTI_EnableIT_32_63(uint32_t)':
d:\mereni_hladiy\drivers\cmsis\device\st\stm32wlxx\include\stm32wlxx.h:147:38: warning: compound assignment with 'volatile'-qualified left operand is deprecated [-Wvolatile]
  147 | #define SET_BIT(REG, BIT)     ((REG) |= (BIT))
      |                                ~~~~~~^~~~~~~~
d:\mereni_hladiy\drivers\stm32wlxx_hal_driver\inc\stm32wlxx_ll_exti.h:364:3: note: in expansion of macro 'SET_BIT'
  364 |   SET_BIT(EXTI->C2IMR2, ExtiLine);
      |   ^~~~~~~
d:\mereni_hladiy\drivers\stm32wlxx_hal_driver\inc\stm32wlxx_ll_exti.h: In function 'void LL_EXTI_DisableIT_0_31(uint32_t)':
d:\mereni_hladiy\drivers\cmsis\device\st\stm32wlxx\include\stm32wlxx.h:149:38: warning: compound assignment with 'volatile'-qualified left operand is deprecated [-Wvolatile]
  149 | #define CLEAR_BIT(REG, BIT)   ((REG) &= ~(BIT))
      |                                ~~~~~~^~~~~~~~~
d:\mereni_hladiy\drivers\stm32wlxx_hal_driver\inc\stm32wlxx_ll_exti.h:409:3: note: in expansion of macro 'CLEAR_BIT'
  409 |   CLEAR_BIT(EXTI->IMR1, ExtiLine);
      |   ^~~~~~~~~
d:\mereni_hladiy\drivers\stm32wlxx_hal_driver\inc\stm32wlxx_ll_exti.h: In function 'void LL_C2_EXTI_DisableIT_0_31(uint32_t)':
d:\mereni_hladiy\drivers\cmsis\device\st\stm32wlxx\include\stm32wlxx.h:149:38: warning: compound assignment with 'volatile'-qualified left operand is deprecated [-Wvolatile]
  149 | #define CLEAR_BIT(REG, BIT)   ((REG) &= ~(BIT))
      |                                ~~~~~~^~~~~~~~~
d:\mereni_hladiy\drivers\stm32wlxx_hal_driver\inc\stm32wlxx_ll_exti.h:454:3: note: in expansion of macro 'CLEAR_BIT'
  454 |   CLEAR_BIT(EXTI->C2IMR1, ExtiLine);
      |   ^~~~~~~~~
d:\mereni_hladiy\drivers\stm32wlxx_hal_driver\inc\stm32wlxx_ll_exti.h: In function 'void LL_EXTI_DisableIT_32_63(uint32_t)':
d:\mereni_hladiy\drivers\cmsis\device\st\stm32wlxx\include\stm32wlxx.h:149:38: warning: compound assignment with 'volatile'-qualified left operand is deprecated [-Wvolatile]
  149 | #define CLEAR_BIT(REG, BIT)   ((REG) &= ~(BIT))
      |                                ~~~~~~^~~~~~~~~
d:\mereni_hladiy\drivers\stm32wlxx_hal_driver\inc\stm32wlxx_ll_exti.h:480:3: note: in expansion of macro 'CLEAR_BIT'
  480 |   CLEAR_BIT(EXTI->IMR2, ExtiLine);
      |   ^~~~~~~~~
d:\mereni_hladiy\drivers\stm32wlxx_hal_driver\inc\stm32wlxx_ll_exti.h: In function 'void LL_C2_EXTI_DisableIT_32_63(uint32_t)':
d:\mereni_hladiy\drivers\cmsis\device\st\stm32wlxx\include\stm32wlxx.h:149:38: warning: compound assignment with 'volatile'-qualified left operand is deprecated [-Wvolatile]
  149 | #define CLEAR_BIT(REG, BIT)   ((REG) &= ~(BIT))
      |                                ~~~~~~^~~~~~~~~
d:\mereni_hladiy\drivers\stm32wlxx_hal_driver\inc\stm32wlxx_ll_exti.h:506:3: note: in expansion of macro 'CLEAR_BIT'
  506 |   CLEAR_BIT(EXTI->C2IMR2, ExtiLine);
      |   ^~~~~~~~~
d:\mereni_hladiy\drivers\stm32wlxx_hal_driver\inc\stm32wlxx_ll_exti.h: In function 'void LL_EXTI_EnableEvent_0_31(uint32_t)':
d:\mereni_hladiy\drivers\cmsis\device\st\stm32wlxx\include\stm32wlxx.h:147:38: warning: compound assignment with 'volatile'-qualified left operand is deprecated [-Wvolatile]
  147 | #define SET_BIT(REG, BIT)     ((REG) |= (BIT))
      |                                ~~~~~~^~~~~~~~
d:\mereni_hladiy\drivers\stm32wlxx_hal_driver\inc\stm32wlxx_ll_exti.h:689:3: note: in expansion of macro 'SET_BIT'
  689 |   SET_BIT(EXTI->EMR1, ExtiLine);
      |   ^~~~~~~
d:\mereni_hladiy\drivers\stm32wlxx_hal_driver\inc\stm32wlxx_ll_exti.h: In function 'void LL_C2_EXTI_EnableEvent_0_31(uint32_t)':
d:\mereni_hladiy\drivers\cmsis\device\st\stm32wlxx\include\stm32wlxx.h:147:38: warning: compound assignment with 'volatile'-qualified left operand is deprecated [-Wvolatile]
  147 | #define SET_BIT(REG, BIT)     ((REG) |= (BIT))
      |                                ~~~~~~^~~~~~~~
d:\mereni_hladiy\drivers\stm32wlxx_hal_driver\inc\stm32wlxx_ll_exti.h:722:3: note: in expansion of macro 'SET_BIT'
  722 |   SET_BIT(EXTI->C2EMR1, ExtiLine);
      |   ^~~~~~~
d:\mereni_hladiy\drivers\stm32wlxx_hal_driver\inc\stm32wlxx_ll_exti.h: In function 'void LL_EXTI_EnableEvent_32_63(uint32_t)':
d:\mereni_hladiy\drivers\cmsis\device\st\stm32wlxx\include\stm32wlxx.h:147:38: warning: compound assignment with 'volatile'-qualified left operand is deprecated [-Wvolatile]
  147 | #define SET_BIT(REG, BIT)     ((REG) |= (BIT))
      |                                ~~~~~~^~~~~~~~
d:\mereni_hladiy\drivers\stm32wlxx_hal_driver\inc\stm32wlxx_ll_exti.h:737:3: note: in expansion of macro 'SET_BIT'
  737 |   SET_BIT(EXTI->EMR2, ExtiLine);
      |   ^~~~~~~
d:\mereni_hladiy\drivers\stm32wlxx_hal_driver\inc\stm32wlxx_ll_exti.h: In function 'void LL_C2_EXTI_EnableEvent_32_63(uint32_t)':
d:\mereni_hladiy\drivers\cmsis\device\st\stm32wlxx\include\stm32wlxx.h:147:38: warning: compound assignment with 'volatile'-qualified left operand is deprecated [-Wvolatile]
  147 | #define SET_BIT(REG, BIT)     ((REG) |= (BIT))
      |                                ~~~~~~^~~~~~~~
d:\mereni_hladiy\drivers\stm32wlxx_hal_driver\inc\stm32wlxx_ll_exti.h:752:3: note: in expansion of macro 'SET_BIT'
  752 |   SET_BIT(EXTI->C2EMR2, ExtiLine);
      |   ^~~~~~~
d:\mereni_hladiy\drivers\stm32wlxx_hal_driver\inc\stm32wlxx_ll_exti.h: In function 'void LL_EXTI_DisableEvent_0_31(uint32_t)':
d:\mereni_hladiy\drivers\cmsis\device\st\stm32wlxx\include\stm32wlxx.h:149:38: warning: compound assignment with 'volatile'-qualified left operand is deprecated [-Wvolatile]
  149 | #define CLEAR_BIT(REG, BIT)   ((REG) &= ~(BIT))
      |                                ~~~~~~^~~~~~~~~
d:\mereni_hladiy\drivers\stm32wlxx_hal_driver\inc\stm32wlxx_ll_exti.h:785:3: note: in expansion of macro 'CLEAR_BIT'
  785 |   CLEAR_BIT(EXTI->EMR1, ExtiLine);
      |   ^~~~~~~~~
d:\mereni_hladiy\drivers\stm32wlxx_hal_driver\inc\stm32wlxx_ll_exti.h: In function 'void LL_C2_EXTI_DisableEvent_0_31(uint32_t)':
d:\mereni_hladiy\drivers\cmsis\device\st\stm32wlxx\include\stm32wlxx.h:149:38: warning: compound assignment with 'volatile'-qualified left operand is deprecated [-Wvolatile]
  149 | #define CLEAR_BIT(REG, BIT)   ((REG) &= ~(BIT))
      |                                ~~~~~~^~~~~~~~~
d:\mereni_hladiy\drivers\stm32wlxx_hal_driver\inc\stm32wlxx_ll_exti.h:818:3: note: in expansion of macro 'CLEAR_BIT'
  818 |   CLEAR_BIT(EXTI->C2EMR1, ExtiLine);
      |   ^~~~~~~~~
d:\mereni_hladiy\drivers\stm32wlxx_hal_driver\inc\stm32wlxx_ll_exti.h: In function 'void LL_EXTI_DisableEvent_32_63(uint32_t)':
d:\mereni_hladiy\drivers\cmsis\device\st\stm32wlxx\include\stm32wlxx.h:149:38: warning: compound assignment with 'volatile'-qualified left operand is deprecated [-Wvolatile]
  149 | #define CLEAR_BIT(REG, BIT)   ((REG) &= ~(BIT))
      |                                ~~~~~~^~~~~~~~~
d:\mereni_hladiy\drivers\stm32wlxx_hal_driver\inc\stm32wlxx_ll_exti.h:833:3: note: in expansion of macro 'CLEAR_BIT'
  833 |   CLEAR_BIT(EXTI->EMR2, ExtiLine);
      |   ^~~~~~~~~
d:\mereni_hladiy\drivers\stm32wlxx_hal_driver\inc\stm32wlxx_ll_exti.h: In function 'void LL_C2_EXTI_DisableEvent_32_63(uint32_t)':
d:\mereni_hladiy\drivers\cmsis\device\st\stm32wlxx\include\stm32wlxx.h:149:38: warning: compound assignment with 'volatile'-qualified left operand is deprecated [-Wvolatile]
  149 | #define CLEAR_BIT(REG, BIT)   ((REG) &= ~(BIT))
      |                                ~~~~~~^~~~~~~~~
d:\mereni_hladiy\drivers\stm32wlxx_hal_driver\inc\stm32wlxx_ll_exti.h:848:3: note: in expansion of macro 'CLEAR_BIT'
  848 |   CLEAR_BIT(EXTI->C2EMR2, ExtiLine);
      |   ^~~~~~~~~
d:\mereni_hladiy\drivers\stm32wlxx_hal_driver\inc\stm32wlxx_ll_exti.h: In function 'void LL_EXTI_EnableRisingTrig_0_31(uint32_t)':
d:\mereni_hladiy\drivers\cmsis\device\st\stm32wlxx\include\stm32wlxx.h:147:38: warning: compound assignment with 'volatile'-qualified left operand is deprecated [-Wvolatile]
  147 | #define SET_BIT(REG, BIT)     ((REG) |= (BIT))
      |                                ~~~~~~^~~~~~~~
d:\mereni_hladiy\drivers\stm32wlxx_hal_driver\inc\stm32wlxx_ll_exti.h:991:3: note: in expansion of macro 'SET_BIT'
  991 |   SET_BIT(EXTI->RTSR1, ExtiLine);
      |   ^~~~~~~
d:\mereni_hladiy\drivers\stm32wlxx_hal_driver\inc\stm32wlxx_ll_exti.h: In function 'void LL_EXTI_EnableRisingTrig_32_63(uint32_t)':
d:\mereni_hladiy\drivers\cmsis\device\st\stm32wlxx\include\stm32wlxx.h:147:38: warning: compound assignment with 'volatile'-qualified left operand is deprecated [-Wvolatile]
  147 | #define SET_BIT(REG, BIT)     ((REG) |= (BIT))
      |                                ~~~~~~^~~~~~~~
d:\mereni_hladiy\drivers\stm32wlxx_hal_driver\inc\stm32wlxx_ll_exti.h:1013:3: note: in expansion of macro 'SET_BIT'
 1013 |   SET_BIT(EXTI->RTSR2, ExtiLine);
      |   ^~~~~~~
d:\mereni_hladiy\drivers\stm32wlxx_hal_driver\inc\stm32wlxx_ll_exti.h: In function 'void LL_EXTI_DisableRisingTrig_0_31(uint32_t)':
d:\mereni_hladiy\drivers\cmsis\device\st\stm32wlxx\include\stm32wlxx.h:149:38: warning: compound assignment with 'volatile'-qualified left operand is deprecated [-Wvolatile]
  149 | #define CLEAR_BIT(REG, BIT)   ((REG) &= ~(BIT))
      |                                ~~~~~~^~~~~~~~~
d:\mereni_hladiy\drivers\stm32wlxx_hal_driver\inc\stm32wlxx_ll_exti.h:1051:3: note: in expansion of macro 'CLEAR_BIT'
 1051 |   CLEAR_BIT(EXTI->RTSR1, ExtiLine);
      |   ^~~~~~~~~
d:\mereni_hladiy\drivers\stm32wlxx_hal_driver\inc\stm32wlxx_ll_exti.h: In function 'void LL_EXTI_DisableRisingTrig_32_63(uint32_t)':
d:\mereni_hladiy\drivers\cmsis\device\st\stm32wlxx\include\stm32wlxx.h:149:38: warning: compound assignment with 'volatile'-qualified left operand is deprecated [-Wvolatile]
  149 | #define CLEAR_BIT(REG, BIT)   ((REG) &= ~(BIT))
      |                                ~~~~~~^~~~~~~~~
d:\mereni_hladiy\drivers\stm32wlxx_hal_driver\inc\stm32wlxx_ll_exti.h:1074:3: note: in expansion of macro 'CLEAR_BIT'
 1074 |   CLEAR_BIT(EXTI->RTSR2, ExtiLine);
      |   ^~~~~~~~~
d:\mereni_hladiy\drivers\stm32wlxx_hal_driver\inc\stm32wlxx_ll_exti.h: In function 'void LL_EXTI_EnableFallingTrig_0_31(uint32_t)':
d:\mereni_hladiy\drivers\cmsis\device\st\stm32wlxx\include\stm32wlxx.h:147:38: warning: compound assignment with 'volatile'-qualified left operand is deprecated [-Wvolatile]
  147 | #define SET_BIT(REG, BIT)     ((REG) |= (BIT))
      |                                ~~~~~~^~~~~~~~
d:\mereni_hladiy\drivers\stm32wlxx_hal_driver\inc\stm32wlxx_ll_exti.h:1166:3: note: in expansion of macro 'SET_BIT'
 1166 |   SET_BIT(EXTI->FTSR1, ExtiLine);
      |   ^~~~~~~
d:\mereni_hladiy\drivers\stm32wlxx_hal_driver\inc\stm32wlxx_ll_exti.h: In function 'void LL_EXTI_EnableFallingTrig_32_63(uint32_t)':
d:\mereni_hladiy\drivers\cmsis\device\st\stm32wlxx\include\stm32wlxx.h:147:38: warning: compound assignment with 'volatile'-qualified left operand is deprecated [-Wvolatile]
  147 | #define SET_BIT(REG, BIT)     ((REG) |= (BIT))
      |                                ~~~~~~^~~~~~~~
d:\mereni_hladiy\drivers\stm32wlxx_hal_driver\inc\stm32wlxx_ll_exti.h:1188:3: note: in expansion of macro 'SET_BIT'
 1188 |   SET_BIT(EXTI->FTSR2, ExtiLine);
      |   ^~~~~~~
d:\mereni_hladiy\drivers\stm32wlxx_hal_driver\inc\stm32wlxx_ll_exti.h: In function 'void LL_EXTI_DisableFallingTrig_0_31(uint32_t)':
d:\mereni_hladiy\drivers\cmsis\device\st\stm32wlxx\include\stm32wlxx.h:149:38: warning: compound assignment with 'volatile'-qualified left operand is deprecated [-Wvolatile]
  149 | #define CLEAR_BIT(REG, BIT)   ((REG) &= ~(BIT))
      |                                ~~~~~~^~~~~~~~~
d:\mereni_hladiy\drivers\stm32wlxx_hal_driver\inc\stm32wlxx_ll_exti.h:1225:3: note: in expansion of macro 'CLEAR_BIT'
 1225 |   CLEAR_BIT(EXTI->FTSR1, ExtiLine);
      |   ^~~~~~~~~
d:\mereni_hladiy\drivers\stm32wlxx_hal_driver\inc\stm32wlxx_ll_exti.h: In function 'void LL_EXTI_DisableFallingTrig_32_63(uint32_t)':
d:\mereni_hladiy\drivers\cmsis\device\st\stm32wlxx\include\stm32wlxx.h:149:38: warning: compound assignment with 'volatile'-qualified left operand is deprecated [-Wvolatile]
  149 | #define CLEAR_BIT(REG, BIT)   ((REG) &= ~(BIT))
      |                                ~~~~~~^~~~~~~~~
d:\mereni_hladiy\drivers\stm32wlxx_hal_driver\inc\stm32wlxx_ll_exti.h:1246:3: note: in expansion of macro 'CLEAR_BIT'
 1246 |   CLEAR_BIT(EXTI->FTSR2, ExtiLine);
      |   ^~~~~~~~~
d:\mereni_hladiy\drivers\stm32wlxx_hal_driver\inc\stm32wlxx_ll_exti.h: In function 'void LL_EXTI_GenerateSWI_0_31(uint32_t)':
d:\mereni_hladiy\drivers\cmsis\device\st\stm32wlxx\include\stm32wlxx.h:147:38: warning: compound assignment with 'volatile'-qualified left operand is deprecated [-Wvolatile]
  147 | #define SET_BIT(REG, BIT)     ((REG) |= (BIT))
      |                                ~~~~~~^~~~~~~~
d:\mereni_hladiy\drivers\stm32wlxx_hal_driver\inc\stm32wlxx_ll_exti.h:1336:3: note: in expansion of macro 'SET_BIT'
 1336 |   SET_BIT(EXTI->SWIER1, ExtiLine);
      |   ^~~~~~~
d:\mereni_hladiy\drivers\stm32wlxx_hal_driver\inc\stm32wlxx_ll_exti.h: In function 'void LL_EXTI_GenerateSWI_32_63(uint32_t)':
d:\mereni_hladiy\drivers\cmsis\device\st\stm32wlxx\include\stm32wlxx.h:147:38: warning: compound assignment with 'volatile'-qualified left operand is deprecated [-Wvolatile]
  147 | #define SET_BIT(REG, BIT)     ((REG) |= (BIT))
      |                                ~~~~~~^~~~~~~~
d:\mereni_hladiy\drivers\stm32wlxx_hal_driver\inc\stm32wlxx_ll_exti.h:1356:3: note: in expansion of macro 'SET_BIT'
 1356 |   SET_BIT(EXTI->SWIER2, ExtiLine);
      |   ^~~~~~~
d:\mereni_hladiy\drivers\stm32wlxx_hal_driver\inc\stm32wlxx_ll_spi.h: In function 'void LL_SPI_Enable(SPI_TypeDef*)':
d:\mereni_hladiy\drivers\cmsis\device\st\stm32wlxx\include\stm32wlxx.h:147:38: warning: compound assignment with 'volatile'-qualified left operand is deprecated [-Wvolatile]
  147 | #define SET_BIT(REG, BIT)     ((REG) |= (BIT))
      |                                ~~~~~~^~~~~~~~
d:\mereni_hladiy\drivers\stm32wlxx_hal_driver\inc\stm32wlxx_ll_spi.h:373:3: note: in expansion of macro 'SET_BIT'
  373 |   SET_BIT(SPIx->CR1, SPI_CR1_SPE);
      |   ^~~~~~~
d:\mereni_hladiy\drivers\stm32wlxx_hal_driver\inc\stm32wlxx_ll_spi.h: In function 'void LL_SPI_Disable(SPI_TypeDef*)':
d:\mereni_hladiy\drivers\cmsis\device\st\stm32wlxx\include\stm32wlxx.h:149:38: warning: compound assignment with 'volatile'-qualified left operand is deprecated [-Wvolatile]
  149 | #define CLEAR_BIT(REG, BIT)   ((REG) &= ~(BIT))
      |                                ~~~~~~^~~~~~~~~
d:\mereni_hladiy\drivers\stm32wlxx_hal_driver\inc\stm32wlxx_ll_spi.h:385:3: note: in expansion of macro 'CLEAR_BIT'
  385 |   CLEAR_BIT(SPIx->CR1, SPI_CR1_SPE);
      |   ^~~~~~~~~
d:\mereni_hladiy\drivers\stm32wlxx_hal_driver\inc\stm32wlxx_ll_spi.h: In function 'void LL_SPI_EnableCRC(SPI_TypeDef*)':
d:\mereni_hladiy\drivers\cmsis\device\st\stm32wlxx\include\stm32wlxx.h:147:38: warning: compound assignment with 'volatile'-qualified left operand is deprecated [-Wvolatile]
  147 | #define SET_BIT(REG, BIT)     ((REG) |= (BIT))
      |                                ~~~~~~^~~~~~~~
d:\mereni_hladiy\drivers\stm32wlxx_hal_driver\inc\stm32wlxx_ll_spi.h:713:3: note: in expansion of macro 'SET_BIT'
  713 |   SET_BIT(SPIx->CR1, SPI_CR1_CRCEN);
      |   ^~~~~~~
d:\mereni_hladiy\drivers\stm32wlxx_hal_driver\inc\stm32wlxx_ll_spi.h: In function 'void LL_SPI_DisableCRC(SPI_TypeDef*)':
d:\mereni_hladiy\drivers\cmsis\device\st\stm32wlxx\include\stm32wlxx.h:149:38: warning: compound assignment with 'volatile'-qualified left operand is deprecated [-Wvolatile]
  149 | #define CLEAR_BIT(REG, BIT)   ((REG) &= ~(BIT))
      |                                ~~~~~~^~~~~~~~~
d:\mereni_hladiy\drivers\stm32wlxx_hal_driver\inc\stm32wlxx_ll_spi.h:725:3: note: in expansion of macro 'CLEAR_BIT'
  725 |   CLEAR_BIT(SPIx->CR1, SPI_CR1_CRCEN);
      |   ^~~~~~~~~
d:\mereni_hladiy\drivers\stm32wlxx_hal_driver\inc\stm32wlxx_ll_spi.h: In function 'void LL_SPI_SetCRCNext(SPI_TypeDef*)':
d:\mereni_hladiy\drivers\cmsis\device\st\stm32wlxx\include\stm32wlxx.h:147:38: warning: compound assignment with 'volatile'-qualified left operand is deprecated [-Wvolatile]
  147 | #define SET_BIT(REG, BIT)     ((REG) |= (BIT))
      |                                ~~~~~~^~~~~~~~
d:\mereni_hladiy\drivers\stm32wlxx_hal_driver\inc\stm32wlxx_ll_spi.h:777:3: note: in expansion of macro 'SET_BIT'
  777 |   SET_BIT(SPIx->CR1, SPI_CR1_CRCNEXT);
      |   ^~~~~~~
d:\mereni_hladiy\drivers\stm32wlxx_hal_driver\inc\stm32wlxx_ll_spi.h: In function 'void LL_SPI_EnableNSSPulseMgt(SPI_TypeDef*)':
d:\mereni_hladiy\drivers\cmsis\device\st\stm32wlxx\include\stm32wlxx.h:147:38: warning: compound assignment with 'volatile'-qualified left operand is deprecated [-Wvolatile]
  147 | #define SET_BIT(REG, BIT)     ((REG) |= (BIT))
      |                                ~~~~~~^~~~~~~~
d:\mereni_hladiy\drivers\stm32wlxx_hal_driver\inc\stm32wlxx_ll_spi.h:877:3: note: in expansion of macro 'SET_BIT'
  877 |   SET_BIT(SPIx->CR2, SPI_CR2_NSSP);
      |   ^~~~~~~
d:\mereni_hladiy\drivers\stm32wlxx_hal_driver\inc\stm32wlxx_ll_spi.h: In function 'void LL_SPI_DisableNSSPulseMgt(SPI_TypeDef*)':
d:\mereni_hladiy\drivers\cmsis\device\st\stm32wlxx\include\stm32wlxx.h:149:38: warning: compound assignment with 'volatile'-qualified left operand is deprecated [-Wvolatile]
  149 | #define CLEAR_BIT(REG, BIT)   ((REG) &= ~(BIT))
      |                                ~~~~~~^~~~~~~~~
d:\mereni_hladiy\drivers\stm32wlxx_hal_driver\inc\stm32wlxx_ll_spi.h:889:3: note: in expansion of macro 'CLEAR_BIT'
  889 |   CLEAR_BIT(SPIx->CR2, SPI_CR2_NSSP);
      |   ^~~~~~~~~
d:\mereni_hladiy\drivers\stm32wlxx_hal_driver\inc\stm32wlxx_ll_spi.h: In function 'void LL_SPI_ClearFlag_CRCERR(SPI_TypeDef*)':
d:\mereni_hladiy\drivers\cmsis\device\st\stm32wlxx\include\stm32wlxx.h:149:38: warning: compound assignment with 'volatile'-qualified left operand is deprecated [-Wvolatile]
  149 | #define CLEAR_BIT(REG, BIT)   ((REG) &= ~(BIT))
      |                                ~~~~~~^~~~~~~~~
d:\mereni_hladiy\drivers\stm32wlxx_hal_driver\inc\stm32wlxx_ll_spi.h:1034:3: note: in expansion of macro 'CLEAR_BIT'
 1034 |   CLEAR_BIT(SPIx->SR, SPI_SR_CRCERR);
      |   ^~~~~~~~~
d:\mereni_hladiy\drivers\stm32wlxx_hal_driver\inc\stm32wlxx_ll_spi.h: In function 'void LL_SPI_ClearFlag_MODF(SPI_TypeDef*)':
d:\mereni_hladiy\drivers\cmsis\device\st\stm32wlxx\include\stm32wlxx.h:149:38: warning: compound assignment with 'volatile'-qualified left operand is deprecated [-Wvolatile]
  149 | #define CLEAR_BIT(REG, BIT)   ((REG) &= ~(BIT))
      |                                ~~~~~~^~~~~~~~~
d:\mereni_hladiy\drivers\stm32wlxx_hal_driver\inc\stm32wlxx_ll_spi.h:1050:3: note: in expansion of macro 'CLEAR_BIT'
 1050 |   CLEAR_BIT(SPIx->CR1, SPI_CR1_SPE);
      |   ^~~~~~~~~
d:\mereni_hladiy\drivers\stm32wlxx_hal_driver\inc\stm32wlxx_ll_spi.h: In function 'void LL_SPI_EnableIT_ERR(SPI_TypeDef*)':
d:\mereni_hladiy\drivers\cmsis\device\st\stm32wlxx\include\stm32wlxx.h:147:38: warning: compound assignment with 'volatile'-qualified left operand is deprecated [-Wvolatile]
  147 | #define SET_BIT(REG, BIT)     ((REG) |= (BIT))
      |                                ~~~~~~^~~~~~~~
d:\mereni_hladiy\drivers\stm32wlxx_hal_driver\inc\stm32wlxx_ll_spi.h:1102:3: note: in expansion of macro 'SET_BIT'
 1102 |   SET_BIT(SPIx->CR2, SPI_CR2_ERRIE);
      |   ^~~~~~~
d:\mereni_hladiy\drivers\stm32wlxx_hal_driver\inc\stm32wlxx_ll_spi.h: In function 'void LL_SPI_EnableIT_RXNE(SPI_TypeDef*)':
d:\mereni_hladiy\drivers\cmsis\device\st\stm32wlxx\include\stm32wlxx.h:147:38: warning: compound assignment with 'volatile'-qualified left operand is deprecated [-Wvolatile]
  147 | #define SET_BIT(REG, BIT)     ((REG) |= (BIT))
      |                                ~~~~~~^~~~~~~~
d:\mereni_hladiy\drivers\stm32wlxx_hal_driver\inc\stm32wlxx_ll_spi.h:1113:3: note: in expansion of macro 'SET_BIT'
 1113 |   SET_BIT(SPIx->CR2, SPI_CR2_RXNEIE);
      |   ^~~~~~~
d:\mereni_hladiy\drivers\stm32wlxx_hal_driver\inc\stm32wlxx_ll_spi.h: In function 'void LL_SPI_EnableIT_TXE(SPI_TypeDef*)':
d:\mereni_hladiy\drivers\cmsis\device\st\stm32wlxx\include\stm32wlxx.h:147:38: warning: compound assignment with 'volatile'-qualified left operand is deprecated [-Wvolatile]
  147 | #define SET_BIT(REG, BIT)     ((REG) |= (BIT))
      |                                ~~~~~~^~~~~~~~
d:\mereni_hladiy\drivers\stm32wlxx_hal_driver\inc\stm32wlxx_ll_spi.h:1124:3: note: in expansion of macro 'SET_BIT'
 1124 |   SET_BIT(SPIx->CR2, SPI_CR2_TXEIE);
      |   ^~~~~~~
d:\mereni_hladiy\drivers\stm32wlxx_hal_driver\inc\stm32wlxx_ll_spi.h: In function 'void LL_SPI_DisableIT_ERR(SPI_TypeDef*)':
d:\mereni_hladiy\drivers\cmsis\device\st\stm32wlxx\include\stm32wlxx.h:149:38: warning: compound assignment with 'volatile'-qualified left operand is deprecated [-Wvolatile]
  149 | #define CLEAR_BIT(REG, BIT)   ((REG) &= ~(BIT))
      |                                ~~~~~~^~~~~~~~~
d:\mereni_hladiy\drivers\stm32wlxx_hal_driver\inc\stm32wlxx_ll_spi.h:1137:3: note: in expansion of macro 'CLEAR_BIT'
 1137 |   CLEAR_BIT(SPIx->CR2, SPI_CR2_ERRIE);
      |   ^~~~~~~~~
d:\mereni_hladiy\drivers\stm32wlxx_hal_driver\inc\stm32wlxx_ll_spi.h: In function 'void LL_SPI_DisableIT_RXNE(SPI_TypeDef*)':
d:\mereni_hladiy\drivers\cmsis\device\st\stm32wlxx\include\stm32wlxx.h:149:38: warning: compound assignment with 'volatile'-qualified left operand is deprecated [-Wvolatile]
  149 | #define CLEAR_BIT(REG, BIT)   ((REG) &= ~(BIT))
      |                                ~~~~~~^~~~~~~~~
d:\mereni_hladiy\drivers\stm32wlxx_hal_driver\inc\stm32wlxx_ll_spi.h:1148:3: note: in expansion of macro 'CLEAR_BIT'
 1148 |   CLEAR_BIT(SPIx->CR2, SPI_CR2_RXNEIE);
      |   ^~~~~~~~~
d:\mereni_hladiy\drivers\stm32wlxx_hal_driver\inc\stm32wlxx_ll_spi.h: In function 'void LL_SPI_DisableIT_TXE(SPI_TypeDef*)':
d:\mereni_hladiy\drivers\cmsis\device\st\stm32wlxx\include\stm32wlxx.h:149:38: warning: compound assignment with 'volatile'-qualified left operand is deprecated [-Wvolatile]
  149 | #define CLEAR_BIT(REG, BIT)   ((REG) &= ~(BIT))
      |                                ~~~~~~^~~~~~~~~
d:\mereni_hladiy\drivers\stm32wlxx_hal_driver\inc\stm32wlxx_ll_spi.h:1159:3: note: in expansion of macro 'CLEAR_BIT'
 1159 |   CLEAR_BIT(SPIx->CR2, SPI_CR2_TXEIE);
      |   ^~~~~~~~~
d:\mereni_hladiy\drivers\stm32wlxx_hal_driver\inc\stm32wlxx_ll_spi.h: In function 'void LL_SPI_EnableDMAReq_RX(SPI_TypeDef*)':
d:\mereni_hladiy\drivers\cmsis\device\st\stm32wlxx\include\stm32wlxx.h:147:38: warning: compound assignment with 'volatile'-qualified left operand is deprecated [-Wvolatile]
  147 | #define SET_BIT(REG, BIT)     ((REG) |= (BIT))
      |                                ~~~~~~^~~~~~~~
d:\mereni_hladiy\drivers\stm32wlxx_hal_driver\inc\stm32wlxx_ll_spi.h:1211:3: note: in expansion of macro 'SET_BIT'
 1211 |   SET_BIT(SPIx->CR2, SPI_CR2_RXDMAEN);
      |   ^~~~~~~
d:\mereni_hladiy\drivers\stm32wlxx_hal_driver\inc\stm32wlxx_ll_spi.h: In function 'void LL_SPI_DisableDMAReq_RX(SPI_TypeDef*)':
d:\mereni_hladiy\drivers\cmsis\device\st\stm32wlxx\include\stm32wlxx.h:149:38: warning: compound assignment with 'volatile'-qualified left operand is deprecated [-Wvolatile]
  149 | #define CLEAR_BIT(REG, BIT)   ((REG) &= ~(BIT))
      |                                ~~~~~~^~~~~~~~~
d:\mereni_hladiy\drivers\stm32wlxx_hal_driver\inc\stm32wlxx_ll_spi.h:1222:3: note: in expansion of macro 'CLEAR_BIT'
 1222 |   CLEAR_BIT(SPIx->CR2, SPI_CR2_RXDMAEN);
      |   ^~~~~~~~~
d:\mereni_hladiy\drivers\stm32wlxx_hal_driver\inc\stm32wlxx_ll_spi.h: In function 'void LL_SPI_EnableDMAReq_TX(SPI_TypeDef*)':
d:\mereni_hladiy\drivers\cmsis\device\st\stm32wlxx\include\stm32wlxx.h:147:38: warning: compound assignment with 'volatile'-qualified left operand is deprecated [-Wvolatile]
  147 | #define SET_BIT(REG, BIT)     ((REG) |= (BIT))
      |                                ~~~~~~^~~~~~~~
d:\mereni_hladiy\drivers\stm32wlxx_hal_driver\inc\stm32wlxx_ll_spi.h:1244:3: note: in expansion of macro 'SET_BIT'
 1244 |   SET_BIT(SPIx->CR2, SPI_CR2_TXDMAEN);
      |   ^~~~~~~
d:\mereni_hladiy\drivers\stm32wlxx_hal_driver\inc\stm32wlxx_ll_spi.h: In function 'void LL_SPI_DisableDMAReq_TX(SPI_TypeDef*)':
d:\mereni_hladiy\drivers\cmsis\device\st\stm32wlxx\include\stm32wlxx.h:149:38: warning: compound assignment with 'volatile'-qualified left operand is deprecated [-Wvolatile]
  149 | #define CLEAR_BIT(REG, BIT)   ((REG) &= ~(BIT))
      |                                ~~~~~~^~~~~~~~~
d:\mereni_hladiy\drivers\stm32wlxx_hal_driver\inc\stm32wlxx_ll_spi.h:1255:3: note: in expansion of macro 'CLEAR_BIT'
 1255 |   CLEAR_BIT(SPIx->CR2, SPI_CR2_TXDMAEN);
      |   ^~~~~~~~~
d:\mereni_hladiy\drivers\stm32wlxx_hal_driver\inc\stm32wlxx_ll_spi.h: In function 'void LL_I2S_Enable(SPI_TypeDef*)':
d:\mereni_hladiy\drivers\cmsis\device\st\stm32wlxx\include\stm32wlxx.h:147:38: warning: compound assignment with 'volatile'-qualified left operand is deprecated [-Wvolatile]
  147 | #define SET_BIT(REG, BIT)     ((REG) |= (BIT))
      |                                ~~~~~~^~~~~~~~
d:\mereni_hladiy\drivers\stm32wlxx_hal_driver\inc\stm32wlxx_ll_spi.h:1653:3: note: in expansion of macro 'SET_BIT'
 1653 |   SET_BIT(SPIx->I2SCFGR, SPI_I2SCFGR_I2SMOD | SPI_I2SCFGR_I2SE);
      |   ^~~~~~~
d:\mereni_hladiy\drivers\stm32wlxx_hal_driver\inc\stm32wlxx_ll_spi.h: In function 'void LL_I2S_Disable(SPI_TypeDef*)':
d:\mereni_hladiy\drivers\cmsis\device\st\stm32wlxx\include\stm32wlxx.h:149:38: warning: compound assignment with 'volatile'-qualified left operand is deprecated [-Wvolatile]
  149 | #define CLEAR_BIT(REG, BIT)   ((REG) &= ~(BIT))
      |                                ~~~~~~^~~~~~~~~
d:\mereni_hladiy\drivers\stm32wlxx_hal_driver\inc\stm32wlxx_ll_spi.h:1664:3: note: in expansion of macro 'CLEAR_BIT'
 1664 |   CLEAR_BIT(SPIx->I2SCFGR, SPI_I2SCFGR_I2SMOD | SPI_I2SCFGR_I2SE);
      |   ^~~~~~~~~
d:\mereni_hladiy\drivers\stm32wlxx_hal_driver\inc\stm32wlxx_ll_spi.h: In function 'void LL_I2S_SetClockPolarity(SPI_TypeDef*, uint32_t)':
d:\mereni_hladiy\drivers\cmsis\device\st\stm32wlxx\include\stm32wlxx.h:147:38: warning: compound assignment with 'volatile'-qualified left operand is deprecated [-Wvolatile]
  147 | #define SET_BIT(REG, BIT)     ((REG) |= (BIT))
      |                                ~~~~~~^~~~~~~~
d:\mereni_hladiy\drivers\stm32wlxx_hal_driver\inc\stm32wlxx_ll_spi.h:1722:3: note: in expansion of macro 'SET_BIT'
 1722 |   SET_BIT(SPIx->I2SCFGR, ClockPolarity);
      |   ^~~~~~~
d:\mereni_hladiy\drivers\stm32wlxx_hal_driver\inc\stm32wlxx_ll_spi.h: In function 'void LL_I2S_EnableMasterClock(SPI_TypeDef*)':
d:\mereni_hladiy\drivers\cmsis\device\st\stm32wlxx\include\stm32wlxx.h:147:38: warning: compound assignment with 'volatile'-qualified left operand is deprecated [-Wvolatile]
  147 | #define SET_BIT(REG, BIT)     ((REG) |= (BIT))
      |                                ~~~~~~^~~~~~~~
d:\mereni_hladiy\drivers\stm32wlxx_hal_driver\inc\stm32wlxx_ll_spi.h:1862:3: note: in expansion of macro 'SET_BIT'
 1862 |   SET_BIT(SPIx->I2SPR, SPI_I2SPR_MCKOE);
      |   ^~~~~~~
d:\mereni_hladiy\drivers\stm32wlxx_hal_driver\inc\stm32wlxx_ll_spi.h: In function 'void LL_I2S_DisableMasterClock(SPI_TypeDef*)':
d:\mereni_hladiy\drivers\cmsis\device\st\stm32wlxx\include\stm32wlxx.h:149:38: warning: compound assignment with 'volatile'-qualified left operand is deprecated [-Wvolatile]
  149 | #define CLEAR_BIT(REG, BIT)   ((REG) &= ~(BIT))
      |                                ~~~~~~^~~~~~~~~
d:\mereni_hladiy\drivers\stm32wlxx_hal_driver\inc\stm32wlxx_ll_spi.h:1873:3: note: in expansion of macro 'CLEAR_BIT'
 1873 |   CLEAR_BIT(SPIx->I2SPR, SPI_I2SPR_MCKOE);
      |   ^~~~~~~~~
d:\mereni_hladiy\drivers\stm32wlxx_hal_driver\inc\stm32wlxx_ll_spi.h: In function 'void LL_I2S_EnableAsyncStart(SPI_TypeDef*)':
d:\mereni_hladiy\drivers\cmsis\device\st\stm32wlxx\include\stm32wlxx.h:147:38: warning: compound assignment with 'volatile'-qualified left operand is deprecated [-Wvolatile]
  147 | #define SET_BIT(REG, BIT)     ((REG) |= (BIT))
      |                                ~~~~~~^~~~~~~~
d:\mereni_hladiy\drivers\stm32wlxx_hal_driver\inc\stm32wlxx_ll_spi.h:1896:3: note: in expansion of macro 'SET_BIT'
 1896 |   SET_BIT(SPIx->I2SCFGR, SPI_I2SCFGR_ASTRTEN);
      |   ^~~~~~~
d:\mereni_hladiy\drivers\stm32wlxx_hal_driver\inc\stm32wlxx_ll_spi.h: In function 'void LL_I2S_DisableAsyncStart(SPI_TypeDef*)':
d:\mereni_hladiy\drivers\cmsis\device\st\stm32wlxx\include\stm32wlxx.h:149:38: warning: compound assignment with 'volatile'-qualified left operand is deprecated [-Wvolatile]
  149 | #define CLEAR_BIT(REG, BIT)   ((REG) &= ~(BIT))
      |                                ~~~~~~^~~~~~~~~
d:\mereni_hladiy\drivers\stm32wlxx_hal_driver\inc\stm32wlxx_ll_spi.h:1907:3: note: in expansion of macro 'CLEAR_BIT'
 1907 |   CLEAR_BIT(SPIx->I2SCFGR, SPI_I2SCFGR_ASTRTEN);
      |   ^~~~~~~~~
d:\mereni_hladiy\drivers\stm32wlxx_hal_driver\inc\stm32wlxx_ll_system.h: In function 'void LL_SYSCFG_EnableAnalogBooster()':
d:\mereni_hladiy\drivers\cmsis\device\st\stm32wlxx\include\stm32wlxx.h:147:38: warning: compound assignment with 'volatile'-qualified left operand is deprecated [-Wvolatile]
  147 | #define SET_BIT(REG, BIT)     ((REG) |= (BIT))
      |                                ~~~~~~^~~~~~~~
d:\mereni_hladiy\drivers\stm32wlxx_hal_driver\inc\stm32wlxx_ll_system.h:462:3: note: in expansion of macro 'SET_BIT'
  462 |   SET_BIT(SYSCFG->CFGR1, SYSCFG_CFGR1_BOOSTEN);
      |   ^~~~~~~
d:\mereni_hladiy\drivers\stm32wlxx_hal_driver\inc\stm32wlxx_ll_system.h: In function 'void LL_SYSCFG_DisableAnalogBooster()':
d:\mereni_hladiy\drivers\cmsis\device\st\stm32wlxx\include\stm32wlxx.h:149:38: warning: compound assignment with 'volatile'-qualified left operand is deprecated [-Wvolatile]
  149 | #define CLEAR_BIT(REG, BIT)   ((REG) &= ~(BIT))
      |                                ~~~~~~^~~~~~~~~
d:\mereni_hladiy\drivers\stm32wlxx_hal_driver\inc\stm32wlxx_ll_system.h:481:3: note: in expansion of macro 'CLEAR_BIT'
  481 |   CLEAR_BIT(SYSCFG->CFGR1, SYSCFG_CFGR1_BOOSTEN);
      |   ^~~~~~~~~
d:\mereni_hladiy\drivers\stm32wlxx_hal_driver\inc\stm32wlxx_ll_system.h: In function 'void LL_SYSCFG_EnableFastModePlus(uint32_t)':
d:\mereni_hladiy\drivers\cmsis\device\st\stm32wlxx\include\stm32wlxx.h:147:38: warning: compound assignment with 'volatile'-qualified left operand is deprecated [-Wvolatile]
  147 | #define SET_BIT(REG, BIT)     ((REG) |= (BIT))
      |                                ~~~~~~^~~~~~~~
d:\mereni_hladiy\drivers\stm32wlxx_hal_driver\inc\stm32wlxx_ll_system.h:500:3: note: in expansion of macro 'SET_BIT'
  500 |   SET_BIT(SYSCFG->CFGR1, ConfigFastModePlus);
      |   ^~~~~~~
d:\mereni_hladiy\drivers\stm32wlxx_hal_driver\inc\stm32wlxx_ll_system.h: In function 'void LL_SYSCFG_DisableFastModePlus(uint32_t)':
d:\mereni_hladiy\drivers\cmsis\device\st\stm32wlxx\include\stm32wlxx.h:149:38: warning: compound assignment with 'volatile'-qualified left operand is deprecated [-Wvolatile]
  149 | #define CLEAR_BIT(REG, BIT)   ((REG) &= ~(BIT))
      |                                ~~~~~~^~~~~~~~~
d:\mereni_hladiy\drivers\stm32wlxx_hal_driver\inc\stm32wlxx_ll_system.h:519:3: note: in expansion of macro 'CLEAR_BIT'
  519 |   CLEAR_BIT(SYSCFG->CFGR1, ConfigFastModePlus);
      |   ^~~~~~~~~
d:\mereni_hladiy\drivers\stm32wlxx_hal_driver\inc\stm32wlxx_ll_system.h: In function 'void LL_SYSCFG_EnableSRAM2Erase()':
d:\mereni_hladiy\drivers\cmsis\device\st\stm32wlxx\include\stm32wlxx.h:147:38: warning: compound assignment with 'volatile'-qualified left operand is deprecated [-Wvolatile]
  147 | #define SET_BIT(REG, BIT)     ((REG) |= (BIT))
      |                                ~~~~~~^~~~~~~~
d:\mereni_hladiy\drivers\stm32wlxx_hal_driver\inc\stm32wlxx_ll_system.h:607:3: note: in expansion of macro 'SET_BIT'
  607 |   SET_BIT(SYSCFG->SCSR, SYSCFG_SCSR_SRAM2ER);
      |   ^~~~~~~
d:\mereni_hladiy\drivers\stm32wlxx_hal_driver\inc\stm32wlxx_ll_system.h: In function 'void LL_SYSCFG_ClearFlag_SP()':
d:\mereni_hladiy\drivers\cmsis\device\st\stm32wlxx\include\stm32wlxx.h:147:38: warning: compound assignment with 'volatile'-qualified left operand is deprecated [-Wvolatile]
  147 | #define SET_BIT(REG, BIT)     ((REG) |= (BIT))
      |                                ~~~~~~^~~~~~~~
d:\mereni_hladiy\drivers\stm32wlxx_hal_driver\inc\stm32wlxx_ll_system.h:682:3: note: in expansion of macro 'SET_BIT'
  682 |   SET_BIT(SYSCFG->CFGR2, SYSCFG_CFGR2_SPF);
      |   ^~~~~~~
d:\mereni_hladiy\drivers\stm32wlxx_hal_driver\inc\stm32wlxx_ll_system.h: In function 'void LL_SYSCFG_EnableSRAM2PageWRP_0_31(uint32_t)':
d:\mereni_hladiy\drivers\cmsis\device\st\stm32wlxx\include\stm32wlxx.h:147:38: warning: compound assignment with 'volatile'-qualified left operand is deprecated [-Wvolatile]
  147 | #define SET_BIT(REG, BIT)     ((REG) |= (BIT))
      |                                ~~~~~~^~~~~~~~
d:\mereni_hladiy\drivers\stm32wlxx_hal_driver\inc\stm32wlxx_ll_system.h:728:3: note: in expansion of macro 'SET_BIT'
  728 |   SET_BIT(SYSCFG->SWPR, SRAM2WRP);
      |   ^~~~~~~
d:\mereni_hladiy\drivers\stm32wlxx_hal_driver\inc\stm32wlxx_ll_system.h: In function 'void LL_SYSCFG_GRP1_EnableIT(uint32_t)':
d:\mereni_hladiy\drivers\cmsis\device\st\stm32wlxx\include\stm32wlxx.h:149:38: warning: compound assignment with 'volatile'-qualified left operand is deprecated [-Wvolatile]
  149 | #define CLEAR_BIT(REG, BIT)   ((REG) &= ~(BIT))
      |                                ~~~~~~^~~~~~~~~
d:\mereni_hladiy\drivers\stm32wlxx_hal_driver\inc\stm32wlxx_ll_system.h:779:3: note: in expansion of macro 'CLEAR_BIT'
  779 |   CLEAR_BIT(SYSCFG->IMR1, Interrupt);
      |   ^~~~~~~~~
d:\mereni_hladiy\drivers\stm32wlxx_hal_driver\inc\stm32wlxx_ll_system.h: In function 'void LL_SYSCFG_GRP2_EnableIT(uint32_t)':
d:\mereni_hladiy\drivers\cmsis\device\st\stm32wlxx\include\stm32wlxx.h:149:38: warning: compound assignment with 'volatile'-qualified left operand is deprecated [-Wvolatile]
  149 | #define CLEAR_BIT(REG, BIT)   ((REG) &= ~(BIT))
      |                                ~~~~~~^~~~~~~~~
d:\mereni_hladiy\drivers\stm32wlxx_hal_driver\inc\stm32wlxx_ll_system.h:793:3: note: in expansion of macro 'CLEAR_BIT'
  793 |   CLEAR_BIT(SYSCFG->IMR2, Interrupt);
      |   ^~~~~~~~~
d:\mereni_hladiy\drivers\stm32wlxx_hal_driver\inc\stm32wlxx_ll_system.h: In function 'void LL_SYSCFG_GRP1_DisableIT(uint32_t)':
d:\mereni_hladiy\drivers\cmsis\device\st\stm32wlxx\include\stm32wlxx.h:147:38: warning: compound assignment with 'volatile'-qualified left operand is deprecated [-Wvolatile]
  147 | #define SET_BIT(REG, BIT)     ((REG) |= (BIT))
      |                                ~~~~~~^~~~~~~~
d:\mereni_hladiy\drivers\stm32wlxx_hal_driver\inc\stm32wlxx_ll_system.h:819:3: note: in expansion of macro 'SET_BIT'
  819 |   SET_BIT(SYSCFG->IMR1, Interrupt);
      |   ^~~~~~~
d:\mereni_hladiy\drivers\stm32wlxx_hal_driver\inc\stm32wlxx_ll_system.h: In function 'void LL_SYSCFG_GRP2_DisableIT(uint32_t)':
d:\mereni_hladiy\drivers\cmsis\device\st\stm32wlxx\include\stm32wlxx.h:147:38: warning: compound assignment with 'volatile'-qualified left operand is deprecated [-Wvolatile]
  147 | #define SET_BIT(REG, BIT)     ((REG) |= (BIT))
      |                                ~~~~~~^~~~~~~~
d:\mereni_hladiy\drivers\stm32wlxx_hal_driver\inc\stm32wlxx_ll_system.h:833:3: note: in expansion of macro 'SET_BIT'
  833 |   SET_BIT(SYSCFG->IMR2, Interrupt);
      |   ^~~~~~~
d:\mereni_hladiy\drivers\stm32wlxx_hal_driver\inc\stm32wlxx_ll_system.h: In function 'void LL_C2_SYSCFG_GRP1_EnableIT(uint32_t)':
d:\mereni_hladiy\drivers\cmsis\device\st\stm32wlxx\include\stm32wlxx.h:149:38: warning: compound assignment with 'volatile'-qualified left operand is deprecated [-Wvolatile]
  149 | #define CLEAR_BIT(REG, BIT)   ((REG) &= ~(BIT))
      |                                ~~~~~~^~~~~~~~~
d:\mereni_hladiy\drivers\stm32wlxx_hal_driver\inc\stm32wlxx_ll_system.h:922:3: note: in expansion of macro 'CLEAR_BIT'
  922 |   CLEAR_BIT(SYSCFG->C2IMR1, Interrupt);
      |   ^~~~~~~~~
d:\mereni_hladiy\drivers\stm32wlxx_hal_driver\inc\stm32wlxx_ll_system.h: In function 'void LL_C2_SYSCFG_GRP2_EnableIT(uint32_t)':
d:\mereni_hladiy\drivers\cmsis\device\st\stm32wlxx\include\stm32wlxx.h:149:38: warning: compound assignment with 'volatile'-qualified left operand is deprecated [-Wvolatile]
  149 | #define CLEAR_BIT(REG, BIT)   ((REG) &= ~(BIT))
      |                                ~~~~~~^~~~~~~~~
d:\mereni_hladiy\drivers\stm32wlxx_hal_driver\inc\stm32wlxx_ll_system.h:954:3: note: in expansion of macro 'CLEAR_BIT'
  954 |   CLEAR_BIT(SYSCFG->C2IMR2, Interrupt);
      |   ^~~~~~~~~
d:\mereni_hladiy\drivers\stm32wlxx_hal_driver\inc\stm32wlxx_ll_system.h: In function 'void LL_C2_SYSCFG_GRP1_DisableIT(uint32_t)':
d:\mereni_hladiy\drivers\cmsis\device\st\stm32wlxx\include\stm32wlxx.h:147:38: warning: compound assignment with 'volatile'-qualified left operand is deprecated [-Wvolatile]
  147 | #define SET_BIT(REG, BIT)     ((REG) |= (BIT))
      |                                ~~~~~~^~~~~~~~
d:\mereni_hladiy\drivers\stm32wlxx_hal_driver\inc\stm32wlxx_ll_system.h:1002:3: note: in expansion of macro 'SET_BIT'
 1002 |   SET_BIT(SYSCFG->C2IMR1, Interrupt);
      |   ^~~~~~~
d:\mereni_hladiy\drivers\stm32wlxx_hal_driver\inc\stm32wlxx_ll_system.h: In function 'void LL_C2_SYSCFG_GRP2_DisableIT(uint32_t)':
d:\mereni_hladiy\drivers\cmsis\device\st\stm32wlxx\include\stm32wlxx.h:147:38: warning: compound assignment with 'volatile'-qualified left operand is deprecated [-Wvolatile]
  147 | #define SET_BIT(REG, BIT)     ((REG) |= (BIT))
      |                                ~~~~~~^~~~~~~~
d:\mereni_hladiy\drivers\stm32wlxx_hal_driver\inc\stm32wlxx_ll_system.h:1034:3: note: in expansion of macro 'SET_BIT'
 1034 |   SET_BIT(SYSCFG->C2IMR2, Interrupt);
      |   ^~~~~~~
d:\mereni_hladiy\drivers\stm32wlxx_hal_driver\inc\stm32wlxx_ll_system.h: In function 'void LL_DBGMCU_EnableDBGSleepMode()':
d:\mereni_hladiy\drivers\cmsis\device\st\stm32wlxx\include\stm32wlxx.h:147:38: warning: compound assignment with 'volatile'-qualified left operand is deprecated [-Wvolatile]
  147 | #define SET_BIT(REG, BIT)     ((REG) |= (BIT))
      |                                ~~~~~~^~~~~~~~
d:\mereni_hladiy\drivers\stm32wlxx_hal_driver\inc\stm32wlxx_ll_system.h:1185:3: note: in expansion of macro 'SET_BIT'
 1185 |   SET_BIT(DBGMCU->CR, DBGMCU_CR_DBG_SLEEP);
      |   ^~~~~~~
d:\mereni_hladiy\drivers\stm32wlxx_hal_driver\inc\stm32wlxx_ll_system.h: In function 'void LL_DBGMCU_DisableDBGSleepMode()':
d:\mereni_hladiy\drivers\cmsis\device\st\stm32wlxx\include\stm32wlxx.h:149:38: warning: compound assignment with 'volatile'-qualified left operand is deprecated [-Wvolatile]
  149 | #define CLEAR_BIT(REG, BIT)   ((REG) &= ~(BIT))
      |                                ~~~~~~^~~~~~~~~
d:\mereni_hladiy\drivers\stm32wlxx_hal_driver\inc\stm32wlxx_ll_system.h:1195:3: note: in expansion of macro 'CLEAR_BIT'
 1195 |   CLEAR_BIT(DBGMCU->CR, DBGMCU_CR_DBG_SLEEP);
      |   ^~~~~~~~~
d:\mereni_hladiy\drivers\stm32wlxx_hal_driver\inc\stm32wlxx_ll_system.h: In function 'void LL_DBGMCU_EnableDBGStopMode()':
d:\mereni_hladiy\drivers\cmsis\device\st\stm32wlxx\include\stm32wlxx.h:147:38: warning: compound assignment with 'volatile'-qualified left operand is deprecated [-Wvolatile]
  147 | #define SET_BIT(REG, BIT)     ((REG) |= (BIT))
      |                                ~~~~~~^~~~~~~~
d:\mereni_hladiy\drivers\stm32wlxx_hal_driver\inc\stm32wlxx_ll_system.h:1207:3: note: in expansion of macro 'SET_BIT'
 1207 |   SET_BIT(DBGMCU->CR, DBGMCU_CR_DBG_STOP);
      |   ^~~~~~~
d:\mereni_hladiy\drivers\stm32wlxx_hal_driver\inc\stm32wlxx_ll_system.h: In function 'void LL_DBGMCU_DisableDBGStopMode()':
d:\mereni_hladiy\drivers\cmsis\device\st\stm32wlxx\include\stm32wlxx.h:149:38: warning: compound assignment with 'volatile'-qualified left operand is deprecated [-Wvolatile]
  149 | #define CLEAR_BIT(REG, BIT)   ((REG) &= ~(BIT))
      |                                ~~~~~~^~~~~~~~~
d:\mereni_hladiy\drivers\stm32wlxx_hal_driver\inc\stm32wlxx_ll_system.h:1217:3: note: in expansion of macro 'CLEAR_BIT'
 1217 |   CLEAR_BIT(DBGMCU->CR, DBGMCU_CR_DBG_STOP);
      |   ^~~~~~~~~
d:\mereni_hladiy\drivers\stm32wlxx_hal_driver\inc\stm32wlxx_ll_system.h: In function 'void LL_DBGMCU_EnableDBGStandbyMode()':
d:\mereni_hladiy\drivers\cmsis\device\st\stm32wlxx\include\stm32wlxx.h:147:38: warning: compound assignment with 'volatile'-qualified left operand is deprecated [-Wvolatile]
  147 | #define SET_BIT(REG, BIT)     ((REG) |= (BIT))
      |                                ~~~~~~^~~~~~~~
d:\mereni_hladiy\drivers\stm32wlxx_hal_driver\inc\stm32wlxx_ll_system.h:1229:3: note: in expansion of macro 'SET_BIT'
 1229 |   SET_BIT(DBGMCU->CR, DBGMCU_CR_DBG_STANDBY);
      |   ^~~~~~~
d:\mereni_hladiy\drivers\stm32wlxx_hal_driver\inc\stm32wlxx_ll_system.h: In function 'void LL_DBGMCU_DisableDBGStandbyMode()':
d:\mereni_hladiy\drivers\cmsis\device\st\stm32wlxx\include\stm32wlxx.h:149:38: warning: compound assignment with 'volatile'-qualified left operand is deprecated [-Wvolatile]
  149 | #define CLEAR_BIT(REG, BIT)   ((REG) &= ~(BIT))
      |                                ~~~~~~^~~~~~~~~
d:\mereni_hladiy\drivers\stm32wlxx_hal_driver\inc\stm32wlxx_ll_system.h:1239:3: note: in expansion of macro 'CLEAR_BIT'
 1239 |   CLEAR_BIT(DBGMCU->CR, DBGMCU_CR_DBG_STANDBY);
      |   ^~~~~~~~~
d:\mereni_hladiy\drivers\stm32wlxx_hal_driver\inc\stm32wlxx_ll_system.h: In function 'void LL_DBGMCU_APB1_GRP1_FreezePeriph(uint32_t)':
d:\mereni_hladiy\drivers\cmsis\device\st\stm32wlxx\include\stm32wlxx.h:147:38: warning: compound assignment with 'volatile'-qualified left operand is deprecated [-Wvolatile]
  147 | #define SET_BIT(REG, BIT)     ((REG) |= (BIT))
      |                                ~~~~~~^~~~~~~~
d:\mereni_hladiy\drivers\stm32wlxx_hal_driver\inc\stm32wlxx_ll_system.h:1258:3: note: in expansion of macro 'SET_BIT'
 1258 |   SET_BIT(DBGMCU->APB1FZR1, Periphs);
      |   ^~~~~~~
d:\mereni_hladiy\drivers\stm32wlxx_hal_driver\inc\stm32wlxx_ll_system.h: In function 'void LL_C2_DBGMCU_APB1_GRP1_FreezePeriph(uint32_t)':
d:\mereni_hladiy\drivers\cmsis\device\st\stm32wlxx\include\stm32wlxx.h:147:38: warning: compound assignment with 'volatile'-qualified left operand is deprecated [-Wvolatile]
  147 | #define SET_BIT(REG, BIT)     ((REG) |= (BIT))
      |                                ~~~~~~^~~~~~~~
d:\mereni_hladiy\drivers\stm32wlxx_hal_driver\inc\stm32wlxx_ll_system.h:1277:3: note: in expansion of macro 'SET_BIT'
 1277 |   SET_BIT(DBGMCU->C2APB1FZR1, Periphs);
      |   ^~~~~~~
d:\mereni_hladiy\drivers\stm32wlxx_hal_driver\inc\stm32wlxx_ll_system.h: In function 'void LL_DBGMCU_APB1_GRP2_FreezePeriph(uint32_t)':
d:\mereni_hladiy\drivers\cmsis\device\st\stm32wlxx\include\stm32wlxx.h:147:38: warning: compound assignment with 'volatile'-qualified left operand is deprecated [-Wvolatile]
  147 | #define SET_BIT(REG, BIT)     ((REG) |= (BIT))
      |                                ~~~~~~^~~~~~~~
d:\mereni_hladiy\drivers\stm32wlxx_hal_driver\inc\stm32wlxx_ll_system.h:1292:3: note: in expansion of macro 'SET_BIT'
 1292 |   SET_BIT(DBGMCU->APB1FZR2, Periphs);
      |   ^~~~~~~
d:\mereni_hladiy\drivers\stm32wlxx_hal_driver\inc\stm32wlxx_ll_system.h: In function 'void LL_C2_DBGMCU_APB1_GRP2_FreezePeriph(uint32_t)':
d:\mereni_hladiy\drivers\cmsis\device\st\stm32wlxx\include\stm32wlxx.h:147:38: warning: compound assignment with 'volatile'-qualified left operand is deprecated [-Wvolatile]
  147 | #define SET_BIT(REG, BIT)     ((REG) |= (BIT))
      |                                ~~~~~~^~~~~~~~
d:\mereni_hladiy\drivers\stm32wlxx_hal_driver\inc\stm32wlxx_ll_system.h:1307:3: note: in expansion of macro 'SET_BIT'
 1307 |   SET_BIT(DBGMCU->C2APB1FZR2, Periphs);
      |   ^~~~~~~
d:\mereni_hladiy\drivers\stm32wlxx_hal_driver\inc\stm32wlxx_ll_system.h: In function 'void LL_DBGMCU_APB1_GRP1_UnFreezePeriph(uint32_t)':
d:\mereni_hladiy\drivers\cmsis\device\st\stm32wlxx\include\stm32wlxx.h:149:38: warning: compound assignment with 'volatile'-qualified left operand is deprecated [-Wvolatile]
  149 | #define CLEAR_BIT(REG, BIT)   ((REG) &= ~(BIT))
      |                                ~~~~~~^~~~~~~~~
d:\mereni_hladiy\drivers\stm32wlxx_hal_driver\inc\stm32wlxx_ll_system.h:1326:3: note: in expansion of macro 'CLEAR_BIT'
 1326 |   CLEAR_BIT(DBGMCU->APB1FZR1, Periphs);
      |   ^~~~~~~~~
d:\mereni_hladiy\drivers\stm32wlxx_hal_driver\inc\stm32wlxx_ll_system.h: In function 'void LL_C2_DBGMCU_APB1_GRP1_UnFreezePeriph(uint32_t)':
d:\mereni_hladiy\drivers\cmsis\device\st\stm32wlxx\include\stm32wlxx.h:149:38: warning: compound assignment with 'volatile'-qualified left operand is deprecated [-Wvolatile]
  149 | #define CLEAR_BIT(REG, BIT)   ((REG) &= ~(BIT))
      |                                ~~~~~~^~~~~~~~~
d:\mereni_hladiy\drivers\stm32wlxx_hal_driver\inc\stm32wlxx_ll_system.h:1344:3: note: in expansion of macro 'CLEAR_BIT'
 1344 |   CLEAR_BIT(DBGMCU->C2APB1FZR1, Periphs);
      |   ^~~~~~~~~
d:\mereni_hladiy\drivers\stm32wlxx_hal_driver\inc\stm32wlxx_ll_system.h: In function 'void LL_DBGMCU_APB1_GRP2_UnFreezePeriph(uint32_t)':
d:\mereni_hladiy\drivers\cmsis\device\st\stm32wlxx\include\stm32wlxx.h:149:38: warning: compound assignment with 'volatile'-qualified left operand is deprecated [-Wvolatile]
  149 | #define CLEAR_BIT(REG, BIT)   ((REG) &= ~(BIT))
      |                                ~~~~~~^~~~~~~~~
d:\mereni_hladiy\drivers\stm32wlxx_hal_driver\inc\stm32wlxx_ll_system.h:1358:3: note: in expansion of macro 'CLEAR_BIT'
 1358 |   CLEAR_BIT(DBGMCU->APB1FZR2, Periphs);
      |   ^~~~~~~~~
d:\mereni_hladiy\drivers\stm32wlxx_hal_driver\inc\stm32wlxx_ll_system.h: In function 'void LL_C2_DBGMCU_APB1_GRP2_UnFreezePeriph(uint32_t)':
d:\mereni_hladiy\drivers\cmsis\device\st\stm32wlxx\include\stm32wlxx.h:149:38: warning: compound assignment with 'volatile'-qualified left operand is deprecated [-Wvolatile]
  149 | #define CLEAR_BIT(REG, BIT)   ((REG) &= ~(BIT))
      |                                ~~~~~~^~~~~~~~~
d:\mereni_hladiy\drivers\stm32wlxx_hal_driver\inc\stm32wlxx_ll_system.h:1372:3: note: in expansion of macro 'CLEAR_BIT'
 1372 |   CLEAR_BIT(DBGMCU->C2APB1FZR2, Periphs);
      |   ^~~~~~~~~
d:\mereni_hladiy\drivers\stm32wlxx_hal_driver\inc\stm32wlxx_ll_system.h: In function 'void LL_DBGMCU_APB2_GRP1_FreezePeriph(uint32_t)':
d:\mereni_hladiy\drivers\cmsis\device\st\stm32wlxx\include\stm32wlxx.h:147:38: warning: compound assignment with 'volatile'-qualified left operand is deprecated [-Wvolatile]
  147 | #define SET_BIT(REG, BIT)     ((REG) |= (BIT))
      |                                ~~~~~~^~~~~~~~
d:\mereni_hladiy\drivers\stm32wlxx_hal_driver\inc\stm32wlxx_ll_system.h:1387:3: note: in expansion of macro 'SET_BIT'
 1387 |   SET_BIT(DBGMCU->APB2FZR, Periphs);
      |   ^~~~~~~
d:\mereni_hladiy\drivers\stm32wlxx_hal_driver\inc\stm32wlxx_ll_system.h: In function 'void LL_C2_DBGMCU_APB2_GRP1_FreezePeriph(uint32_t)':
d:\mereni_hladiy\drivers\cmsis\device\st\stm32wlxx\include\stm32wlxx.h:147:38: warning: compound assignment with 'volatile'-qualified left operand is deprecated [-Wvolatile]
  147 | #define SET_BIT(REG, BIT)     ((REG) |= (BIT))
      |                                ~~~~~~^~~~~~~~
d:\mereni_hladiy\drivers\stm32wlxx_hal_driver\inc\stm32wlxx_ll_system.h:1402:3: note: in expansion of macro 'SET_BIT'
 1402 |   SET_BIT(DBGMCU->C2APB2FZR, Periphs);
      |   ^~~~~~~
d:\mereni_hladiy\drivers\stm32wlxx_hal_driver\inc\stm32wlxx_ll_system.h: In function 'void LL_DBGMCU_APB2_GRP1_UnFreezePeriph(uint32_t)':
d:\mereni_hladiy\drivers\cmsis\device\st\stm32wlxx\include\stm32wlxx.h:149:38: warning: compound assignment with 'volatile'-qualified left operand is deprecated [-Wvolatile]
  149 | #define CLEAR_BIT(REG, BIT)   ((REG) &= ~(BIT))
      |                                ~~~~~~^~~~~~~~~
d:\mereni_hladiy\drivers\stm32wlxx_hal_driver\inc\stm32wlxx_ll_system.h:1417:3: note: in expansion of macro 'CLEAR_BIT'
 1417 |   CLEAR_BIT(DBGMCU->APB2FZR, Periphs);
      |   ^~~~~~~~~
d:\mereni_hladiy\drivers\stm32wlxx_hal_driver\inc\stm32wlxx_ll_system.h: In function 'void LL_C2_DBGMCU_APB2_GRP1_UnFreezePeriph(uint32_t)':
d:\mereni_hladiy\drivers\cmsis\device\st\stm32wlxx\include\stm32wlxx.h:149:38: warning: compound assignment with 'volatile'-qualified left operand is deprecated [-Wvolatile]
  149 | #define CLEAR_BIT(REG, BIT)   ((REG) &= ~(BIT))
      |                                ~~~~~~^~~~~~~~~
d:\mereni_hladiy\drivers\stm32wlxx_hal_driver\inc\stm32wlxx_ll_system.h:1432:3: note: in expansion of macro 'CLEAR_BIT'
 1432 |   CLEAR_BIT(DBGMCU->C2APB2FZR, Periphs);
      |   ^~~~~~~~~
d:\mereni_hladiy\drivers\stm32wlxx_hal_driver\inc\stm32wlxx_ll_system.h: In function 'void LL_VREFBUF_Enable()':
d:\mereni_hladiy\drivers\cmsis\device\st\stm32wlxx\include\stm32wlxx.h:147:38: warning: compound assignment with 'volatile'-qualified left operand is deprecated [-Wvolatile]
  147 | #define SET_BIT(REG, BIT)     ((REG) |= (BIT))
      |                                ~~~~~~^~~~~~~~
d:\mereni_hladiy\drivers\stm32wlxx_hal_driver\inc\stm32wlxx_ll_system.h:1453:3: note: in expansion of macro 'SET_BIT'
 1453 |   SET_BIT(VREFBUF->CSR, VREFBUF_CSR_ENVR);
      |   ^~~~~~~
d:\mereni_hladiy\drivers\stm32wlxx_hal_driver\inc\stm32wlxx_ll_system.h: In function 'void LL_VREFBUF_Disable()':
d:\mereni_hladiy\drivers\cmsis\device\st\stm32wlxx\include\stm32wlxx.h:149:38: warning: compound assignment with 'volatile'-qualified left operand is deprecated [-Wvolatile]
  149 | #define CLEAR_BIT(REG, BIT)   ((REG) &= ~(BIT))
      |                                ~~~~~~^~~~~~~~~
d:\mereni_hladiy\drivers\stm32wlxx_hal_driver\inc\stm32wlxx_ll_system.h:1463:3: note: in expansion of macro 'CLEAR_BIT'
 1463 |   CLEAR_BIT(VREFBUF->CSR, VREFBUF_CSR_ENVR);
      |   ^~~~~~~~~
d:\mereni_hladiy\drivers\stm32wlxx_hal_driver\inc\stm32wlxx_ll_system.h: In function 'void LL_VREFBUF_EnableHIZ()':
d:\mereni_hladiy\drivers\cmsis\device\st\stm32wlxx\include\stm32wlxx.h:147:38: warning: compound assignment with 'volatile'-qualified left operand is deprecated [-Wvolatile]
  147 | #define SET_BIT(REG, BIT)     ((REG) |= (BIT))
      |                                ~~~~~~^~~~~~~~
d:\mereni_hladiy\drivers\stm32wlxx_hal_driver\inc\stm32wlxx_ll_system.h:1473:3: note: in expansion of macro 'SET_BIT'
 1473 |   SET_BIT(VREFBUF->CSR, VREFBUF_CSR_HIZ);
      |   ^~~~~~~
d:\mereni_hladiy\drivers\stm32wlxx_hal_driver\inc\stm32wlxx_ll_system.h: In function 'void LL_VREFBUF_DisableHIZ()':
d:\mereni_hladiy\drivers\cmsis\device\st\stm32wlxx\include\stm32wlxx.h:149:38: warning: compound assignment with 'volatile'-qualified left operand is deprecated [-Wvolatile]
  149 | #define CLEAR_BIT(REG, BIT)   ((REG) &= ~(BIT))
      |                                ~~~~~~^~~~~~~~~
d:\mereni_hladiy\drivers\stm32wlxx_hal_driver\inc\stm32wlxx_ll_system.h:1483:3: note: in expansion of macro 'CLEAR_BIT'
 1483 |   CLEAR_BIT(VREFBUF->CSR, VREFBUF_CSR_HIZ);
      |   ^~~~~~~~~
d:\mereni_hladiy\drivers\stm32wlxx_hal_driver\inc\stm32wlxx_ll_system.h: In function 'void LL_FLASH_EnablePrefetch()':
d:\mereni_hladiy\drivers\cmsis\device\st\stm32wlxx\include\stm32wlxx.h:147:38: warning: compound assignment with 'volatile'-qualified left operand is deprecated [-Wvolatile]
  147 | #define SET_BIT(REG, BIT)     ((REG) |= (BIT))
      |                                ~~~~~~^~~~~~~~
d:\mereni_hladiy\drivers\stm32wlxx_hal_driver\inc\stm32wlxx_ll_system.h:1611:3: note: in expansion of macro 'SET_BIT'
 1611 |   SET_BIT(FLASH->ACR, FLASH_ACR_PRFTEN);
      |   ^~~~~~~
d:\mereni_hladiy\drivers\stm32wlxx_hal_driver\inc\stm32wlxx_ll_system.h: In function 'void LL_FLASH_DisablePrefetch()':
d:\mereni_hladiy\drivers\cmsis\device\st\stm32wlxx\include\stm32wlxx.h:149:38: warning: compound assignment with 'volatile'-qualified left operand is deprecated [-Wvolatile]
  149 | #define CLEAR_BIT(REG, BIT)   ((REG) &= ~(BIT))
      |                                ~~~~~~^~~~~~~~~
d:\mereni_hladiy\drivers\stm32wlxx_hal_driver\inc\stm32wlxx_ll_system.h:1626:3: note: in expansion of macro 'CLEAR_BIT'
 1626 |   CLEAR_BIT(FLASH->ACR, FLASH_ACR_PRFTEN);
      |   ^~~~~~~~~
d:\mereni_hladiy\drivers\stm32wlxx_hal_driver\inc\stm32wlxx_ll_system.h: In function 'void LL_FLASH_EnableInstCache()':
d:\mereni_hladiy\drivers\cmsis\device\st\stm32wlxx\include\stm32wlxx.h:147:38: warning: compound assignment with 'volatile'-qualified left operand is deprecated [-Wvolatile]
  147 | #define SET_BIT(REG, BIT)     ((REG) |= (BIT))
      |                                ~~~~~~^~~~~~~~
d:\mereni_hladiy\drivers\stm32wlxx_hal_driver\inc\stm32wlxx_ll_system.h:1656:3: note: in expansion of macro 'SET_BIT'
 1656 |   SET_BIT(FLASH->ACR, FLASH_ACR_ICEN);
      |   ^~~~~~~
d:\mereni_hladiy\drivers\stm32wlxx_hal_driver\inc\stm32wlxx_ll_system.h: In function 'void LL_FLASH_DisableInstCache()':
d:\mereni_hladiy\drivers\cmsis\device\st\stm32wlxx\include\stm32wlxx.h:149:38: warning: compound assignment with 'volatile'-qualified left operand is deprecated [-Wvolatile]
  149 | #define CLEAR_BIT(REG, BIT)   ((REG) &= ~(BIT))
      |                                ~~~~~~^~~~~~~~~
d:\mereni_hladiy\drivers\stm32wlxx_hal_driver\inc\stm32wlxx_ll_system.h:1671:3: note: in expansion of macro 'CLEAR_BIT'
 1671 |   CLEAR_BIT(FLASH->ACR, FLASH_ACR_ICEN);
      |   ^~~~~~~~~
d:\mereni_hladiy\drivers\stm32wlxx_hal_driver\inc\stm32wlxx_ll_system.h: In function 'void LL_FLASH_EnableDataCache()':
d:\mereni_hladiy\drivers\cmsis\device\st\stm32wlxx\include\stm32wlxx.h:147:38: warning: compound assignment with 'volatile'-qualified left operand is deprecated [-Wvolatile]
  147 | #define SET_BIT(REG, BIT)     ((REG) |= (BIT))
      |                                ~~~~~~^~~~~~~~
d:\mereni_hladiy\drivers\stm32wlxx_hal_driver\inc\stm32wlxx_ll_system.h:1684:3: note: in expansion of macro 'SET_BIT'
 1684 |   SET_BIT(FLASH->ACR, FLASH_ACR_DCEN);
      |   ^~~~~~~
d:\mereni_hladiy\drivers\stm32wlxx_hal_driver\inc\stm32wlxx_ll_system.h: In function 'void LL_FLASH_DisableDataCache()':
d:\mereni_hladiy\drivers\cmsis\device\st\stm32wlxx\include\stm32wlxx.h:149:38: warning: compound assignment with 'volatile'-qualified left operand is deprecated [-Wvolatile]
  149 | #define CLEAR_BIT(REG, BIT)   ((REG) &= ~(BIT))
      |                                ~~~~~~^~~~~~~~~
d:\mereni_hladiy\drivers\stm32wlxx_hal_driver\inc\stm32wlxx_ll_system.h:1694:3: note: in expansion of macro 'CLEAR_BIT'
 1694 |   CLEAR_BIT(FLASH->ACR, FLASH_ACR_DCEN);
      |   ^~~~~~~~~
d:\mereni_hladiy\drivers\stm32wlxx_hal_driver\inc\stm32wlxx_ll_system.h: In function 'void LL_FLASH_EnableInstCacheReset()':
d:\mereni_hladiy\drivers\cmsis\device\st\stm32wlxx\include\stm32wlxx.h:147:38: warning: compound assignment with 'volatile'-qualified left operand is deprecated [-Wvolatile]
  147 | #define SET_BIT(REG, BIT)     ((REG) |= (BIT))
      |                                ~~~~~~^~~~~~~~
d:\mereni_hladiy\drivers\stm32wlxx_hal_driver\inc\stm32wlxx_ll_system.h:1710:3: note: in expansion of macro 'SET_BIT'
 1710 |   SET_BIT(FLASH->ACR, FLASH_ACR_ICRST);
      |   ^~~~~~~
d:\mereni_hladiy\drivers\stm32wlxx_hal_driver\inc\stm32wlxx_ll_system.h: In function 'void LL_FLASH_DisableInstCacheReset()':
d:\mereni_hladiy\drivers\cmsis\device\st\stm32wlxx\include\stm32wlxx.h:149:38: warning: compound assignment with 'volatile'-qualified left operand is deprecated [-Wvolatile]
  149 | #define CLEAR_BIT(REG, BIT)   ((REG) &= ~(BIT))
      |                                ~~~~~~^~~~~~~~~
d:\mereni_hladiy\drivers\stm32wlxx_hal_driver\inc\stm32wlxx_ll_system.h:1725:3: note: in expansion of macro 'CLEAR_BIT'
 1725 |   CLEAR_BIT(FLASH->ACR, FLASH_ACR_ICRST);
      |   ^~~~~~~~~
d:\mereni_hladiy\drivers\stm32wlxx_hal_driver\inc\stm32wlxx_ll_system.h: In function 'void LL_FLASH_EnableDataCacheReset()':
d:\mereni_hladiy\drivers\cmsis\device\st\stm32wlxx\include\stm32wlxx.h:147:38: warning: compound assignment with 'volatile'-qualified left operand is deprecated [-Wvolatile]
  147 | #define SET_BIT(REG, BIT)     ((REG) |= (BIT))
      |                                ~~~~~~^~~~~~~~
d:\mereni_hladiy\drivers\stm32wlxx_hal_driver\inc\stm32wlxx_ll_system.h:1739:3: note: in expansion of macro 'SET_BIT'
 1739 |   SET_BIT(FLASH->ACR, FLASH_ACR_DCRST);
      |   ^~~~~~~
d:\mereni_hladiy\drivers\stm32wlxx_hal_driver\inc\stm32wlxx_ll_system.h: In function 'void LL_FLASH_DisableDataCacheReset()':
d:\mereni_hladiy\drivers\cmsis\device\st\stm32wlxx\include\stm32wlxx.h:149:38: warning: compound assignment with 'volatile'-qualified left operand is deprecated [-Wvolatile]
  149 | #define CLEAR_BIT(REG, BIT)   ((REG) &= ~(BIT))
      |                                ~~~~~~^~~~~~~~~
d:\mereni_hladiy\drivers\stm32wlxx_hal_driver\inc\stm32wlxx_ll_system.h:1749:3: note: in expansion of macro 'CLEAR_BIT'
 1749 |   CLEAR_BIT(FLASH->ACR, FLASH_ACR_DCRST);
      |   ^~~~~~~~~
d:\mereni_hladiy\drivers\stm32wlxx_hal_driver\inc\stm32wlxx_ll_system.h: In function 'void LL_FLASH_SuspendOperation()':
d:\mereni_hladiy\drivers\cmsis\device\st\stm32wlxx\include\stm32wlxx.h:147:38: warning: compound assignment with 'volatile'-qualified left operand is deprecated [-Wvolatile]
  147 | #define SET_BIT(REG, BIT)     ((REG) |= (BIT))
      |                                ~~~~~~^~~~~~~~
d:\mereni_hladiy\drivers\stm32wlxx_hal_driver\inc\stm32wlxx_ll_system.h:1769:3: note: in expansion of macro 'SET_BIT'
 1769 |   SET_BIT(FLASH->ACR, FLASH_ACR_PES);
      |   ^~~~~~~
d:\mereni_hladiy\drivers\stm32wlxx_hal_driver\inc\stm32wlxx_ll_system.h: In function 'void LL_FLASH_AllowOperation()':
d:\mereni_hladiy\drivers\cmsis\device\st\stm32wlxx\include\stm32wlxx.h:149:38: warning: compound assignment with 'volatile'-qualified left operand is deprecated [-Wvolatile]
  149 | #define CLEAR_BIT(REG, BIT)   ((REG) &= ~(BIT))
      |                                ~~~~~~^~~~~~~~~
d:\mereni_hladiy\drivers\stm32wlxx_hal_driver\inc\stm32wlxx_ll_system.h:1789:3: note: in expansion of macro 'CLEAR_BIT'
 1789 |   CLEAR_BIT(FLASH->ACR, FLASH_ACR_PES);
      |   ^~~~~~~~~
d:\mereni_hladiy\drivers\stm32wlxx_hal_driver\inc\stm32wlxx_ll_system.h: In function 'void LL_FLASH_SetEmptyFlag()':
d:\mereni_hladiy\drivers\cmsis\device\st\stm32wlxx\include\stm32wlxx.h:147:38: warning: compound assignment with 'volatile'-qualified left operand is deprecated [-Wvolatile]
  147 | #define SET_BIT(REG, BIT)     ((REG) |= (BIT))
      |                                ~~~~~~^~~~~~~~
d:\mereni_hladiy\drivers\stm32wlxx_hal_driver\inc\stm32wlxx_ll_system.h:1830:3: note: in expansion of macro 'SET_BIT'
 1830 |   SET_BIT(FLASH->ACR, FLASH_ACR_EMPTY);
      |   ^~~~~~~
d:\mereni_hladiy\drivers\stm32wlxx_hal_driver\inc\stm32wlxx_ll_system.h: In function 'void LL_FLASH_ClearEmptyFlag()':
d:\mereni_hladiy\drivers\cmsis\device\st\stm32wlxx\include\stm32wlxx.h:149:38: warning: compound assignment with 'volatile'-qualified left operand is deprecated [-Wvolatile]
  149 | #define CLEAR_BIT(REG, BIT)   ((REG) &= ~(BIT))
      |                                ~~~~~~^~~~~~~~~
d:\mereni_hladiy\drivers\stm32wlxx_hal_driver\inc\stm32wlxx_ll_system.h:1840:3: note: in expansion of macro 'CLEAR_BIT'
 1840 |   CLEAR_BIT(FLASH->ACR, FLASH_ACR_EMPTY);
      |   ^~~~~~~~~
D:/Mereni_hladiy/App/Packet.cpp: In member function 'bool Packet::CreatePacket(Packet::PacketType, std::vector<unsigned char>&)':
D:/Mereni_hladiy/App/Packet.cpp:67:37: error: cannot bind non-const lvalue reference of type 'short unsigned int&' to an rvalue of type 'uint16_t' {aka 'short unsigned int'}
   67 |    std::ranges::copy(GetAsByteArray(static_cast<uint16_t>(crc)), CRC_data.begin()); // Copy CRC16 to packet
      |                                     ^~~~~~~~~~~~~~~~~~~~~~~~~~
D:/Mereni_hladiy/App/Packet.cpp:14:34: note:   initializing argument 1 of 'auto GetAsByteArray(auto:16&) [with auto:16 = short unsigned int]'
   14 | static auto GetAsByteArray(auto& data) { return std::span{reinterpret_cast<uint8_t*>(&data), sizeof(data)}; }
      |                            ~~~~~~^~~~
ninja: build stopped: subcommand failed.
